ARGS Namespace(new_tokens=128, repeat=10, batch_size=10, gen_temp=0.3, select_crit='judge-docstring-docstring', few_shot=0, timeout=30, sim_match='sentence-transformer')
########## HYPERPARAMETERS ##########
NEW_TOKENS: 128
REPEAT: 10
BATCH_SIZE: 10
GEN_TEMP: 0.3
TIMEOUT: 30
SELECT_CRITERIA: judge-docstring-docstring
FEW_SHOT 0
DOCSYNTH: mistralai/Mistral-7B-Instruct-v0.1
GENERATOR: Salesforce/codegen2-7B



!!!!!!!!!!!!! Evaluating Question 0 !!!!!!!!!!!!!
##### Intended Docstring #####
 Check if in given list of numbers, are any two numbers closer to each other than
given threshold.
>>> has_close_elements([1.0, 2.0, 3.0], 0.5)
False
>>> has_close_elements([1.0, 2.8, 3.0, 4.0, 5.0, 2.0], 0.3)
True

##### Global Docstring Example #####
The program checks if a list of numbers has a difference of less than a specified threshold between any two consecutive elements. If the list has less than 2 elements, the program returns False. Otherwise, it iterates through the list and checks if the absolute difference between any two consecutive elements is less than the threshold. If such a difference is found, the program returns True. If no such difference is found, the program returns False.
POSITIVE
[tensor(0.2257), tensor(0.2257), tensor(0.2856), tensor(0.2856), tensor(0.2856), tensor(0.2856), tensor(0.2257), tensor(0.2856), tensor(0.2856), tensor(0.2257)]



!!!!!!!!!!!!! Evaluating Question 1 !!!!!!!!!!!!!
##### Intended Docstring #####
 Input to this function is a string containing multiple groups of nested parentheses. Your goal is to
separate those group into separate strings and return the list of those.
Separate groups are balanced (each open brace is properly closed) and not nested within each other
Ignore any spaces in the input string.
>>> separate_paren_groups('( ) (( )) (( )( ))')
['()', '(())', '(()())']

##### Global Docstring Example #####
The program is a string manipulation function that replaces certain characters in a string with their corresponding escaped versions. Specifically, it replaces spaces with an empty string, left parentheses with an opening parenthesis and a space, right parentheses with a closing parenthesis and a space, and closing parentheses with a closing parenthesis. The resulting string is returned.
POSITIVE
[tensor(0.2832), tensor(0.1872), tensor(0.1713), tensor(0.1872), tensor(0.1713), tensor(0.4165), tensor(0.1713), tensor(0.1713), tensor(0.3468), tensor(0.1713)]



!!!!!!!!!!!!! Evaluating Question 2 !!!!!!!!!!!!!
##### Intended Docstring #####
 Given a positive floating point number, it can be decomposed into
and integer part (largest integer smaller than given number) and decimals
(leftover part always smaller than 1).

Return the decimal part of the number.
>>> truncate_number(3.5)
0.5

##### Global Docstring Example #####
The program `return math.trunc(number)` is a function that takes a single argument `number` and returns the integer value of the number rounded down to the nearest whole number using the `math.trunc()` function from the Python standard library's `math` module.
POSITIVE
[tensor(0.1418), tensor(0.1937), tensor(0.1418), tensor(0.0389), tensor(0.2192), tensor(0.1418), tensor(0.2192), tensor(0.1418), tensor(0.1418), tensor(0.2192)]



!!!!!!!!!!!!! Evaluating Question 3 !!!!!!!!!!!!!
##### Intended Docstring #####
 You're given a list of deposit and withdrawal operations on a bank account that starts with
zero balance. Your task is to detect if at any point the balance of account fallls below zero, and
at that point function should return True. Otherwise it should return False.
>>> below_zero([1, 2, 3])
False
>>> below_zero([1, 2, -4, 5])
True

##### Global Docstring Example #####
This program takes a list of operations and checks if any of them are less than 0. If any operation is less than 0, the program returns True. Otherwise, it returns False.
POSITIVE
[tensor(0.3020), tensor(0.3217), tensor(0.1820), tensor(0.3020), tensor(0.3020), tensor(0.3217), tensor(0.2669), tensor(0.3020), tensor(0.3217), tensor(0.2244)]



!!!!!!!!!!!!! Evaluating Question 4 !!!!!!!!!!!!!
##### Intended Docstring #####
 For a given list of input numbers, calculate Mean Absolute Deviation
around the mean of this dataset.
Mean Absolute Deviation is the average absolute difference between each
element and a centerpoint (mean in this case):
MAD = average | x - x_mean |
>>> mean_absolute_deviation([1.0, 2.0, 3.0, 4.0])
1.0

##### Global Docstring Example #####
The program calculates the average absolute difference between each number in a list and the first number in the list. If the list is empty, it returns 0.0.
POSITIVE
[tensor(0.3441), tensor(0.5493), tensor(0.5570), tensor(0.5571), tensor(0.5800), tensor(0.5493), tensor(0.5299), tensor(0.5571), tensor(0.5800), tensor(0.3512)]



!!!!!!!!!!!!! Evaluating Question 5 !!!!!!!!!!!!!
##### Intended Docstring #####
 Insert a number 'delimeter' between every two consecutive elements of input list `numbers'
>>> intersperse([], 4)
[]
>>> intersperse([1, 2, 3], 4)
[1, 4, 2, 4, 3]

##### Global Docstring Example #####
The program takes a list of numbers and returns a string that concatenates the numbers with a specified delimiter. The delimiter is added at the beginning and end of the string.
POSITIVE
[tensor(0.2650), tensor(0.2650), tensor(0.2650), tensor(0.3065), tensor(0.2302), tensor(0.3476), tensor(0.2302), tensor(0.2443), tensor(0.2650), tensor(0.2650)]



!!!!!!!!!!!!! Evaluating Question 6 !!!!!!!!!!!!!
##### Intended Docstring #####
 Input to this function is a string represented multiple groups for nested parentheses separated by spaces.
For each of the group, output the deepest level of nesting of parentheses.
E.g. (()()) has maximum two levels of nesting while ((())) has three.

>>> parse_nested_parens('(()()) ((())) () ((())()())')
[2, 3, 1, 3]

##### Global Docstring Example #####
The program takes a string as input and returns a list of the number of parentheses in each substring of the string. It does this by splitting the string into a list of substrings using spaces as the delimiter, then splitting each substring using parentheses as the delimiter. The length of each resulting substring is then returned as a list.
POSITIVE
[tensor(0.2833), tensor(0.2833), tensor(0.2087), tensor(0.2061), tensor(0.2220), tensor(0.4020), tensor(0.3510), tensor(0.0854), tensor(0.2089), tensor(0.0545)]



!!!!!!!!!!!!! Evaluating Question 7 !!!!!!!!!!!!!
##### Intended Docstring #####
 Filter an input list of strings only for ones that contain given substring
>>> filter_by_substring([], 'a')
[]
>>> filter_by_substring(['abc', 'bacd', 'cde', 'array'], 'a')
['abc', 'bacd', 'array']

##### Global Docstring Example #####
The program is a filter that searches for a specified substring within a list of strings and returns a new list containing only the strings that contain the substring.
POSITIVE
[tensor(0.4708), tensor(0.4708), tensor(0.4708), tensor(0.4708), tensor(0.4708), tensor(0.4708), tensor(0.4708), tensor(0.4708), tensor(0.4708), tensor(0.4708)]
Correct!



!!!!!!!!!!!!! Evaluating Question 8 !!!!!!!!!!!!!
##### Intended Docstring #####
 For a given list of integers, return a tuple consisting of a sum and a product of all the integers in a list.
Empty sum should be equal to 0 and empty product should be equal to 1.
>>> sum_product([])
(0, 1)
>>> sum_product([1, 2, 3, 4])
(10, 24)

##### Global Docstring Example #####
This program calculates the sum and product of a list of numbers. It initializes two variables, sum\_ and product, to 0. It then iterates through each number in the list and adds the number to the sum and multiplies it by the product. Finally, it returns the sum and product.
POSITIVE
[tensor(0.4833), tensor(0.4833), tensor(0.5379), tensor(0.5456), tensor(0.4833), tensor(0.5302), tensor(0.5494), tensor(0.4833), tensor(0.5494), tensor(0.4833)]



!!!!!!!!!!!!! Evaluating Question 9 !!!!!!!!!!!!!
##### Intended Docstring #####
 From a given list of integers, generate a list of rolling maximum element found until given moment
in the sequence.
>>> rolling_max([1, 2, 3, 2, 3, 4, 2])
[1, 2, 3, 3, 3, 4, 4]

##### Global Docstring Example #####
The program is a simple algorithm that finds the maximum value in a list of numbers and returns it as a list. It initializes the maximum value to the first number in the list and then iterates through the rest of the numbers in the list. If a number is greater than the current maximum value, it updates the maximum value and appends it to the list. If a number is not greater than the current maximum value, it simply appends the current maximum value to the list. At the end of the loop, the program returns the list containing the maximum value.
POSITIVE
[tensor(0.2358), tensor(0.2193), tensor(0.1467), tensor(0.2531), tensor(0.2560), tensor(0.2650), tensor(0.1866), tensor(0.1750), tensor(0.2024), tensor(0.2193)]



!!!!!!!!!!!!! Evaluating Question 10 !!!!!!!!!!!!!
##### Intended Docstring #####
 Test if given string is a palindrome 
##### Global Docstring Example #####
The program takes a string as input and returns the longest postfix of a palindrome that can be formed from the string. It does this by first finding the longest palindrome that can be formed from the string, and then taking the reverse of the longest palindrome's suffix. The resulting string is then concatenated to the original string and returned.
POSITIVE
[tensor(0.0874), tensor(0.1219), tensor(0.0588), tensor(0.1627), tensor(0.1372), tensor(0.0476), tensor(0.1627), tensor(0.0588), tensor(0.1219), tensor(0.0489)]



!!!!!!!!!!!!! Evaluating Question 11 !!!!!!!!!!!!!
##### Intended Docstring #####
 Input are two strings a and b consisting only of 1s and 0s.
Perform binary XOR on these inputs and return result also as a string.
>>> string_xor('010', '110')
'100'

##### Global Docstring Example #####
The program takes two input sequences `a` and `b`, and returns a new sequence `c` where each element of `c` is the XOR of the corresponding elements of `a` and `b`. The XOR operation is performed using the bitwise XOR operator `^`, which returns 0 if the corresponding bits in the operands are the same, and 1 otherwise. The resulting sequence `c` is returned as a string.
POSITIVE
[tensor(0.3835), tensor(0.3910), tensor(0.3910), tensor(0.3910), tensor(0.3910), tensor(0.3910), tensor(0.4060), tensor(0.3910), tensor(0.3835), tensor(0.3910)]



!!!!!!!!!!!!! Evaluating Question 12 !!!!!!!!!!!!!
##### Intended Docstring #####
 Out of list of strings, return the longest one. Return the first one in case of multiple
strings of the same length. Return None in case the input list is empty.
>>> longest([])

>>> longest(['a', 'b', 'c'])
'a'
>>> longest(['a', 'bb', 'ccc'])
'ccc'

##### Global Docstring Example #####
This program takes a list of strings as input and returns the longest string in the list. If the list is empty, it returns None.
POSITIVE
[tensor(0.4132), tensor(0.4132), tensor(0.4208), tensor(0.4132), tensor(0.3908), tensor(0.4439), tensor(0.4132), tensor(0.4132), tensor(0.4363), tensor(0.4132)]
Correct!



!!!!!!!!!!!!! Evaluating Question 13 !!!!!!!!!!!!!
##### Intended Docstring #####
 Return a greatest common divisor of two integers a and b
>>> greatest_common_divisor(3, 5)
1
>>> greatest_common_divisor(25, 15)
5

##### Global Docstring Example #####
The program is a simple implementation of the Euclidean algorithm, which is used to find the greatest common divisor (GCD) of two integers. The program takes two integers as input and returns their GCD. It does this by repeatedly replacing the larger of the two numbers with its remainder when divided by the smaller of the two numbers until the smaller number becomes zero. At that point, the GCD is the value of the larger number.
POSITIVE
[tensor(0.5030), tensor(0.4179), tensor(0.0460), tensor(0.4796), tensor(0.4179), tensor(0.5030), tensor(0.5030), tensor(0.5030), tensor(0.5030), tensor(0.4140)]
Correct!



!!!!!!!!!!!!! Evaluating Question 14 !!!!!!!!!!!!!
##### Intended Docstring #####
 Return list of all prefixes from shortest to longest of the input string
>>> all_prefixes('abc')
['a', 'ab', 'abc']

##### Global Docstring Example #####
The program takes a string as input and returns a list of all substrings of the string, up to and including the i-th character. The substrings are returned in the order they appear in the string.
POSITIVE
[tensor(0.2932), tensor(0.2932), tensor(0.2471), tensor(0.2471), tensor(0.2500), tensor(0.2471), tensor(0.2932), tensor(0.2471), tensor(0.2471), tensor(0.2471)]



!!!!!!!!!!!!! Evaluating Question 15 !!!!!!!!!!!!!
##### Intended Docstring #####
 Return a string containing space-delimited numbers starting from 0 upto n inclusive.
>>> string_sequence(0)
'0'
>>> string_sequence(5)
'0 1 2 3 4 5'

##### Global Docstring Example #####
The program takes an integer `n` as input and returns a string representation of the numbers 0 to `n-1`. It does this by iterating over the range of numbers from 0 to `n-1`, converting each number to a string using the `str()` function, and then joining the strings together using the `join()` method. The resulting string is returned as output.
POSITIVE
[tensor(0.3441), tensor(0.2870), tensor(0.3656), tensor(0.3441), tensor(0.3656), tensor(0.3441), tensor(0.2870), tensor(0.3441), tensor(0.2870), tensor(0.3441)]



!!!!!!!!!!!!! Evaluating Question 16 !!!!!!!!!!!!!
##### Intended Docstring #####
 Given a string, find out how many distinct characters (regardless of case) does it consist of
>>> count_distinct_characters('xyzXYZ')
3
>>> count_distinct_characters('Jerry')
4

##### Global Docstring Example #####
The program calculates the length of a string by removing any duplicate characters and counting the remaining unique characters. It does this by converting the input string to a set, which automatically removes any duplicate values, and then using the len() function to count the number of elements in the set. The resulting length is returned as output.
POSITIVE
[tensor(0.4289), tensor(0.4289), tensor(0.4289), tensor(0.4289), tensor(0.4289), tensor(0.4289), tensor(0.4289), tensor(0.4289), tensor(0.4289), tensor(0.4289)]



!!!!!!!!!!!!! Evaluating Question 17 !!!!!!!!!!!!!
##### Intended Docstring #####
 Input to this function is a string representing musical notes in a special ASCII format.
Your task is to parse this string and return list of integers corresponding to how many beats does each
not last.

Here is a legend:
'o' - whole note, lasts four beats
'o|' - half note, lasts two beats
'.|' - quater note, lasts one beat

>>> parse_music('o o| .| o| o| .| .| .| .| o o')
[4, 2, 1, 2, 2, 1, 1, 1, 1, 4, 4]

##### Global Docstring Example #####
This program takes a string of musical notes and parses them into a list of integers representing the notes' values. The program uses a simple mapping of notes to their corresponding values: 'o' maps to 4, 'o|' maps to 2, and '.' maps to 1. Any other note is not recognized and raises a ValueError.
POSITIVE
[tensor(0.4627), tensor(0.3158), tensor(0.3647), tensor(0.2382), tensor(0.3158), tensor(0.4281), tensor(0.4281), tensor(0.2675), tensor(0.5058), tensor(0.4273)]



!!!!!!!!!!!!! Evaluating Question 18 !!!!!!!!!!!!!
##### Intended Docstring #####
 Find how many times a given substring can be found in the original string. Count overlaping cases.
>>> how_many_times('', 'a')
0
>>> how_many_times('aaa', 'a')
3
>>> how_many_times('aaaa', 'aa')
3

##### Global Docstring Example #####
This program counts the number of occurrences of a substring within a given string. It does this by iterating over all possible substrings of the string, and checking if each substring matches the given substring. If a match is found, the count is incremented. The final count is returned at the end of the program.
POSITIVE
[tensor(0.4512), tensor(0.2024), tensor(0.4512), tensor(0.4512), tensor(0.4512), tensor(0.3945), tensor(0.3945), tensor(0.1961), tensor(0.4512), tensor(0.1961)]
Correct!



!!!!!!!!!!!!! Evaluating Question 19 !!!!!!!!!!!!!
##### Intended Docstring #####
 Input is a space-delimited string of numberals from 'zero' to 'nine'.
Valid choices are 'zero', 'one', 'two', 'three', 'four', 'five', 'six', 'seven', 'eight' and 'nine'.
Return the string with numbers sorted from smallest to largest
>>> sort_numbers('three one five')
'one three five'

##### Global Docstring Example #####
The program takes a list of numbers, splits them into individual elements, sorts them in ascending order, and then joins them back together into a single string. The resulting string is a sorted list of numbers in ascending order.
POSITIVE
[tensor(0.2587), tensor(0.2299), tensor(0.2084), tensor(0.2299), tensor(0.1703), tensor(0.2084), tensor(0.1703), tensor(0.2084), tensor(0.1703), tensor(0.2299)]



!!!!!!!!!!!!! Evaluating Question 20 !!!!!!!!!!!!!
##### Intended Docstring #####
 From a supplied list of numbers (of length at least two) select and return two that are the closest to each
other and return them in order (smaller number, larger number).
>>> find_closest_elements([1.0, 2.0, 3.0, 4.0, 5.0, 2.2])
(2.0, 2.2)
>>> find_closest_elements([1.0, 2.0, 3.0, 4.0, 5.0, 2.0])
(2.0, 2.0)

##### Global Docstring Example #####
This program checks if the length of a list of numbers is less than 2. If it is, it raises a ValueError with the message "The list must contain at least two elements".
POSITIVE
[tensor(0.1803), tensor(0.5411), tensor(0.5216), tensor(0.2773), tensor(0.2036), tensor(0.1616), tensor(0.5100), tensor(0.5644), tensor(0.2165), tensor(0.5758)]



!!!!!!!!!!!!! Evaluating Question 21 !!!!!!!!!!!!!
##### Intended Docstring #####
 Given list of numbers (of at least two elements), apply a linear transform to that list,
such that the smallest number will become 0 and the largest will become 1
>>> rescale_to_unit([1.0, 2.0, 3.0, 4.0, 5.0])
[0.0, 0.25, 0.5, 0.75, 1.0]

##### Global Docstring Example #####
This program takes a list of numbers as input and returns a new list of numbers where each element is the quotient of the input number divided by the maximum number in the list.
POSITIVE
[tensor(0.1727), tensor(0.2414), tensor(0.1554), tensor(0.0883), tensor(0.1546), tensor(0.1554), tensor(0.0847), tensor(0.1554), tensor(0.1534), tensor(0.1554)]



!!!!!!!!!!!!! Evaluating Question 22 !!!!!!!!!!!!!
##### Intended Docstring #####
 Filter given list of any python values only for integers
>>> filter_integers(['a', 3.14, 5])
[5]
>>> filter_integers([1, 2, 3, 'abc', {}, []])
[1, 2, 3]

##### Global Docstring Example #####
The program is a filter that takes a list of values and returns a new list containing only the integer values from the original list.
POSITIVE
[tensor(0.2712), tensor(0.2712), tensor(0.2712), tensor(0.2712), tensor(0.2712), tensor(0.2712), tensor(0.4175), tensor(0.2712), tensor(0.4175), tensor(0.2712)]
Correct!



!!!!!!!!!!!!! Evaluating Question 23 !!!!!!!!!!!!!
##### Intended Docstring #####
 Return length of given string
>>> strlen('')
0
>>> strlen('abc')
3

##### Global Docstring Example #####
The program calculates the length of a given string. It takes a string as input and returns the number of characters in the string.
POSITIVE
[tensor(0.3693), tensor(0.3693), tensor(0.3693), tensor(0.3693), tensor(0.3693), tensor(0.3693), tensor(0.3693), tensor(0.3693), tensor(0.3693), tensor(0.3693)]
Correct!



!!!!!!!!!!!!! Evaluating Question 24 !!!!!!!!!!!!!
##### Intended Docstring #####
 For a given number n, find the largest number that divides n evenly, smaller than n
>>> largest_divisor(15)
5

##### Global Docstring Example #####
The program is a simple algorithm that finds the greatest common divisor (GCD) of two integers. It takes an integer `n` as input and returns the GCD of `n` and the integers from 1 to `n-1`. The algorithm works by iterating through all integers from 1 to `n-1`, checking if `n` is divisible by that integer. If it is, the algorithm returns that integer as the GCD. If no integer is divisible by `n`, the algorithm returns `n` as the GCD.
POSITIVE
[tensor(0.3477), tensor(0.3477), tensor(0.3477), tensor(0.2442), tensor(0.3477), tensor(0.3477), tensor(0.2712), tensor(0.3477), tensor(0.3477), tensor(0.3477)]



!!!!!!!!!!!!! Evaluating Question 25 !!!!!!!!!!!!!
##### Intended Docstring #####
 Return list of prime factors of given integer in the order from smallest to largest.
Each of the factors should be listed number of times corresponding to how many times it appeares in factorization.
Input number should be equal to the product of all factors
>>> factorize(8)
[2, 2, 2]
>>> factorize(25)
[5, 5]
>>> factorize(70)
[2, 5, 7]

##### Global Docstring Example #####
The program is a function that takes an integer `n` as input and returns a list of factors of `n`. The function first checks if `n` is less than 2, in which case it returns an empty list. If `n` is greater than or equal to 2, the function initializes an empty list called `factors`. It then loops through all integers from 2 to `n + 1` and checks if `n` is divisible by that integer. If it is, the integer is added to the `factors` list and `n` is divided by that integer. This
POSITIVE
[tensor(0.0917), tensor(0.0778), tensor(0.1379), tensor(0.1131), tensor(0.1254), tensor(0.0860), tensor(0.1011), tensor(0.0860), tensor(0.1379), tensor(0.0778)]



!!!!!!!!!!!!! Evaluating Question 26 !!!!!!!!!!!!!
##### Intended Docstring #####
 From a list of integers, remove all elements that occur more than once.
Keep order of elements left the same as in the input.
>>> remove_duplicates([1, 2, 3, 2, 4])
[1, 3, 4]

##### Global Docstring Example #####
The program takes a list of numbers as input and returns a new list containing only the unique elements from the input list. The unique elements are determined using the set data structure, which automatically removes duplicates. The resulting list is then converted back to a list using the built-in `list()` function.
POSITIVE
[tensor(0.4023), tensor(0.3164), tensor(0.4023), tensor(0.4023), tensor(0.4023), tensor(0.4023), tensor(0.4023), tensor(0.4023), tensor(0.4023), tensor(0.3029)]



!!!!!!!!!!!!! Evaluating Question 27 !!!!!!!!!!!!!
##### Intended Docstring #####
 For a given string, flip lowercase characters to uppercase and uppercase to lowercase.
>>> flip_case('Hello')
'hELLO'

##### Global Docstring Example #####
The `string.swapcase()` function is a built-in Python function that converts all the characters in a string to their uppercase and lowercase versions. It returns a new string with the characters swapped. This function is useful for converting text to a specific case or for formatting text.
POSITIVE
[tensor(0.3476), tensor(0.3476), tensor(0.3476), tensor(0.3476), tensor(0.3476), tensor(0.3476), tensor(0.3476), tensor(0.3476), tensor(0.3476), tensor(0.3476)]
Correct!



!!!!!!!!!!!!! Evaluating Question 28 !!!!!!!!!!!!!
##### Intended Docstring #####
 Concatenate list of strings into a single string
>>> concatenate([])
''
>>> concatenate(['a', 'b', 'c'])
'abc'

##### Global Docstring Example #####
The program takes a list of strings as input and returns a concatenated string by joining all the elements of the list using the join() method. The resulting string is returned as output.
POSITIVE
[tensor(0.4024), tensor(0.4024), tensor(0.4024), tensor(0.4024), tensor(0.4024), tensor(0.4024), tensor(0.4024), tensor(0.4024), tensor(0.4024), tensor(0.4024)]
Correct!



!!!!!!!!!!!!! Evaluating Question 29 !!!!!!!!!!!!!
##### Intended Docstring #####
 Filter an input list of strings only for ones that start with a given prefix.
>>> filter_by_prefix([], 'a')
[]
>>> filter_by_prefix(['abc', 'bcd', 'cde', 'array'], 'a')
['abc', 'array']

##### Global Docstring Example #####
The program is a filter that takes a list of strings and a prefix as input, and returns a new list containing only the strings that start with the given prefix.
POSITIVE
[tensor(0.5061), tensor(0.5061), tensor(0.5061), tensor(0.5061), tensor(0.5061), tensor(0.5061), tensor(0.5061), tensor(0.5061), tensor(0.5061), tensor(0.5061)]
Correct!



!!!!!!!!!!!!! Evaluating Question 30 !!!!!!!!!!!!!
##### Intended Docstring #####
Return only positive numbers in the list.
>>> get_positive([-1, 2, -4, 5, 6])
[2, 5, 6]
>>> get_positive([5, 3, -5, 2, -3, 3, 9, 0, 123, 1, -10])
[5, 3, 2, 3, 9, 123, 1]

##### Global Docstring Example #####
The program takes a list of integers as input and returns a new list containing only the positive integers from the original list.
POSITIVE
[tensor(0.4440), tensor(0.4710), tensor(0.4440), tensor(0.4710), tensor(0.4710), tensor(0.4710), tensor(0.4710), tensor(0.4710), tensor(0.4710), tensor(0.4710)]
Correct!



!!!!!!!!!!!!! Evaluating Question 31 !!!!!!!!!!!!!
##### Intended Docstring #####
Return true if a given number is prime, and false otherwise.
>>> is_prime(6)
False
>>> is_prime(101)
True
>>> is_prime(11)
True
>>> is_prime(13441)
True
>>> is_prime(61)
True
>>> is_prime(4)
False
>>> is_prime(1)
False

##### Global Docstring Example #####
The program checks whether a given integer n is prime or not. It returns True if n is prime, and False otherwise. The program first checks if n is less than 2, in which case it is not prime. If n is 2, it is considered prime. If n is even, it is not prime. If n is not even and its square root is an integer, it checks if n is divisible by any integer from 3 to the square root of n. If n is divisible by any of these integers, it is not prime. If none of these conditions are met, n is considered prime
POSITIVE
[tensor(0.5139), tensor(0.5350), tensor(0.5139), tensor(0.5139), tensor(0.5139), tensor(0.5350), tensor(0.1044), tensor(0.5350), tensor(0.5350), tensor(0.5350)]
Correct!



!!!!!!!!!!!!! Evaluating Question 32 !!!!!!!!!!!!!
##### Intended Docstring #####

Evaluates polynomial with coefficients xs at point x.
return xs[0] + xs[1] * x + xs[1] * x^2 + .... xs[n] * x^n

##### Global Docstring Example #####
This program checks if a given list of coefficients (xs) has an even number of elements. If the number of elements is odd, it raises a ValueError. If the number of elements is even, it searches for the first non-zero coefficient and returns its index. If all coefficients are zero, it also raises a ValueError.
POSITIVE
[tensor(0.0345), tensor(0.0463), tensor(0.1727), tensor(0.0140), tensor(0.1020), tensor(0.1205), tensor(0.0160), tensor(0.0123), tensor(0.0159), tensor(0.0163)]



!!!!!!!!!!!!! Evaluating Question 33 !!!!!!!!!!!!!
##### Intended Docstring #####
This function takes a list l and returns a list l' such that
l' is identical to l in the indicies that are not divisible by three, while its values at the indicies that are divisible by three are equal
to the values of the corresponding indicies of l, but sorted.
>>> sort_third([1, 2, 3])
[1, 2, 3]
>>> sort_third([5, 6, 3, 4, 8, 9, 2])
[2, 6, 3, 4, 8, 9, 5]

##### Global Docstring Example #####
The program is a simple filter that takes a list of integers as input and returns a new list containing only the elements that are divisible by 3. The filter iterates through each element in the input list and checks if it is divisible by 3 using the modulo operator. If the element is divisible by 3, it is appended to a new list called l\_prime. The final list is then returned.
POSITIVE
[tensor(0.2356), tensor(0.2836), tensor(0.2725), tensor(0.3509), tensor(0.3509), tensor(0.2931), tensor(0.3509), tensor(0.2836), tensor(0.2399), tensor(0.2557)]



!!!!!!!!!!!!! Evaluating Question 34 !!!!!!!!!!!!!
##### Intended Docstring #####
Return sorted unique elements in a list
>>> unique([5, 3, 5, 2, 3, 3, 9, 0, 123])
[0, 2, 3, 5, 9, 123]

##### Global Docstring Example #####
The program takes a list of items, removes any duplicates, and returns the sorted list of unique items.
POSITIVE
[tensor(0.3337), tensor(0.3337), tensor(0.3337), tensor(0.3337), tensor(0.3337), tensor(0.3337), tensor(0.3337), tensor(0.1609), tensor(0.3337), tensor(0.3337)]
Correct!



!!!!!!!!!!!!! Evaluating Question 35 !!!!!!!!!!!!!
##### Intended Docstring #####
Return maximum element in the list.
>>> max_element([1, 2, 3])
3
>>> max_element([5, 3, -5, 2, -3, 3, 9, 0, 123, 1, -10])
123

##### Global Docstring Example #####
The program `return max(l)` is a function that takes a list `l` as input and returns the maximum value in the list. The function uses the built-in Python function `max()` to find the maximum value in the list and returns it.
POSITIVE
[tensor(0.4562), tensor(0.4562), tensor(0.4562), tensor(0.4562), tensor(0.4562), tensor(0.4562), tensor(0.4562), tensor(0.4562), tensor(0.4562), tensor(0.4562)]
Correct!



!!!!!!!!!!!!! Evaluating Question 36 !!!!!!!!!!!!!
##### Intended Docstring #####
Return the number of times the digit 7 appears in integers less than n which are divisible by 11 or 13.
>>> fizz_buzz(50)
0
>>> fizz_buzz(78)
2
>>> fizz_buzz(79)
3

##### Global Docstring Example #####
The program calculates the sum of all integers between 1 and n that are divisible by either 7 or 13. It does this by iterating through the range of numbers from 1 to n and checking if each number is divisible by either 7 or 13. If the number is divisible by either 7 or 13, it is added to the sum. The final sum is returned at the end of the program.
POSITIVE
[tensor(0.1408), tensor(0.1408), tensor(0.1255), tensor(0.1041), tensor(0.1204), tensor(0.1408), tensor(0.1408), tensor(0.1204), tensor(0.1408), tensor(0.1180)]



!!!!!!!!!!!!! Evaluating Question 37 !!!!!!!!!!!!!
##### Intended Docstring #####
This function takes a list l and returns a list l' such that
l' is identical to l in the odd indicies, while its values at the even indicies are equal
to the values of the even indicies of l, but sorted.
>>> sort_even([1, 2, 3])
[1, 2, 3]
>>> sort_even([5, 6, 3, 4])
[3, 6, 5, 4]

##### Global Docstring Example #####
The program is a function that takes a list of integers as input and separates the even and odd numbers into two separate lists. The function then returns the concatenation of the sorted even list and the original odd list.
POSITIVE
[tensor(0.3063), tensor(0.3063), tensor(0.1650), tensor(0.1650), tensor(0.2328), tensor(0.1650), tensor(0.3297), tensor(0.1650), tensor(0.3063), tensor(0.1650)]



!!!!!!!!!!!!! Evaluating Question 38 !!!!!!!!!!!!!
##### Intended Docstring #####

returns encoded string by cycling groups of three characters.

##### Global Docstring Example #####
The program is a documentation assistant that summarizes programs. It takes in a program's source code and generates a concise and precise summary of its intent. The summary is meant to provide a high-level overview of the program's functionality, without going into the low-level details of its implementation.
POSITIVE
[tensor(0.0763), tensor(0.0763), tensor(0.0763), tensor(0.0763), tensor(0.0763), tensor(0.0763), tensor(0.0763), tensor(0.0763), tensor(0.0763), tensor(0.0763)]



!!!!!!!!!!!!! Evaluating Question 39 !!!!!!!!!!!!!
##### Intended Docstring #####

prime_fib returns n-th number that is a Fibonacci number and it's also prime.
>>> prime_fib(1)
2
>>> prime_fib(2)
3
>>> prime_fib(3)
5
>>> prime_fib(4)
13
>>> prime_fib(5)
89

##### Global Docstring Example #####
The program is a recursive function that calculates the nth Fibonacci number. It takes an integer n as input and returns the nth Fibonacci number. If n is less than 2, the function returns n. Otherwise, it calls itself with n-1 and n-2 as arguments and adds the results together.
POSITIVE
[tensor(0.0704), tensor(0.2806), tensor(0.0646), tensor(0.0549), tensor(0.0604), tensor(0.0604), tensor(0.0549), tensor(0.0604), tensor(0.0791), tensor(0.0791)]



!!!!!!!!!!!!! Evaluating Question 40 !!!!!!!!!!!!!
##### Intended Docstring #####

triples_sum_to_zero takes a list of integers as an input.
it returns True if there are three distinct elements in the list that
sum to zero, and False otherwise.

>>> triples_sum_to_zero([1, 3, 5, 0])
False
>>> triples_sum_to_zero([1, 3, -2, 1])
True
>>> triples_sum_to_zero([1, 2, 3, 7])
False
>>> triples_sum_to_zero([2, 4, -5, 3, 9, 7])
True
>>> triples_sum_to_zero([1])
False

##### Global Docstring Example #####
The program checks if a list `l` has a length of greater than 2 and if it contains exactly 2 zeros. It does this by checking if the length of the list is greater than 2 and if the count of 0 in the list is equal to 2. Additionally, it checks if the count of 0 in the list is equal to the count of 0 in the list, which is also equal to the count of 0 in the list.
POSITIVE
[tensor(0.0521), tensor(0.0888), tensor(0.3337), tensor(0.2880), tensor(0.0777), tensor(0.3163), tensor(0.2880), tensor(0.2880), tensor(0.1764), tensor(0.0728)]



!!!!!!!!!!!!! Evaluating Question 41 !!!!!!!!!!!!!
##### Intended Docstring #####

Imagine a road that's a perfectly straight infinitely long line.
n cars are driving left to right;  simultaneously, a different set of n cars
are driving right to left.   The two sets of cars start out being very far from
each other.  All cars move in the same speed.  Two cars are said to collide
when a car that's moving left to right hits a car that's moving right to left.
However, the cars are infinitely sturdy and strong; as a result, they continue moving
in their trajectory as if they did not collide.

This function outputs the number of such collisions.

##### Global Docstring Example #####
The program calculates the factorial of a given number n by multiplying n by (n-1) and then dividing the result by 2. The factorial of a number n is the product of all positive integers from 1 to n.
POSITIVE
[tensor(0.0734), tensor(0.0616), tensor(0.0564), tensor(0.0564), tensor(0.1881), tensor(0.1881), tensor(0.1881), tensor(0.0616), tensor(0.1881), tensor(0.0564)]



!!!!!!!!!!!!! Evaluating Question 42 !!!!!!!!!!!!!
##### Intended Docstring #####
Return list with elements incremented by 1.
>>> incr_list([1, 2, 3])
[2, 3, 4]
>>> incr_list([5, 3, 5, 2, 3, 3, 9, 0, 123])
[6, 4, 6, 3, 4, 4, 10, 1, 124]

##### Global Docstring Example #####
The program takes a list `l` as input and returns a new list where each element is the value of the corresponding element in `l` plus one.
POSITIVE
[tensor(0.3764), tensor(0.3875), tensor(0.3764), tensor(0.3764), tensor(0.3764), tensor(0.3764), tensor(0.3764), tensor(0.3875), tensor(0.3764), tensor(0.3764)]
Correct!



!!!!!!!!!!!!! Evaluating Question 43 !!!!!!!!!!!!!
##### Intended Docstring #####

pairs_sum_to_zero takes a list of integers as an input.
it returns True if there are two distinct elements in the list that
sum to zero, and False otherwise.
>>> pairs_sum_to_zero([1, 3, 5, 0])
False
>>> pairs_sum_to_zero([1, 3, -2, 1])
False
>>> pairs_sum_to_zero([1, 2, 3, 7])
False
>>> pairs_sum_to_zero([2, 4, -5, 3, 5, 7])
True
>>> pairs_sum_to_zero([1])
False

##### Global Docstring Example #####
The program is a function that takes a list of integers as input and returns True if there is a pair of integers in the list whose sum is 0, and False otherwise. The function first checks if the length of the list is less than 2, in which case it returns False. If the length is 2 or greater, it iterates through all pairs of integers in the list and checks if their sum is 0. If it finds a pair whose sum is 0, it returns True. If it completes the iteration without finding such a pair, it returns False.
POSITIVE
[tensor(0.3121), tensor(0.3121), tensor(0.2799), tensor(0.4261), tensor(0.3845), tensor(0.4261), tensor(0.4261), tensor(0.3845), tensor(0.3521), tensor(0.4261)]
Correct!



!!!!!!!!!!!!! Evaluating Question 44 !!!!!!!!!!!!!
##### Intended Docstring #####
Change numerical base of input number x to base.
return string representation after the conversion.
base numbers are less than 10.
>>> change_base(8, 3)
'22'
>>> change_base(8, 2)
'1000'
>>> change_base(7, 2)
'111'

##### Global Docstring Example #####
The program is a function that takes an integer `x` and an integer `base` as input and returns a string representation of `x` in base `base`. The function first checks if `base` is between 2 and 10, and raises a `ValueError` if it is not. If `base` is 10, the function simply returns the string representation of `x`. If `x` is 0, the function returns "0". If neither of these conditions are met, the function converts `x` to a list of digits in base `base` and returns the reversed
POSITIVE
[tensor(0.3130), tensor(0.2968), tensor(0.2933), tensor(0.2651), tensor(0.2839), tensor(0.2870), tensor(0.2806), tensor(0.2714), tensor(0.2869), tensor(0.2561)]
Correct!



!!!!!!!!!!!!! Evaluating Question 45 !!!!!!!!!!!!!
##### Intended Docstring #####
Given length of a side and high return area for a triangle.
>>> triangle_area(5, 3)
7.5

##### Global Docstring Example #####
The program calculates the area of a rectangle, given its length (a) and height (h). It does this by multiplying the length and height, then dividing the result by 2. The formula used is (a * h) / 2.
POSITIVE
[tensor(0.0553), tensor(0.0636), tensor(0.0553), tensor(0.0553), tensor(0.0553), tensor(0.0553), tensor(0.0553), tensor(0.0636), tensor(0.0636), tensor(0.0636)]
Correct!



!!!!!!!!!!!!! Evaluating Question 46 !!!!!!!!!!!!!
##### Intended Docstring #####
The Fib4 number sequence is a sequence similar to the Fibbonacci sequnece that's defined as follows:
fib4(0) -> 0
fib4(1) -> 0
fib4(2) -> 2
fib4(3) -> 0
fib4(n) -> fib4(n-1) + fib4(n-2) + fib4(n-3) + fib4(n-4).
Please write a function to efficiently compute the n-th element of the fib4 number sequence.  Do not use recursion.
>>> fib4(5)
4
>>> fib4(6)
8
>>> fib4(7)
14

##### Global Docstring Example #####
The program is a recursive function that calculates the value of the nth Fibonacci number using the formula F(n) = F(n-1) + F(n-2) + F(n-3) + F(n-4). The function returns 0 for n <= 3 and the sum of the four previous Fibonacci numbers for n > 3.
POSITIVE
[tensor(0.2218), tensor(0.2411), tensor(0.1306), tensor(0.2498), tensor(0.2709), tensor(0.2498), tensor(0.2498), tensor(0.2498), tensor(0.2498), tensor(0.2498)]



!!!!!!!!!!!!! Evaluating Question 47 !!!!!!!!!!!!!
##### Intended Docstring #####
Return median of elements in the list l.
>>> median([3, 1, 2, 4, 5])
3
>>> median([-10, 4, 6, 1000, 10, 20])
15.0

##### Global Docstring Example #####
This program takes a list `l` as input and returns the average of the last two elements of the list if the length of the list is even, or the middle element of the list if the length of the list is odd.
POSITIVE
[tensor(0.0664), tensor(0.0664), tensor(0.0741), tensor(0.0253), tensor(0.0253), tensor(0.3728), tensor(0.0664), tensor(0.0741), tensor(0.2154), tensor(0.0741)]



!!!!!!!!!!!!! Evaluating Question 48 !!!!!!!!!!!!!
##### Intended Docstring #####

Checks if given string is a palindrome
>>> is_palindrome('')
True
>>> is_palindrome('aba')
True
>>> is_palindrome('aaaaa')
True
>>> is_palindrome('zbcd')
False

##### Global Docstring Example #####
The program checks if a given string is equal to its reverse. It does this by comparing the original string to a reversed version of itself using slicing. If the two strings are equal, the program returns True, otherwise it returns False.
POSITIVE
[tensor(0.5366), tensor(0.5366), tensor(0.5366), tensor(0.5366), tensor(0.5366), tensor(0.5366), tensor(0.5366), tensor(0.5366), tensor(0.5366), tensor(0.5366)]
Correct!



!!!!!!!!!!!!! Evaluating Question 49 !!!!!!!!!!!!!
##### Intended Docstring #####
Return 2^n modulo p (be aware of numerics).
>>> modp(3, 5)
3
>>> modp(1101, 101)
2
>>> modp(0, 101)
1
>>> modp(3, 11)
8
>>> modp(100, 101)
1

##### Global Docstring Example #####
The program takes two integer inputs, n and p, and returns the remainder of the division of n by p. If the remainder is greater than or equal to p, the program returns the remainder after subtracting p from it.
POSITIVE
[tensor(0.2400), tensor(0.2400), tensor(0.2400), tensor(0.2025), tensor(0.0650), tensor(0.2207), tensor(0.2207), tensor(0.2207), tensor(0.2207), tensor(0.2114)]



!!!!!!!!!!!!! Evaluating Question 50 !!!!!!!!!!!!!
##### Intended Docstring #####

returns encoded string by shifting every character by 5 in the alphabet.

##### Global Docstring Example #####
The program takes a string `s` as input and returns a new string formed by applying a simple encryption algorithm to each character in `s`. The encryption algorithm shifts each character in `s` by 5 positions in the ASCII table, wraps around the table after reaching the end of the alphabet, and then converts the resulting integer back to a character using the `chr()` function. The resulting characters are then concatenated into a single string using the `join()` function.
POSITIVE
[tensor(0.3657), tensor(0.3657), tensor(0.3657), tensor(0.3657), tensor(0.3657), tensor(0.3657), tensor(0.3657), tensor(0.3657), tensor(0.3657), tensor(0.2502)]



!!!!!!!!!!!!! Evaluating Question 51 !!!!!!!!!!!!!
##### Intended Docstring #####

remove_vowels is a function that takes string and returns string without vowels.
>>> remove_vowels('')
''
>>> remove_vowels("abcdef\nghijklm")
'bcdf\nghjklm'
>>> remove_vowels('abcdef')
'bcdf'
>>> remove_vowels('aaaaa')
''
>>> remove_vowels('aaBAA')
'B'
>>> remove_vowels('zbcd')
'zbcd'

##### Global Docstring Example #####
The program is a function that takes a string as input and returns a new string with all vowels (a, e, i, o, u) removed. It uses the regular expression pattern `[aeiou]` to match and remove the vowels from the input string.
POSITIVE
[tensor(0.3801), tensor(0.3268), tensor(0.3801), tensor(0.0938), tensor(0.3839), tensor(0.3268), tensor(0.3839), tensor(0.4138), tensor(0.2388), tensor(0.3268)]



!!!!!!!!!!!!! Evaluating Question 52 !!!!!!!!!!!!!
##### Intended Docstring #####
Return True if all numbers in the list l are below threshold t.
>>> below_threshold([1, 2, 4, 10], 100)
True
>>> below_threshold([1, 20, 4, 10], 5)
False

##### Global Docstring Example #####
This program takes in a list `l` and a value `t`, and returns `True` if the value `t` is less than any value in the list `l`, and `False` otherwise.
POSITIVE
[tensor(0.2912), tensor(0.3640), tensor(0.3640), tensor(0.3780), tensor(0.3640), tensor(0.3640), tensor(0.3640), tensor(0.3640), tensor(0.3640), tensor(0.3780)]
Correct!



!!!!!!!!!!!!! Evaluating Question 53 !!!!!!!!!!!!!
##### Intended Docstring #####
Add two numbers x and y
>>> add(2, 3)
5
>>> add(5, 7)
12

##### Global Docstring Example #####
The program is a simple arithmetic operation that adds two numbers, x and y, and returns the sum.
POSITIVE
[tensor(0.3551), tensor(0.3551), tensor(0.3551), tensor(0.3551), tensor(0.3551), tensor(0.3551), tensor(0.3551), tensor(0.3551), tensor(0.3551), tensor(0.3551)]
Correct!



!!!!!!!!!!!!! Evaluating Question 54 !!!!!!!!!!!!!
##### Intended Docstring #####

Check if two words have the same characters.
>>> same_chars('eabcdzzzz', 'dddzzzzzzzddeddabc')
True
>>> same_chars('abcd', 'dddddddabc')
True
>>> same_chars('dddddddabc', 'abcd')
True
>>> same_chars('eabcd', 'dddddddabc')
False
>>> same_chars('abcd', 'dddddddabce')
False
>>> same_chars('eabcdzzzz', 'dddzzzzzzzddddabc')
False

##### Global Docstring Example #####
The program takes two input strings, s0 and s1, and returns True if either s0 is equal to s1 or s0 is equal to s1 in reverse order. In other words, the program checks if the two strings are identical or if they are spelled the same way but in reverse order.
POSITIVE
[tensor(0.3566), tensor(0.1017), tensor(0.3560), tensor(0.3560), tensor(0.3566), tensor(0.3560), tensor(0.3566), tensor(0.3560), tensor(0.3029), tensor(0.3560)]



!!!!!!!!!!!!! Evaluating Question 55 !!!!!!!!!!!!!
##### Intended Docstring #####
Return n-th Fibonacci number.
>>> fib(10)
55
>>> fib(1)
1
>>> fib(8)
21

##### Global Docstring Example #####
The program is a recursive function that calculates the nth Fibonacci number. If n is less than or equal to 1, the function returns n. Otherwise, it calls itself with n-1 and n-2 as arguments and returns the sum of the two results.
POSITIVE
[tensor(0.4216), tensor(0.4640), tensor(0.4640), tensor(0.4216), tensor(0.0302), tensor(0.4640), tensor(0.4640), tensor(0.4640), tensor(0.4640), tensor(0.4216)]



!!!!!!!!!!!!! Evaluating Question 56 !!!!!!!!!!!!!
##### Intended Docstring #####
 brackets is a string of "<" and ">".
return True if every opening bracket has a corresponding closing bracket.

>>> correct_bracketing("<")
False
>>> correct_bracketing("<>")
True
>>> correct_bracketing("<<><>>")
True
>>> correct_bracketing("><<>")
False

##### Global Docstring Example #####
This program checks whether a given string of brackets is balanced. It does this by iterating through each character in the string and pushing "<" onto a stack when it encounters a left bracket, and popping the top element off the stack when it encounters a right bracket. If the stack is empty at the end of the iteration, the program returns True, indicating that the brackets are balanced. Otherwise, it returns False, indicating that the brackets are unbalanced.
POSITIVE
[tensor(0.2069), tensor(0.2901), tensor(0.1943), tensor(0.1006), tensor(0.1021), tensor(0.2511), tensor(0.1619), tensor(0.0910), tensor(0.0842), tensor(0.2067)]



!!!!!!!!!!!!! Evaluating Question 57 !!!!!!!!!!!!!
##### Intended Docstring #####
Return True is list elements are monotonically increasing or decreasing.
>>> monotonic([1, 2, 4, 20])
True
>>> monotonic([1, 20, 4, 10])
False
>>> monotonic([4, 1, 0, -10])
True

##### Global Docstring Example #####
The program checks if all elements in a list `l` are in increasing order. It does this by iterating over the list and comparing each element to the next element. If any element is not less than or equal to the next element, the function returns `False`, indicating that the list is not in increasing order. If all elements are in increasing order, the function returns `True`.
POSITIVE
[tensor(0.3812), tensor(0.3812), tensor(0.3465), tensor(0.3812), tensor(0.1578), tensor(0.3465), tensor(0.3465), tensor(0.2431), tensor(0.2931), tensor(0.2931)]



!!!!!!!!!!!!! Evaluating Question 58 !!!!!!!!!!!!!
##### Intended Docstring #####
Return sorted unique common elements for two lists.
>>> common([1, 4, 3, 34, 653, 2, 5], [5, 7, 1, 5, 9, 653, 121])
[1, 5, 653]
>>> common([5, 3, 2, 8], [3, 2])
[2, 3]


##### Global Docstring Example #####
The program takes two lists, l1 and l2, and returns a new list containing only the elements that are present in both lists. The order of the elements in the resulting list is not guaranteed. The program uses the set() function to remove any duplicates from the input lists, and then uses the & operator to find the intersection of the two sets. The resulting set is then converted back to a list using the sorted() function.
POSITIVE
[tensor(0.3691), tensor(0.3691), tensor(0.3691), tensor(0.3477), tensor(0.3548), tensor(0.3691), tensor(0.3691), tensor(0.3691), tensor(0.3691), tensor(0.3691)]
Correct!



!!!!!!!!!!!!! Evaluating Question 59 !!!!!!!!!!!!!
##### Intended Docstring #####
Return the largest prime factor of n. Assume n > 1 and is not a prime.
>>> largest_prime_factor(13195)
29
>>> largest_prime_factor(2048)
2

##### Global Docstring Example #####
The program is a simple algorithm that takes an integer `n` as input and returns the smallest integer `i` that divides `n` evenly, or `n` itself if no such integer exists. The algorithm works by iterating over all integers `i` from 2 to `n-1`, checking if `n` is divisible by `i`, and returning `i` if it is. If no such integer is found, the algorithm returns `n`.
POSITIVE
[tensor(0.0359), tensor(0.0499), tensor(0.0275), tensor(0.0359), tensor(0.0456), tensor(0.0316), tensor(0.0499), tensor(0.0541), tensor(0.0470), tensor(0.1964)]



!!!!!!!!!!!!! Evaluating Question 60 !!!!!!!!!!!!!
##### Intended Docstring #####
sum_to_n is a function that sums numbers from 1 to n.
>>> sum_to_n(30)
465
>>> sum_to_n(100)
5050
>>> sum_to_n(5)
15
>>> sum_to_n(10)
55
>>> sum_to_n(1)
1

##### Global Docstring Example #####
The program calculates the sum of all integers from 1 to n. It takes an integer n as input and returns the sum of the integers from 1 to n. The program uses the built-in Python function `sum()` to calculate the sum of the range of integers from 1 to n.
POSITIVE
[tensor(0.4140), tensor(0.4140), tensor(0.4140), tensor(0.4140), tensor(0.4140), tensor(0.4140), tensor(0.4140), tensor(0.4140), tensor(0.0449), tensor(0.4140)]
Correct!



!!!!!!!!!!!!! Evaluating Question 61 !!!!!!!!!!!!!
##### Intended Docstring #####
 brackets is a string of "(" and ")".
return True if every opening bracket has a corresponding closing bracket.

>>> correct_bracketing("(")
False
>>> correct_bracketing("()")
True
>>> correct_bracketing("(()())")
True
>>> correct_bracketing(")(()")
False

##### Global Docstring Example #####
This program checks whether a given string of characters contains a valid set of parentheses. It does this by iterating through each character in the string and keeping track of any opening parentheses in a stack. If the string contains an opening parenthesis, it is added to the stack. If the string contains a closing parenthesis, it is checked to see if the stack is empty and if the top element on the stack is an opening parenthesis. If both conditions are met, the closing parenthesis is removed from the stack. If any point during the iteration, the stack is empty or the top element on the stack is not
POSITIVE
[tensor(0.3008), tensor(0.3379), tensor(0.1921), tensor(0.3392), tensor(0.3392), tensor(0.2938), tensor(0.3206), tensor(0.3443), tensor(0.1650), tensor(0.3494)]
Correct!



!!!!!!!!!!!!! Evaluating Question 62 !!!!!!!!!!!!!
##### Intended Docstring #####
 xs represent coefficients of a polynomial.
xs[0] + xs[1] * x + xs[2] * x^2 + ....
 Return derivative of this polynomial in the same form.
>>> derivative([3, 1, 2, 4, 5])
[1, 4, 12, 20]
>>> derivative([1, 2, 3])
[2, 6]

##### Global Docstring Example #####
The program takes a list of integers `xs` as input and returns a new list containing the sum of all elements in `xs` starting from the second element (index 1) to the end of the list. The program uses a list comprehension to achieve this.
POSITIVE
[tensor(0.0880), tensor(0.0867), tensor(0.1505), tensor(0.0918), tensor(0.0880), tensor(0.0918), tensor(0.1282), tensor(0.1078), tensor(0.1640), tensor(0.1282)]



!!!!!!!!!!!!! Evaluating Question 63 !!!!!!!!!!!!!
##### Intended Docstring #####
The FibFib number sequence is a sequence similar to the Fibbonacci sequnece that's defined as follows:
fibfib(0) == 0
fibfib(1) == 0
fibfib(2) == 1
fibfib(n) == fibfib(n-1) + fibfib(n-2) + fibfib(n-3).
Please write a function to efficiently compute the n-th element of the fibfib number sequence.
>>> fibfib(1)
0
>>> fibfib(5)
4
>>> fibfib(8)
24

##### Global Docstring Example #####
The program is a recursive function that calculates the nth Fibonacci number. It takes an integer n as input and returns the nth Fibonacci number. If n is 0, the function returns 0. If n is 1, the function returns 0. If n is 2, the function returns 1. Otherwise, the function calls itself with n-1, n-2, and n-3 as arguments and adds the results together to calculate the nth Fibonacci number.
POSITIVE
[tensor(0.3654), tensor(0.3581), tensor(0.3654), tensor(0.3654), tensor(0.3654), tensor(0.3654), tensor(0.3654), tensor(0.0898), tensor(0.3617), tensor(0.3654)]
Correct!



!!!!!!!!!!!!! Evaluating Question 64 !!!!!!!!!!!!!
##### Intended Docstring #####

Add more test cases.

##### Global Docstring Example #####
The program is a function that takes a string `s` as input and returns the sum of the ASCII values of all the vowels (a, e, i, o, u) in the string. The function uses a generator expression to iterate over each character in the string and checks if it is a vowel using the `in` operator. If the character is a vowel, its ASCII value is added to the sum. The final sum is returned at the end of the function.
POSITIVE
[tensor(0.0763), tensor(0.0715), tensor(0.0242), tensor(0.0831), tensor(0.0278), tensor(0.0725), tensor(0.0242), tensor(0.0763), tensor(0.0242), tensor(0.0831)]



!!!!!!!!!!!!! Evaluating Question 65 !!!!!!!!!!!!!
##### Intended Docstring #####
Circular shift the digits of the integer x, shift the digits right by shift
and return the result as a string.
If shift > number of digits, return digits reversed.
>>> circular_shift(12, 1)
"21"
>>> circular_shift(12, 2)
"12"

##### Global Docstring Example #####
This program takes an integer `x` and a shift value `shift`, and returns a reversed string of `x` if the shift value is greater than the length of the string representation of `x`. Otherwise, it returns a concatenation of the substring of `x` starting from the shift value to the end, followed by the substring of `x` up to the shift value.
POSITIVE
[tensor(0.2589), tensor(0.2559), tensor(0.2357), tensor(0.2711), tensor(0.2711), tensor(0.2385), tensor(0.2589), tensor(0.3198), tensor(0.3198), tensor(0.2711)]



!!!!!!!!!!!!! Evaluating Question 66 !!!!!!!!!!!!!
##### Intended Docstring #####
Task
Write a function that takes a string as input and returns the sum of the upper characters only'
ASCII codes.

Examples:
digitSum("") => 0
digitSum("abAB") => 131
digitSum("abcCd") => 67
digitSum("helloE") => 69
digitSum("woArBld") => 131
digitSum("aAaaaXa") => 153

##### Global Docstring Example #####
The program takes a string `s` as input and returns the sum of the ASCII values of each character in the string, subtracting the ASCII value of 'A' and adding 1 to each value.
POSITIVE
[tensor(0.2355), tensor(0.1608), tensor(0.1608), tensor(0.1608), tensor(0.1608), tensor(0.1937), tensor(0.2355), tensor(0.1608), tensor(0.1608), tensor(0.2355)]



!!!!!!!!!!!!! Evaluating Question 67 !!!!!!!!!!!!!
##### Intended Docstring #####

In this task, you will be given a string that represents a number of apples and oranges 
that are distributed in a basket of fruit this basket contains 
apples, oranges, and mango fruits. Given the string that represents the total number of 
the oranges and apples and an integer that represent the total number of the fruits 
in the basket return the number of the mango fruits in the basket.
for examble:
fruit_distribution("5 apples and 6 oranges", 19) ->19 - 5 - 6 = 8
fruit_distribution("0 apples and 1 oranges",3) -> 3 - 0 - 1 = 2
fruit_distribution("2 apples and 3 oranges", 100) -> 100 - 2 - 3 = 95
fruit_distribution("100 apples and 1 oranges",120) -> 120 - 100 - 1 = 19

##### Global Docstring Example #####
This program counts the number of occurrences of the words "apples", "oranges", and "mango" in a given string using the `count()` method, and returns the sum of the counts of "apples" and "oranges" minus the count of "mango".
POSITIVE
[tensor(0.1738), tensor(0.1534), tensor(0.0807), tensor(0.1758), tensor(0.2368), tensor(0.1758), tensor(0.2368), tensor(0.1758), tensor(0.1660), tensor(0.2368)]



!!!!!!!!!!!!! Evaluating Question 68 !!!!!!!!!!!!!
##### Intended Docstring #####

"Given an array representing a branch of a tree that has non-negative integer nodes
your task is to pluck one of the nodes and return it.
The plucked node should be the node with the smallest even value.
If multiple nodes with the same smallest even value are found return the node that has smallest index.

The plucked node should be returned in a list, [ smalest_value, its index ],
If there are no even values or the given array is empty, return [].

Example 1:
Input: [4,2,3]
Output: [2, 1]
Explanation: 2 has the smallest even value, and 2 has the smallest index.

Example 2:
Input: [1,2,3]
Output: [2, 1]
Explanation: 2 has the smallest even value, and 2 has the smallest index. 

Example 3:
Input: []
Output: []

Example 4:
Input: [5, 0, 3, 0, 4, 2]
Output: [0, 1]
Explanation: 0 is the smallest value, but  there are two zeros,
 so we will choose the first zero, which has the smallest index.

Constraints:
* 1 <= nodes.length <= 10000
* 0 <= node.value

##### Global Docstring Example #####
The program is a documentation assistant that summarizes programs. It takes in a program's source code and generates a concise and precise summary of its intent. The summary is meant to provide a high-level overview of the program's functionality, without going into the low-level details of its implementation.
POSITIVE
[tensor(0.3396), tensor(0.2193), tensor(0.0380), tensor(0.1481), tensor(0.1802), tensor(0.1591), tensor(0.0546), tensor(0.1507), tensor(0.0666), tensor(0.2193)]



!!!!!!!!!!!!! Evaluating Question 69 !!!!!!!!!!!!!
##### Intended Docstring #####

You are given a non-empty list of positive integers. Return the greatest integer that is greater than 
zero, and has a frequency greater than or equal to the value of the integer itself. 
The frequency of an integer is the number of times it appears in the list.
If no such a value exist, return -1.
Examples:
search([4, 1, 2, 2, 3, 1]) == 2
search([1, 2, 2, 3, 3, 3, 4, 4, 4]) == 3
search([5, 5, 4, 4, 4]) == -1

##### Global Docstring Example #####
The program returns the index of the maximum value in a list. It first finds the maximum value in the list using the built-in `max()` function, and then uses the `index()` method of the list to find the index of the maximum value. The index is returned as the output of the program.
POSITIVE
[tensor(0.2113), tensor(0.0735), tensor(0.3157), tensor(0.3157), tensor(0.2587), tensor(0.1164), tensor(0.0735), tensor(0.2931), tensor(0.2587), tensor(0.3197)]



!!!!!!!!!!!!! Evaluating Question 70 !!!!!!!!!!!!!
##### Intended Docstring #####

Given list of integers, return list in strange order.
Strange sorting, is when you start with the minimum value,
then maximum of the remaining integers, then minimum and so on.

Examples:
strange_sort_list([1, 2, 3, 4]) == [1, 4, 2, 3]
strange_sort_list([5, 5, 5, 5]) == [5, 5, 5, 5]
strange_sort_list([]) == []

##### Global Docstring Example #####
This program takes a list as input and returns the list if its length is less than or equal to 7. If the length of the list is greater than 7, the program does not return anything.
POSITIVE
[tensor(0.0502), tensor(0.1308), tensor(0.4791), tensor(0.0757), tensor(0.2743), tensor(0.1012), tensor(0.1204), tensor(0.1085), tensor(0.6427), tensor(0.1222)]



!!!!!!!!!!!!! Evaluating Question 71 !!!!!!!!!!!!!
##### Intended Docstring #####

Given the lengths of the three sides of a triangle. Return the area of
the triangle rounded to 2 decimal points if the three sides form a valid triangle. 
Otherwise return -1
Three sides make a valid triangle when the sum of any two sides is greater 
than the third side.
Example:
triangle_area(3, 4, 5) == 6.00
triangle_area(1, 2, 10) == -1

##### Global Docstring Example #####
The program takes in three variables, a, b, and c, and returns the average of the product of a and b, and the product of b and c, rounded to two decimal places. If the sum of any two of the variables is greater than the third variable, the program returns -1.
POSITIVE
[tensor(0.1959), tensor(0.1959), tensor(0.1959), tensor(0.1959), tensor(0.1959), tensor(0.1959), tensor(0.1682), tensor(0.2829), tensor(0.1959), tensor(0.1615)]



!!!!!!!!!!!!! Evaluating Question 72 !!!!!!!!!!!!!
##### Intended Docstring #####

Write a function that returns True if the object q will fly, and False otherwise.
The object q will fly if it's balanced (it is a palindromic list) and the sum of its elements is less than or equal the maximum possible weight w.

Example:
will_it_fly([1, 2], 5)  False 
# 1+2 is less than the maximum possible weight, but it's unbalanced.

will_it_fly([3, 2, 3], 1)  False
# it's balanced, but 3+2+3 is more than the maximum possible weight.

will_it_fly([3, 2, 3], 9)  True
# 3+2+3 is less than the maximum possible weight, and it's balanced.

will_it_fly([3], 5)  True
# 3 is less than the maximum possible weight, and it's balanced.

##### Global Docstring Example #####
The program is a function that takes in a list of integers `q` and an integer `w`, and returns `True` if the sum of the elements in `q` is less than or equal to `w`, and `False` otherwise. The function checks the length of `q` and returns the appropriate value based on the length of the list. If the length of `q` is 1, the function returns `True`. If the length of `q` is 2, the function returns `True` if the sum of the first two elements in `q` is less than or equal to `w
POSITIVE
[tensor(0.0641), tensor(0.0805), tensor(0.3976), tensor(0.1146), tensor(0.2601), tensor(0.3649), tensor(0.0540), tensor(0.1177), tensor(0.0363), tensor(0.0937)]



!!!!!!!!!!!!! Evaluating Question 73 !!!!!!!!!!!!!
##### Intended Docstring #####

Given an array arr of integers, find the minimum number of elements that
need to be changed to make the array palindromic. A palindromic array is an array that
is read the same backwards and forwards. In one change, you can change one element to any other element.

For example:
smallest_change([1,2,3,5,4,7,9,6]) == 4
smallest_change([1, 2, 3, 4, 3, 2, 2]) == 1
smallest_change([1, 2, 3, 2, 1]) == 0

##### Global Docstring Example #####
The program is a documentation assistant that summarizes programs. It takes in a program's source code and generates a concise and precise summary of its intent. The summary is meant to provide a high-level overview of the program's functionality, without going into the low-level details of its implementation.
POSITIVE
[tensor(0.3580), tensor(0.3580), tensor(0.3580), tensor(0.3580), tensor(0.3580), tensor(0.3580), tensor(0.0401), tensor(0.3580), tensor(0.0723), tensor(0.3580)]



!!!!!!!!!!!!! Evaluating Question 74 !!!!!!!!!!!!!
##### Intended Docstring #####

Write a function that accepts two lists of strings and returns the list that has 
total number of chars in the all strings of the list less than the other list.

if the two lists have the same number of chars, return the first list.

Examples
total_match([], [])  []
total_match(['hi', 'admin'], ['hI', 'Hi'])  ['hI', 'Hi']
total_match(['hi', 'admin'], ['hi', 'hi', 'admin', 'project'])  ['hi', 'admin']
total_match(['hi', 'admin'], ['hI', 'hi', 'hi'])  ['hI', 'hi', 'hi']
total_match(['4'], ['1', '2', '3', '4', '5'])  ['4']

##### Global Docstring Example #####
This program takes two lists, lst1 and lst2, and returns the shorter list if they have the same length, otherwise it returns the longer list.
POSITIVE
[tensor(0.3970), tensor(0.1357), tensor(0.2500), tensor(0.1981), tensor(0.1336), tensor(0.1823), tensor(0.1357), tensor(0.1336), tensor(0.2950), tensor(0.2429)]



!!!!!!!!!!!!! Evaluating Question 75 !!!!!!!!!!!!!
##### Intended Docstring #####
Write a function that returns true if the given number is the multiplication of 3 prime numbers
and false otherwise.
Knowing that (a) is less then 100. 
Example:
is_multiply_prime(30) == True
30 = 2 * 3 * 5

##### Global Docstring Example #####
This program checks whether a given number `a` is prime or not. It does this by iterating over all numbers `i` from 2 to `a-1`, and checking if `a` is divisible by `i`. If `a` is divisible by any of these numbers, then it is not prime and the program returns `False`. If `a` is not divisible by any of these numbers, then it is prime and the program returns `True`.
POSITIVE
[tensor(0.0451), tensor(0.0458), tensor(0.0451), tensor(0.0451), tensor(0.0451), tensor(0.0481), tensor(0.0682), tensor(0.0521), tensor(0.0451), tensor(0.0451)]



!!!!!!!!!!!!! Evaluating Question 76 !!!!!!!!!!!!!
##### Intended Docstring #####
Your task is to write a function that returns true if a number x is a simple
power of n and false in other cases.
x is a simple power of n if n**int=x
For example:
is_simple_power(1, 4) => true
is_simple_power(2, 2) => true
is_simple_power(8, 2) => true
is_simple_power(3, 2) => false
is_simple_power(3, 1) => false
is_simple_power(5, 3) => false

##### Global Docstring Example #####
The program takes two inputs, n and x, and returns True if n raised to the power of int(x) is equal to x, and False otherwise.
POSITIVE
[tensor(0.5264), tensor(0.2007), tensor(0.5264), tensor(0.5264), tensor(0.5264), tensor(0.5264), tensor(0.1741), tensor(0.5264), tensor(0.5264), tensor(0.2007)]



!!!!!!!!!!!!! Evaluating Question 77 !!!!!!!!!!!!!
##### Intended Docstring #####

Write a function that takes an integer a and returns True 
if this ingeger is a cube of some integer number.
Note: you may assume the input is always valid.
Examples:
iscube(1) ==> True
iscube(2) ==> False
iscube(-1) ==> True
iscube(64) ==> True
iscube(0) ==> True
iscube(180) ==> False

##### Global Docstring Example #####
The program checks if a given number `a` is equal to the cube of itself. It returns `True` if `a` is equal to its cube, and `False` otherwise.
POSITIVE
[tensor(0.4589), tensor(0.4589), tensor(0.4589), tensor(0.0595), tensor(0.0487), tensor(0.4589), tensor(0.3400), tensor(0.4589), tensor(0.4589), tensor(0.0595)]



!!!!!!!!!!!!! Evaluating Question 78 !!!!!!!!!!!!!
##### Intended Docstring #####
You have been tasked to write a function that receives 
a hexadecimal number as a string and counts the number of hexadecimal 
digits that are primes (prime number, or a prime, is a natural number 
greater than 1 that is not a product of two smaller natural numbers).
Hexadecimal digits are 0, 1, 2, 3, 4, 5, 6, 7, 8, 9, A, B, C, D, E, F.
Prime numbers are 2, 3, 5, 7, 11, 13, 17,...
So you have to determine a number of the following digits: 2, 3, 5, 7, 
B (=decimal 11), D (=decimal 13).
Note: you may assume the input is always correct or empty string, 
and symbols A,B,C,D,E,F are always uppercase.
Examples:
For num = "AB" the output should be 1.
For num = "1077E" the output should be 2.
For num = "ABED1A33" the output should be 4.
For num = "123456789ABCDEF0" the output should be 6.
For num = "2020" the output should be 2.

##### Global Docstring Example #####
This program takes a string input and counts the number of vowels in the string. It converts the string to uppercase using the `num.upper()` method, then iterates through each character in the string using a for loop. If the character is a vowel (A, B, C, D, E, or F), the count is incremented. Finally, the program returns the count of vowels found in the string.
POSITIVE
[tensor(0.0822), tensor(0.0792), tensor(0.1581), tensor(0.3980), tensor(0.0792), tensor(0.1906), tensor(0.1906), tensor(0.2302), tensor(0.3980), tensor(0.1762)]



!!!!!!!!!!!!! Evaluating Question 79 !!!!!!!!!!!!!
##### Intended Docstring #####
You will be given a number in decimal form and your task is to convert it to
binary format. The function should return a string, with each character representing a binary
number. Each character in the string will be '0' or '1'.

There will be an extra couple of characters 'db' at the beginning and at the end of the string.
The extra characters are there to help with the format.

Examples:
decimal_to_binary(15)   # returns "db1111db"
decimal_to_binary(32)   # returns "db100000db"

##### Global Docstring Example #####
The program takes an integer as input and converts it to binary using a while loop. The binary representation is returned as a string with the prefix 'db'.
POSITIVE
[tensor(0.4097), tensor(0.3947), tensor(0.3947), tensor(0.3947), tensor(0.0762), tensor(0.0762), tensor(0.3947), tensor(0.3947), tensor(0.3947), tensor(0.4210)]



!!!!!!!!!!!!! Evaluating Question 80 !!!!!!!!!!!!!
##### Intended Docstring #####
You are given a string s.
Your task is to check if the string is happy or not.
A string is happy if its length is at least 3 and every 3 consecutive letters are distinct
For example:
is_happy(a) => False
is_happy(aa) => False
is_happy(abcd) => True
is_happy(aabb) => False
is_happy(adb) => True
is_happy(xyy) => False

##### Global Docstring Example #####
This program checks if a given string (s) has a length of at least 3 characters. If it does, it then checks if the string contains any repeated characters within a range of 3 characters. If it finds a repeated character, it returns False. If it completes the loop without finding any repeated characters, it returns True.
POSITIVE
[tensor(0.2167), tensor(0.1972), tensor(0.2115), tensor(0.2162), tensor(0.2115), tensor(0.2810), tensor(0.2562), tensor(0.2273), tensor(0.1845), tensor(0.2177)]



!!!!!!!!!!!!! Evaluating Question 81 !!!!!!!!!!!!!
##### Intended Docstring #####
It is the last week of the semester and the teacher has to give the grades
to students. The teacher has been making her own algorithm for grading.
The only problem is, she has lost the code she used for grading.
She has given you a list of GPAs for some students and you have to write 
a function that can output a list of letter grades using the following table:
 GPA   |Letter grade
  4.0A+
> 3.7A 
> 3.3A- 
> 3.0B+
> 2.7B 
> 2.3B-
> 2.0C+
> 1.7C
> 1.3C-
> 1.0D+ 
> 0.7D 
> 0.0D-
  0.0E


Example:
grade_equation([4.0, 3, 1.7, 2, 3.5]) ==> ['A+', 'B', 'C-', 'C', 'A-']

##### Global Docstring Example #####
The program "pass" is a simple script that serves as a placeholder or a "no-op" operation in Python. It does not perform any actual task or operation, but it can be used as a placeholder in certain situations, such as when a function or block of code is required but no action needs to be taken. The program is intended to be a harmless and inconsequential operation that does not affect the program's overall behavior or output.
POSITIVE
[tensor(0.1325), tensor(0.2188), tensor(0.1325), tensor(0.2736), tensor(0.2188), tensor(0.2766), tensor(0.2736), tensor(0.0442), tensor(0.2188), tensor(0.2736)]



!!!!!!!!!!!!! Evaluating Question 82 !!!!!!!!!!!!!
##### Intended Docstring #####
Write a function that takes a string and returns True if the string
length is a prime number or False otherwise
Examples
prime_length('Hello') == True
prime_length('abcdcba') == True
prime_length('kittens') == True
prime_length('orange') == False

##### Global Docstring Example #####
This program checks if a given string is a palindrome. A palindrome is a word, phrase, or sequence of characters that reads the same backward as forward. The program takes a string as input and returns True if the string is a palindrome, and False otherwise. The program works by iterating through the string and comparing each substring of length 2 to the substring of length n-2. If any substring of length 2 is found to be equal to the substring of length n-2, the program returns False, indicating that the string is not a palindrome. If no such
POSITIVE
[tensor(0.0175), tensor(0.0175), tensor(0.0171), tensor(0.0175), tensor(0.0175), tensor(0.0175), tensor(0.0175), tensor(0.0175), tensor(0.0175), tensor(0.0175)]



!!!!!!!!!!!!! Evaluating Question 83 !!!!!!!!!!!!!
##### Intended Docstring #####

Given a positive integer n, return the count of the numbers of n-digit
positive integers that start or end with 1.

##### Global Docstring Example #####
The program takes an integer `n` as input and returns the sum of the digits of `n`. It does this by converting `n` to a string, iterating over each character in the string, converting it back to an integer, and adding it to a running total. The final result is returned as the sum of the digits.
POSITIVE
[tensor(0.0635), tensor(0.0635), tensor(0.1028), tensor(0.1133), tensor(0.1028), tensor(0.0635), tensor(0.0591), tensor(0.1398), tensor(0.1028), tensor(0.1027)]



!!!!!!!!!!!!! Evaluating Question 84 !!!!!!!!!!!!!
##### Intended Docstring #####
Given a positive integer N, return the total sum of its digits in binary.

Example
For N = 1000, the sum of digits will be 1 the output should be "1".
For N = 150, the sum of digits will be 6 the output should be "110".
For N = 147, the sum of digits will be 12 the output should be "1100".

Variables:
@N integer
 Constraints: 0  N  10000.
Output:
 a string of binary number

##### Global Docstring Example #####
The program is a documentation assistant that summarizes programs. It takes in a program's source code and generates a concise and precise summary of its intent. The summary is meant to provide a high-level overview of the program's functionality, without going into the low-level details of its implementation.
POSITIVE
[tensor(0.5187), tensor(0.5187), tensor(0.5187), tensor(0.0708), tensor(0.5187), tensor(0.5187), tensor(0.5187), tensor(0.5187), tensor(0.5187), tensor(0.5187)]



!!!!!!!!!!!!! Evaluating Question 85 !!!!!!!!!!!!!
##### Intended Docstring #####
Given a non-empty list of integers lst. add the even elements that are at odd indices..


Examples:
add([4, 2, 6, 7]) ==> 2 

##### Global Docstring Example #####
The program calculates the sum of every second element in a list. It does this by iterating over the list using a for loop and using the range function to skip over every other element. The sum function is then used to add up the selected elements.
POSITIVE
[tensor(0.2560), tensor(0.3030), tensor(0.3688), tensor(0.2932), tensor(0.0970), tensor(0.2560), tensor(0.3688), tensor(0.2153), tensor(0.2932), tensor(0.4440)]



!!!!!!!!!!!!! Evaluating Question 86 !!!!!!!!!!!!!
##### Intended Docstring #####

Write a function that takes a string and returns an ordered version of it.
Ordered version of string, is a string where all words (separated by space)
are replaced by a new word where all the characters arranged in
ascending order based on ascii value.
Note: You should keep the order of words and blank spaces in the sentence.

For example:
anti_shuffle('Hi') returns 'Hi'
anti_shuffle('hello') returns 'ehllo'
anti_shuffle('Hello World!!!') returns 'Hello !!!Wdlor'

##### Global Docstring Example #####
The program takes a string `s` as input, splits it into a list of substrings using the `split()` method, sorts the list of substrings using the `sorted()` function with a lambda function as the key, and then joins the sorted list of substrings back into a single string using the `join()` method. The resulting string is returned.
POSITIVE
[tensor(0.3299), tensor(0.3299), tensor(0.3872), tensor(0.4440), tensor(0.3299), tensor(0.3299), tensor(0.3299), tensor(0.3333), tensor(0.3299), tensor(0.2964)]



!!!!!!!!!!!!! Evaluating Question 87 !!!!!!!!!!!!!
##### Intended Docstring #####

You are given a 2 dimensional data, as a nested lists,
which is similar to matrix, however, unlike matrices,
each row may contain a different number of columns.
Given lst, and integer x, find integers x in the list,
and return list of tuples, [(x1, y1), (x2, y2) ...] such that
each tuple is a coordinate - (row, columns), starting with 0.
Sort coordinates initially by rows in ascending order.
Also, sort coordinates of the row by columns in descending order.

Examples:
get_row([
  [1,2,3,4,5,6],
  [1,2,3,4,1,6],
  [1,2,3,4,5,1]
], 1) == [(0, 0), (1, 4), (1, 0), (2, 5), (2, 0)]
get_row([], 1) == []
get_row([[], [1], [1, 2, 3]], 3) == [(2, 2)]

##### Global Docstring Example #####
The program takes a list of lists as input and returns a list of tuples, where each tuple contains all the elements of the corresponding list in the input list. The program iterates through each element of the input list and for each element, it iterates through all the elements of the inner list and returns a tuple containing all the elements of the inner list. The resulting list of tuples is returned as output.
POSITIVE
[tensor(0.4352), tensor(0.4352), tensor(0.2324), tensor(0.4352), tensor(0.3072), tensor(0.3072), tensor(0.4352), tensor(0.3559), tensor(0.2793), tensor(0.5855)]



!!!!!!!!!!!!! Evaluating Question 88 !!!!!!!!!!!!!
##### Intended Docstring #####

Given an array of non-negative integers, return a copy of the given array after sorting,
you will sort the given array in ascending order if the sum( first index value, last index value) is odd,
or sort it in descending order if the sum( first index value, last index value) is even.

Note:
* don't change the given array.

Examples:
* sort_array([]) => []
* sort_array([5]) => [5]
* sort_array([2, 4, 3, 0, 1, 5]) => [0, 1, 2, 3, 4, 5]
* sort_array([2, 4, 3, 0, 1, 5, 6]) => [6, 5, 4, 3, 2, 1, 0]

##### Global Docstring Example #####
The program takes an array as input and returns a sorted array. If the length of the array is 0 or 1, the array is returned as is. If the sum of the first half of the array divided by 2 is even, the array is split into two halves and sorted separately. If the sum is odd, the array is split into two halves and sorted in reverse order.
POSITIVE
[tensor(0.4325), tensor(0.0595), tensor(0.0673), tensor(0.2246), tensor(0.4441), tensor(0.4437), tensor(0.4712), tensor(0.0698), tensor(0.1049), tensor(0.4556)]



!!!!!!!!!!!!! Evaluating Question 89 !!!!!!!!!!!!!
##### Intended Docstring #####
Create a function encrypt that takes a string as an argument and
returns a string encrypted with the alphabet being rotated. 
The alphabet should be rotated in a manner such that the letters 
shift down by two multiplied to two places.
For example:
encrypt('hi') returns 'lm'
encrypt('asdfghjkl') returns 'ewhjklnop'
encrypt('gf') returns 'kj'
encrypt('et') returns 'ix'

##### Global Docstring Example #####
The program takes a string 's' as input and returns a new string formed by replacing each character in 's' with its corresponding character in the alphabet, shifted two positions to the right. The resulting string is formed by joining the shifted characters together using the join() method.
POSITIVE
[tensor(0.2932), tensor(0.1878), tensor(0.0325), tensor(0.0217), tensor(0.3129), tensor(0.2205), tensor(0.2205), tensor(0.2205), tensor(0.3028), tensor(0.2651)]



!!!!!!!!!!!!! Evaluating Question 90 !!!!!!!!!!!!!
##### Intended Docstring #####

You are given a list of integers.
Write a function next_smallest() that returns the 2nd smallest element of the list.
Return None if there is no such element.

next_smallest([1, 2, 3, 4, 5]) == 2
next_smallest([5, 1, 4, 3, 2]) == 2
next_smallest([]) == None
next_smallest([1, 1]) == None

##### Global Docstring Example #####
This program takes a list of items as input and returns the second item in the list if the list has more than one item. If the list has only one item, the program returns None.
POSITIVE
[tensor(0.3436), tensor(0.0557), tensor(0.1351), tensor(0.1041), tensor(0.0557), tensor(0.1863), tensor(0.0557), tensor(0.0557), tensor(0.0719), tensor(0.0719)]



!!!!!!!!!!!!! Evaluating Question 91 !!!!!!!!!!!!!
##### Intended Docstring #####

You'll be given a string of words, and your task is to count the number
of boredoms. A boredom is a sentence that starts with the word "I".
Sentences are delimited by '.', '?' or '!'.
   
For example:
>>> is_bored("Hello world")
0
>>> is_bored("The sky is blue. The sun is shining. I love this weather")
1

##### Global Docstring Example #####
The program takes a string S as input and returns the number of occurrences of the character 'I' in the string S.
POSITIVE
[tensor(0.1495), tensor(0.0982), tensor(0.0420), tensor(0.0352), tensor(0.0324), tensor(0.2423), tensor(0.0859), tensor(0.0619), tensor(0.0926), tensor(0.0632)]



!!!!!!!!!!!!! Evaluating Question 92 !!!!!!!!!!!!!
##### Intended Docstring #####

Create a function that takes 3 numbers.
Returns true if one of the numbers is equal to the sum of the other two, and all numbers are integers.
Returns false in any other cases.

Examples
any_int(5, 2, 7)  True

any_int(3, 2, 2)  False

any_int(3, -2, 1)  True

any_int(3.6, -2.2, 2)  False
  



##### Global Docstring Example #####
The program is a simple equality checker that takes three variables, x, y, and z, and returns True if x + y equals z, False otherwise. If x + y does not equal z, the program checks if x or y is equal to z. If either x or y is equal to z, the program returns False. If neither x nor y is equal to z, the program returns False.
POSITIVE
[tensor(0.2867), tensor(0.2976), tensor(0.3577), tensor(0.3095), tensor(0.3058), tensor(0.3330), tensor(0.2945), tensor(0.2600), tensor(0.3578), tensor(0.3011)]



!!!!!!!!!!!!! Evaluating Question 93 !!!!!!!!!!!!!
##### Intended Docstring #####

Write a function that takes a message, and encodes in such a 
way that it swaps case of all letters, replaces all vowels in 
the message with the letter that appears 2 places ahead of that 
vowel in the english alphabet. 
Assume only letters. 

Examples:
>>> encode('test')
'TGST'
>>> encode('This is a message')
'tHKS KS C MGSSCGG'

##### Global Docstring Example #####
The program is a documentation assistant that summarizes programs. It takes in a program's source code and generates a concise and precise summary of its intent. The summary is meant to provide a high-level overview of the program's functionality, without going into the low-level details of its implementation.
POSITIVE
[tensor(0.0879), tensor(0.0879), tensor(0.0271), tensor(0.0879), tensor(0.2085), tensor(0.3614), tensor(0.1263), tensor(0.0879), tensor(0.0271), tensor(0.1361)]



!!!!!!!!!!!!! Evaluating Question 94 !!!!!!!!!!!!!
##### Intended Docstring #####
You are given a list of integers.
You need to find the largest prime value and return the sum of its digits.

Examples:
For lst = [0,3,2,1,3,5,7,4,5,5,5,2,181,32,4,32,3,2,32,324,4,3] the output should be 10
For lst = [1,0,1,8,2,4597,2,1,3,40,1,2,1,2,4,2,5,1] the output should be 25
For lst = [1,3,1,32,5107,34,83278,109,163,23,2323,32,30,1,9,3] the output should be 13
For lst = [0,724,32,71,99,32,6,0,5,91,83,0,5,6] the output should be 11
For lst = [0,81,12,3,1,21] the output should be 3
For lst = [0,8,1,2,1,7] the output should be 7

##### Global Docstring Example #####
The program takes a list of integers as input and returns the sum of the last digit of each integer in the list. It does this by first sorting the list using the `lst.sort()` method, and then using the `map()` and `sum()` functions to iterate over the sorted list and sum the last digit of each integer. The `int()` function is used to convert the last digit of each integer from a string to an integer before summing it.
POSITIVE
[tensor(0.0979), tensor(0.1362), tensor(0.0757), tensor(0.0537), tensor(0.0912), tensor(0.2167), tensor(0.1057), tensor(0.1598), tensor(0.0591), tensor(0.0684)]



!!!!!!!!!!!!! Evaluating Question 95 !!!!!!!!!!!!!
##### Intended Docstring #####

Given a dictionary, return True if all keys are strings in lower 
case or all keys are strings in upper case, else return False.
The function should return False is the given dictionary is empty.
Examples:
check_dict_case({"a":"apple", "b":"banana"}) should return True.
check_dict_case({"a":"apple", "A":"banana", "B":"banana"}) should return False.
check_dict_case({"a":"apple", 8:"banana", "a":"apple"}) should return False.
check_dict_case({"Name":"John", "Age":"36", "City":"Houston"}) should return False.
check_dict_case({"STATE":"NC", "ZIP":"12345" }) should return True.

##### Global Docstring Example #####
This program checks if a given dictionary meets certain criteria. It returns False if the dictionary is empty, if any key in the dictionary is not a string, or if any key in the dictionary has an uppercase letter. If all of these conditions are met, the program returns True.
POSITIVE
[tensor(0.3593), tensor(0.4597), tensor(0.3505), tensor(0.3469), tensor(0.3204), tensor(0.3555), tensor(0.3810), tensor(0.3136), tensor(0.2599), tensor(0.2516)]



!!!!!!!!!!!!! Evaluating Question 96 !!!!!!!!!!!!!
##### Intended Docstring #####
Implement a function that takes an non-negative integer and returns an array of the first n
integers that are prime numbers and less than n.
for example:
count_up_to(5) => [2,3]
count_up_to(11) => [2,3,5,7]
count_up_to(0) => []
count_up_to(20) => [2,3,5,7,11,13,17,19]
count_up_to(1) => []
count_up_to(18) => [2,3,5,7,11,13,17]

##### Global Docstring Example #####
The program is a documentation assistant that summarizes programs. It takes in a program's source code and generates a concise and precise summary of its intent. The summary is meant to provide a high-level overview of the program's functionality, without going into the low-level details of its implementation.
POSITIVE
[tensor(0.3440), tensor(0.4516), tensor(0.3946), tensor(0.1649), tensor(0.2060), tensor(0.3440), tensor(0.1638), tensor(0.2410), tensor(0.5565), tensor(0.2125)]



!!!!!!!!!!!!! Evaluating Question 97 !!!!!!!!!!!!!
##### Intended Docstring #####
Complete the function that takes two integers and returns 
the product of their unit digits.
Assume the input is always valid.
Examples:
multiply(148, 412) should return 16.
multiply(19, 28) should return 72.
multiply(2020, 1851) should return 0.
multiply(14,-15) should return 20.

##### Global Docstring Example #####
The program calculates the product of two numbers, a and b, and returns the result.
POSITIVE
[tensor(0.1842), tensor(0.1842), tensor(0.1842), tensor(0.1842), tensor(0.1842), tensor(0.1842), tensor(0.0613), tensor(0.1842), tensor(0.1842), tensor(0.0669)]



!!!!!!!!!!!!! Evaluating Question 98 !!!!!!!!!!!!!
##### Intended Docstring #####

Given a string s, count the number of uppercase vowels in even indices.

For example:
count_upper('aBCdEf') returns 1
count_upper('abcdefg') returns 0
count_upper('dBBE') returns 0

##### Global Docstring Example #####
This program counts the number of uppercase letters in a given string "s" that appear at an even index. It does this by iterating through each character in the string using a for loop, checking if the character is uppercase using the `isupper()` method, and then checking if the index is even using the modulo operator (`%`). If both conditions are met, the count is incremented. Finally, the program returns the count.
POSITIVE
[tensor(0.2443), tensor(0.1641), tensor(0.0595), tensor(0.2140), tensor(0.0405), tensor(0.2443), tensor(0.0879), tensor(0.2443), tensor(0.0223), tensor(0.0384)]



!!!!!!!!!!!!! Evaluating Question 99 !!!!!!!!!!!!!
##### Intended Docstring #####

Create a function that takes a value (string) representing a number
and returns the closest integer to it. If the number is equidistant
from two integers, round it away from zero.

Examples
>>> closest_integer("10")
10
>>> closest_integer("15.3")
15

Note:
Rounding away from zero means that if the given number is equidistant
from two integers, the one you should return is the one that is the
farthest from zero. For example closest_integer("14.5") should
return 15 and closest_integer("-14.5") should return -15.

##### Global Docstring Example #####
The program takes a float value as input and returns an integer value that is the closest integer to the float value. The rounding is done to the nearest integer.
POSITIVE
[tensor(0.3303), tensor(0.3199), tensor(0.0919), tensor(0.3199), tensor(0.3303), tensor(0.3303), tensor(0.2249), tensor(0.3303), tensor(0.3303), tensor(0.3303)]



!!!!!!!!!!!!! Evaluating Question 100 !!!!!!!!!!!!!
##### Intended Docstring #####

Given a positive integer n, you have to make a pile of n levels of stones.
The first level has n stones.
The number of stones in the next level is:
- the next odd number if n is odd.
- the next even number if n is even.
Return the number of stones in each level in a list, where element at index
i represents the number of stones in the level (i+1).

Examples:
>>> make_a_pile(3)
[3, 5, 7]

##### Global Docstring Example #####
The program takes an integer `n` as input and returns a list of integers. If `n` is 0, the program returns an empty list. If `n` is 1, the program returns a list containing the integer 1. Otherwise, the program returns a list containing the integer `n` followed by the result of calling the function `make_a_pile` with the argument `n - 1`.
POSITIVE
[tensor(0.4136), tensor(0.2963), tensor(0.3909), tensor(0.3909), tensor(0.3195), tensor(0.4058), tensor(0.4059), tensor(0.2114), tensor(0.4326), tensor(0.3909)]



!!!!!!!!!!!!! Evaluating Question 101 !!!!!!!!!!!!!
##### Intended Docstring #####

You will be given a string of words separated by commas or spaces. Your task is
to split the string into words and return an array of the words.

For example:
words_string("Hi, my name is John") == ["Hi", "my", "name", "is", "John"]
words_string("One, two, three, four, five, six") == ["One", "two", "three", "four", "five", "six"]

##### Global Docstring Example #####
The program takes a string `s` as input and returns a list of strings obtained by splitting the input string at every comma character. The resulting list contains all the individual words separated by commas in the original string.
POSITIVE
[tensor(0.4749), tensor(0.4789), tensor(0.4789), tensor(0.4789), tensor(0.4789), tensor(0.4789), tensor(0.4672), tensor(0.4749), tensor(0.4749), tensor(0.4749)]



!!!!!!!!!!!!! Evaluating Question 102 !!!!!!!!!!!!!
##### Intended Docstring #####
This function takes two positive numbers x and y and returns the
biggest even integer number that is in the range [x, y] inclusive. If 
there's no such number, then the function should return -1.

For example:
choose_num(12, 15) = 14
choose_num(13, 12) = -1

##### Global Docstring Example #####
The program takes two integers, x and y, as input and returns the sum of x and y if both are even, the sum of x and y minus 1 if x is even and y is odd, the sum of x and y minus 1 if x is odd and y is even, or -1 if neither x nor y is even.
POSITIVE
[tensor(0.0802), tensor(0.2901), tensor(0.1557), tensor(0.1890), tensor(0.1372), tensor(0.1057), tensor(0.0802), tensor(0.0801), tensor(0.1457), tensor(0.1796)]



!!!!!!!!!!!!! Evaluating Question 103 !!!!!!!!!!!!!
##### Intended Docstring #####
You are given two positive integers n and m, and your task is to compute the
average of the integers from n through m (including n and m). 
Round the answer to the nearest integer and convert that to binary.
If n is greater than m, return -1.
Example:
rounded_avg(1, 5) => "0b11"
rounded_avg(7, 5) => -1
rounded_avg(10, 20) => "0b1111"
rounded_avg(20, 33) => "0b11010"

##### Global Docstring Example #####
The program takes two integer inputs, n and m, and returns the binary representation of the sum of n and (m - n) divided by 2, with the first two characters removed. If n is greater than m, the program returns -1.
POSITIVE
[tensor(0.1495), tensor(0.1495), tensor(0.1495), tensor(0.1290), tensor(0.1307), tensor(0.1290), tensor(0.1495), tensor(0.1255), tensor(0.0709), tensor(0.1255)]



!!!!!!!!!!!!! Evaluating Question 104 !!!!!!!!!!!!!
##### Intended Docstring #####
Given a list of positive integers x. return a sorted list of all 
elements that hasn't any even digit.

Note: Returned list should be sorted in increasing order.

For example:
>>> unique_digits([15, 33, 1422, 1])
[1, 15, 33]
>>> unique_digits([152, 323, 1422, 10])
[]

##### Global Docstring Example #####
The program takes a list of integers as input and returns a sorted list of unique integers that are odd. It does this by first converting the input list to a set, which removes any duplicate values. Then it applies a filter function that only keeps odd numbers (i.e., numbers that are not divisible by 2). Finally, it converts the resulting set back to a list and sorts it in ascending order.
POSITIVE
[tensor(0.2413), tensor(0.1475), tensor(0.2356), tensor(0.1715), tensor(0.1212), tensor(0.1475), tensor(0.2356), tensor(0.0582), tensor(0.2413), tensor(0.1629)]



!!!!!!!!!!!!! Evaluating Question 105 !!!!!!!!!!!!!
##### Intended Docstring #####

Given an array of integers, sort the integers that are between 1 and 9 inclusive,
reverse the resulting array, and then replace each digit by its corresponding name from
"One", "Two", "Three", "Four", "Five", "Six", "Seven", "Eight", "Nine".

For example:
  arr = [2, 1, 1, 4, 5, 8, 2, 3]   
-> sort arr -> [1, 1, 2, 2, 3, 4, 5, 8] 
-> reverse arr -> [8, 5, 4, 3, 2, 2, 1, 1]
  return ["Eight", "Five", "Four", "Three", "Two", "Two", "One", "One"]

  If the array is empty, return an empty array:
  arr = []
  return []

  If the array has any strange number ignore it:
  arr = [1, -1 , 55] 
-> sort arr -> [-1, 1, 55]
-> reverse arr -> [55, 1, -1]
  return = ['One']

##### Global Docstring Example #####
The program is a function that takes an array as input and returns a new array with the elements of the input array in a specific order based on the length of the input array. If the input array has a length of 0, the function returns an empty array. If the input array has a length of 1, the function returns the first element of the input array. If the input array has a length of 2, the function returns the second element followed by the first element. If the input array has a length of 3, the function returns the third element followed by the second element followed by the first element. If
POSITIVE
[tensor(0.0971), tensor(0.0552), tensor(0.0581), tensor(0.0709), tensor(0.2299), tensor(0.0842), tensor(0.0971), tensor(0.0244), tensor(0.0544), tensor(0.1187)]



!!!!!!!!!!!!! Evaluating Question 106 !!!!!!!!!!!!!
##### Intended Docstring #####
 Implement the function f that takes n as a parameter,
and returns a list of size n, such that the value of the element at index i is the factorial of i if i is even
or the sum of numbers from 1 to i otherwise.
i starts from 1.
the factorial of i is the multiplication of the numbers from 1 to i (1 * 2 * ... * i).
Example:
f(5) == [1, 2, 6, 24, 15]

##### Global Docstring Example #####
The program takes an integer `n` as input and returns a list of integers. If `n` is 0, the program returns [1]. If `n` is 1, the program returns [1, 1]. Otherwise, the program returns a list of integers generated using a recursive formula. The formula multiplies the previous term in the sequence by the current index, starting from 2 and going up to `n`. The resulting list is then appended with the first term, which is always 1.
POSITIVE
[tensor(0.1035), tensor(0.3265), tensor(0.2011), tensor(0.3031), tensor(0.2011), tensor(0.2011), tensor(0.2011), tensor(0.0473), tensor(0.1148), tensor(0.1148)]



!!!!!!!!!!!!! Evaluating Question 107 !!!!!!!!!!!!!
##### Intended Docstring #####

Given a positive integer n, return a tuple that has the number of even and odd
integer palindromes that fall within the range(1, n), inclusive.

Example 1:

Input: 3
Output: (1, 2)
Explanation:
Integer palindrome are 1, 2, 3. one of them is even, and two of them are odd.

Example 2:

Input: 12
Output: (4, 6)
Explanation:
Integer palindrome are 1, 2, 3, 4, 5, 6, 7, 8, 9, 11. four of them are even, and 6 of them are odd.

Note:
1. 1 <= n <= 10^3
2. returned tuple has the number of even and odd integer palindromes respectively.

##### Global Docstring Example #####
The program is a documentation assistant that summarizes programs. It takes in a program's source code and generates a concise and precise summary of its intent. The summary is meant to provide a high-level overview of the program's functionality, without going into the low-level details of its implementation.
POSITIVE
[tensor(0.4997), tensor(0.4997), tensor(0.4997), tensor(0.7026), tensor(0.4997), tensor(0.4997), tensor(0.4997), tensor(0.4997), tensor(0.4997), tensor(0.4997)]



!!!!!!!!!!!!! Evaluating Question 108 !!!!!!!!!!!!!
##### Intended Docstring #####

Write a function count_nums which takes an array of integers and returns
the number of elements which has a sum of digits > 0.
If a number is negative, then its first signed digit will be negative:
e.g. -123 has signed digits -1, 2, and 3.
>>> count_nums([]) == 0
>>> count_nums([-1, 11, -11]) == 1
>>> count_nums([1, 1, 2]) == 3

##### Global Docstring Example #####
The program calculates the sum of all elements in the input array "arr" that have a non-zero absolute value. It does this by iterating over each element in the array and checking if the sum of the absolute values of all elements in the array is greater than zero. If it is, the current element is added to the sum. The final sum is then returned.
POSITIVE
[tensor(0.1493), tensor(0.1886), tensor(0.1236), tensor(0.1407), tensor(0.1493), tensor(0.0626), tensor(0.2497), tensor(0.1407), tensor(0.1236), tensor(0.0640)]



!!!!!!!!!!!!! Evaluating Question 109 !!!!!!!!!!!!!
##### Intended Docstring #####
We have an array 'arr' of N integers arr[1], arr[2], ..., arr[N].The
numbers in the array will be randomly ordered. Your task is to determine if
it is possible to get an array sorted in non-decreasing order by performing 
the following operation on the given array:
You are allowed to perform right shift operation any number of times.

One right shift operation means shifting all elements of the array by one
position in the right direction. The last element of the array will be moved to
the starting position in the array i.e. 0th index. 

If it is possible to obtain the sorted array by performing the above operation
then return True else return False.
If the given array is empty then return True.

Note: The given list is guaranteed to have unique elements.

For Example:

move_one_ball([3, 4, 5, 1, 2])==>True
Explanation: By performin 2 right shift operations, non-decreasing order can
 be achieved for the given array.
move_one_ball([3, 5, 4, 1, 2])==>False
Explanation:It is not possible to get non-decreasing order for the given
array by performing any number of right shift operations.


##### Global Docstring Example #####
The program checks if a given list of integers is sorted in ascending order. It returns True if the list is sorted, and False otherwise. The program first checks if the list is empty or has only one element, in which case it is considered sorted and returns True. If the list has more than one element, the program checks if the first element is greater than the second element. If it is, the list is not sorted and the program returns False. If the list has more than two elements, the program checks if each element is greater than or equal to the previous element. If any element is less than the previous element
POSITIVE
[tensor(0.2190), tensor(0.2364), tensor(0.2485), tensor(0.2431), tensor(0.0976), tensor(0.2431), tensor(0.1767), tensor(0.1919), tensor(0.2109), tensor(0.2482)]



!!!!!!!!!!!!! Evaluating Question 110 !!!!!!!!!!!!!
##### Intended Docstring #####
In this problem, you will implement a function that takes two lists of numbers,
and determines whether it is possible to perform an exchange of elements
between them to make lst1 a list of only even numbers.
There is no limit on the number of exchanged elements between lst1 and lst2.
If it is possible to exchange elements between the lst1 and lst2 to make
all the elements of lst1 to be even, return "YES".
Otherwise, return "NO".
For example:
exchange([1, 2, 3, 4], [1, 2, 3, 4]) => "YES"
exchange([1, 2, 3, 4], [1, 5, 3, 4]) => "NO"
It is assumed that the input lists will be non-empty.

##### Global Docstring Example #####
The program is a documentation assistant that summarizes programs. It takes in a program's source code and generates a concise and precise summary of its intent. The summary is meant to provide a high-level overview of the program's functionality, without going into the low-level details of its implementation.
POSITIVE
[tensor(0.2622), tensor(0.0611), tensor(0.0813), tensor(0.2035), tensor(0.2622), tensor(0.1157), tensor(0.1157), tensor(0.2622), tensor(0.0611), tensor(0.0695)]



!!!!!!!!!!!!! Evaluating Question 111 !!!!!!!!!!!!!
##### Intended Docstring #####
Given a string representing a space separated lowercase letters, return a dictionary
of the letter with the most repetition and containing the corresponding count.
If several letters have the same occurrence, return all of them.

Example:
histogram('a b c') == {'a': 1, 'b': 1, 'c': 1}
histogram('a b b a') == {'a': 2, 'b': 2}
histogram('a b c a b') == {'a': 2, 'b': 2}
histogram('b b b b a') == {'b': 4}
histogram('') == {}


##### Global Docstring Example #####
The program is a documentation assistant that summarizes programs. It takes in a program's source code and generates a concise and precise summary of its intent. The summary is meant to provide a high-level overview of the program's functionality, without going into the low-level details of its implementation.
POSITIVE
[tensor(0.2774), tensor(0.3547), tensor(0.2774), tensor(0.3764), tensor(0.3371), tensor(0.2681), tensor(0.3727), tensor(0.3692), tensor(0.4250), tensor(0.4441)]



!!!!!!!!!!!!! Evaluating Question 112 !!!!!!!!!!!!!
##### Intended Docstring #####
Task
We are given two strings s and c, you have to deleted all the characters in s that are equal to any character in c
then check if the result string is palindrome.
A string is called palindrome if it reads the same backward as forward.
You should return a tuple containing the result string and True/False for the check.
Example
For s = "abcde", c = "ae", the result should be ('bcd',False)
For s = "abcdef", c = "b"  the result should be ('acdef',False)
For s = "abcdedcba", c = "ab", the result should be ('cdedc',True)

##### Global Docstring Example #####
This program takes in two input parameters, a string `s` and a character `c`, and returns a tuple containing the string `s` and a boolean value indicating whether the length of `s` is equal to the length of `c`. If the lengths are equal, the boolean value is `True`, otherwise it is `False`.
POSITIVE
[tensor(0.0938), tensor(0.2800), tensor(0.2311), tensor(0.0888), tensor(0.1228), tensor(0.3697), tensor(0.0934), tensor(0.3697), tensor(0.1178), tensor(0.0586)]



!!!!!!!!!!!!! Evaluating Question 113 !!!!!!!!!!!!!
##### Intended Docstring #####
Given a list of strings, where each string consists of only digits, return a list.
Each element i of the output should be "the number of odd elements in the
string i of the input." where all the i's should be replaced by the number
of odd digits in the i'th string of the input.

>>> odd_count(['1234567'])
["the number of odd elements 4n the str4ng 4 of the 4nput."]
>>> odd_count(['3',"11111111"])
["the number of odd elements 1n the str1ng 1 of the 1nput.",
 "the number of odd elements 8n the str8ng 8 of the 8nput."]

##### Global Docstring Example #####
The program takes a list of integers as input and returns a string containing the number of odd elements in the list, followed by the length of the list and the list itself. The string is formatted using f-strings.
POSITIVE
[tensor(0.1140), tensor(0.0756), tensor(0.1042), tensor(0.2787), tensor(0.1140), tensor(0.1289), tensor(0.1289), tensor(0.1221), tensor(0.1289), tensor(0.1544)]



!!!!!!!!!!!!! Evaluating Question 114 !!!!!!!!!!!!!
##### Intended Docstring #####

Given an array of integers nums, find the minimum sum of any non-empty sub-array
of nums.
Example
minSubArraySum([2, 3, 4, 1, 2, 4]) == 1
minSubArraySum([-1, -2, -3]) == -6

##### Global Docstring Example #####
The program is a simple algorithm that finds the minimum sum of a subset of a given list of numbers. It does this by iterating through all possible subsets of the list and keeping track of the minimum sum seen so far. The algorithm starts by initializing the minimum sum to infinity and then iterates through each element in the list. For each element, it calculates the sum of all elements in the list starting from that element and compares it to the current minimum sum. If the new sum is smaller than the current minimum sum, it updates the minimum sum. Finally, the algorithm returns the minimum sum found.
POSITIVE
[tensor(0.5378), tensor(0.3801), tensor(0.5183), tensor(0.5145), tensor(0.4404), tensor(0.4870), tensor(0.4519), tensor(0.4636), tensor(0.0436), tensor(0.5145)]



!!!!!!!!!!!!! Evaluating Question 115 !!!!!!!!!!!!!
##### Intended Docstring #####

You are given a rectangular grid of wells. Each row represents a single well,
and each 1 in a row represents a single unit of water.
Each well has a corresponding bucket that can be used to extract water from it, 
and all buckets have the same capacity.
Your task is to use the buckets to empty the wells.
Output the number of times you need to lower the buckets.

Example 1:
Input: 
grid : [[0,0,1,0], [0,1,0,0], [1,1,1,1]]
bucket_capacity : 1
Output: 6

Example 2:
Input: 
grid : [[0,0,1,1], [0,0,0,0], [1,1,1,1], [0,1,1,1]]
bucket_capacity : 2
Output: 5

Example 3:
Input: 
grid : [[0,0,0], [0,0,0]]
bucket_capacity : 5
Output: 0

Constraints:
* all wells have the same length
* 1 <= grid.length <= 10^2
* 1 <= grid[:,1].length <= 10^2
* grid[i][j] -> 0 | 1
* 1 <= capacity <= 10

##### Global Docstring Example #####
The program is a documentation assistant that summarizes programs. It takes in a program's source code and generates a concise and precise summary of its intent. The summary is meant to provide a high-level overview of the program's functionality, without going into the low-level details of its implementation.
POSITIVE
[tensor(0.5057), tensor(0.5057), tensor(0.5057), tensor(0.5057), tensor(0.1932), tensor(0.5057), tensor(0.5057), tensor(0.1420), tensor(0.5057), tensor(0.5057)]



!!!!!!!!!!!!! Evaluating Question 116 !!!!!!!!!!!!!
##### Intended Docstring #####

In this Kata, you have to sort an array of non-negative integers according to
number of ones in their binary representation in ascending order.
For similar number of ones, sort based on decimal value.

It must be implemented like this:
>>> sort_array([1, 5, 2, 3, 4]) == [1, 2, 3, 4, 5]
>>> sort_array([-2, -3, -4, -5, -6]) == [-6, -5, -4, -3, -2]
>>> sort_array([1, 0, 2, 3, 4]) [0, 1, 2, 3, 4]

##### Global Docstring Example #####
The program takes an array of integers as input and returns a new array of integers sorted in ascending order based on the number of binary digits in each integer. The sorting is done using the built-in Python `sorted()` function with a lambda function as the key parameter. The lambda function converts each integer to its binary representation using the built-in Python `bin()` function and then counts the number of occurrences of the digit "1" in the binary representation using the `count()` method. The resulting array is sorted in ascending order based on the count of the digit "1
POSITIVE
[tensor(0.4822), tensor(0.4784), tensor(0.4784), tensor(0.4784), tensor(0.4822), tensor(0.4784), tensor(0.4784), tensor(0.4822), tensor(0.4750), tensor(0.4822)]



!!!!!!!!!!!!! Evaluating Question 117 !!!!!!!!!!!!!
##### Intended Docstring #####
Given a string s and a natural number n, you have been tasked to implement 
a function that returns a list of all words from string s that contain exactly 
n consonants, in order these words appear in the string s.
If the string s is empty then the function should return an empty list.
Note: you may assume the input string contains only letters and spaces.
Examples:
select_words("Mary had a little lamb", 4) ==> ["little"]
select_words("Mary had a little lamb", 3) ==> ["Mary", "lamb"]
select_words("simple white space", 2) ==> []
select_words("Hello world", 4) ==> ["world"]
select_words("Uncle sam", 3) ==> ["Uncle"]

##### Global Docstring Example #####
This program takes a string `s` and a positive integer `n`, and returns a list of words from `s` that have a length of `n`. If `s` is empty, the program returns an empty list.
POSITIVE
[tensor(0.4747), tensor(0.2384), tensor(0.1352), tensor(0.4786), tensor(0.2384), tensor(0.2384), tensor(0.2384), tensor(0.3437), tensor(0.2384), tensor(0.1586)]



!!!!!!!!!!!!! Evaluating Question 118 !!!!!!!!!!!!!
##### Intended Docstring #####
You are given a word. Your task is to find the closest vowel that stands between 
two consonants from the right side of the word (case sensitive).

Vowels in the beginning and ending doesn't count. Return empty string if you didn't
find any vowel met the above condition. 

You may assume that the given string contains English letter only.

Example:
get_closest_vowel("yogurt") ==> "u"
get_closest_vowel("FULL") ==> "U"
get_closest_vowel("quick") ==> ""
get_closest_vowel("ab") ==> ""

##### Global Docstring Example #####
The program takes a word as input and returns the closest vowel to the end of the word. It does this by iterating through the characters in the word and checking if each character is a vowel. If a vowel is found, it is stored as the closest vowel and the loop is broken. If no vowels are found, the program returns an empty string.
POSITIVE
[tensor(0.4802), tensor(0.1371), tensor(0.1879), tensor(0.1623), tensor(0.0525), tensor(0.1765), tensor(0.2502), tensor(0.1727), tensor(0.2094), tensor(0.1136)]



!!!!!!!!!!!!! Evaluating Question 119 !!!!!!!!!!!!!
##### Intended Docstring #####

You are given a list of two strings, both strings consist of open
parentheses '(' or close parentheses ')' only.
Your job is to check if it is possible to concatenate the two strings in
some order, that the resulting string will be good.
A string S is considered to be good if and only if all parentheses in S
are balanced. For example: the string '(())()' is good, while the string
'())' is not.
Return 'Yes' if there's a way to make a good string, and return 'No' otherwise.

Examples:
match_parens(['()(', ')']) == 'Yes'
match_parens([')', ')']) == 'No'

##### Global Docstring Example #####
The program checks if a list of two elements has a matching pair of parentheses. If the list has two elements and the first and second elements are parentheses, the program returns "Yes". If the list has two elements and the first and second elements are not parentheses, the program returns "No". If the list has one element, the program returns "No". If the list has two elements and the first element is a left parenthesis and the second element is a right parenthesis, the program returns "No". If the list has two elements and the first element is a right parenthesis and the second element
POSITIVE
[tensor(0.2259), tensor(0.1652), tensor(0.1314), tensor(0.1675), tensor(0.1139), tensor(0.1675), tensor(0.1035), tensor(0.2259), tensor(0.2149), tensor(0.1675)]



!!!!!!!!!!!!! Evaluating Question 120 !!!!!!!!!!!!!
##### Intended Docstring #####

Given an array arr of integers and a positive integer k, return a sorted list 
of length k with the maximum k numbers in arr.

Example 1:

Input: arr = [-3, -4, 5], k = 3
Output: [-4, -3, 5]

Example 2:

Input: arr = [4, -4, 4], k = 2
Output: [4, 4]

Example 3:

Input: arr = [-3, 2, 1, 2, -1, -2, 1], k = 1
Output: [2]

Note:
1. The length of the array will be in the range of [1, 1000].
2. The elements in the array will be in the range of [-1000, 1000].
3. 0 <= k <= len(arr)

##### Global Docstring Example #####
The program is a function that takes an array of integers as input and returns a new array based on the length of the input array and the value of the integer k. If the input array is empty, the function returns an empty array. If k is equal to 1, the function returns the input array. If the length of the input array is 1, the function returns the input array. If the length of the input array is 2, the function returns the input array in sorted order if the first element is greater than the second element, or the input array in reverse order if the first element is less than the
POSITIVE
[tensor(0.3028), tensor(0.4790), tensor(0.0971), tensor(0.4790), tensor(0.4982), tensor(0.4790), tensor(0.4790), tensor(0.4634), tensor(0.2590), tensor(0.4790)]



!!!!!!!!!!!!! Evaluating Question 121 !!!!!!!!!!!!!
##### Intended Docstring #####
Given a non-empty list of integers, return the sum of all of the odd elements that are in even positions.


Examples
solution([5, 8, 7, 1]) ==> 12
solution([3, 3, 3, 3, 3]) ==> 9
solution([30, 13, 24, 321]) ==>0

##### Global Docstring Example #####
The program calculates the sum of the odd numbers in a list. It does this by iterating through each element in the list, skipping every second element (i.e. the even numbers), and adding up the remaining odd numbers. The result is returned as the final sum.
POSITIVE
[tensor(0.5023), tensor(0.3727), tensor(0.0288), tensor(0.3837), tensor(0.3837), tensor(0.5452), tensor(0.5451), tensor(0.5720), tensor(0.5451), tensor(0.3545)]



!!!!!!!!!!!!! Evaluating Question 122 !!!!!!!!!!!!!
##### Intended Docstring #####

Given a non-empty array of integers arr and an integer k, return
the sum of the elements with at most two digits from the first k elements of arr.

Example:

Input: arr = [111,21,3,4000,5,6,7,8,9], k = 4
Output: 24 # sum of 21 + 3

Constraints:
1. 1 <= len(arr) <= 100
2. 1 <= k <= len(arr)

##### Global Docstring Example #####
The program is a documentation assistant that summarizes programs. It takes in a program's source code and generates a concise and precise summary of its intent. The summary is meant to provide a high-level overview of the program's functionality, without going into the low-level details of its implementation.
POSITIVE
[tensor(0.4590), tensor(0.4590), tensor(0.4590), tensor(0.4590), tensor(0.4590), tensor(0.2165), tensor(0.4590), tensor(0.4590), tensor(0.4590), tensor(0.1456)]



!!!!!!!!!!!!! Evaluating Question 123 !!!!!!!!!!!!!
##### Intended Docstring #####

Given a positive integer n, return a sorted list that has the odd numbers in collatz sequence.

The Collatz conjecture is a conjecture in mathematics that concerns a sequence defined
as follows: start with any positive integer n. Then each term is obtained from the 
previous term as follows: if the previous term is even, the next term is one half of 
the previous term. If the previous term is odd, the next term is 3 times the previous
term plus 1. The conjecture is that no matter what value of n, the sequence will always reach 1.

Note: 
1. Collatz(1) is [1].
2. returned list sorted in increasing order.

For example:
get_odd_collatz(5) returns [1, 5] # The collatz sequence for 5 is [5, 16, 8, 4, 2, 1], so the odd numbers are only 1, and 5.

##### Global Docstring Example #####
The program takes an integer `n` as input and returns a list of integers. If `n` is equal to 1, the program returns a list containing only 1. If `n` is even, the program recursively calls `get_odd_collatz(n // 2)` and appends `n` to the resulting list. If `n` is odd, the program recursively calls `get_odd_collatz(3 * n + 1)` and appends `n` to the resulting list.
POSITIVE
[tensor(0.5938), tensor(0.5901), tensor(0.1884), tensor(0.1861), tensor(0.6665), tensor(0.0529), tensor(0.5710), tensor(0.3222), tensor(0.6049), tensor(0.4087)]



!!!!!!!!!!!!! Evaluating Question 124 !!!!!!!!!!!!!
##### Intended Docstring #####
You have to write a function which validates a given date string and
returns True if the date is valid otherwise False.
The date is valid if all of the following rules are satisfied:
1. The date string is not empty.
2. The number of days is not less than 1 or higher than 31 days for months 1,3,5,7,8,10,12. And the number of days is not less than 1 or higher than 30 days for months 4,6,9,11. And, the number of days is not less than 1 or higher than 29 for the month 2.
3. The months should not be less than 1 or higher than 12.
4. The date should be in the format: mm-dd-yyyy

for example: 
valid_date('03-11-2000') => True

valid_date('15-01-2012') => False

valid_date('04-0-2040') => False

valid_date('06-04-2020') => True

valid_date('06/04/2020') => False

##### Global Docstring Example #####
The program is a validation function that checks if a given date string is in the format of "YYYY-MM-DD". The function takes a string as input and returns True if the date is valid, and False otherwise. The validation checks include:

* The date string must be present.
* The length of the date string must be 10 characters.
* The 4th and 7th characters of the date string must be '-'.
* The 2nd, 5th, and 8th characters of the date string must be one of the following values: 01, 
POSITIVE
[tensor(0.3017), tensor(0.3493), tensor(0.3678), tensor(0.3748), tensor(0.3674), tensor(0.3017), tensor(0.4505), tensor(0.3602), tensor(0.3167), tensor(0.3636)]



!!!!!!!!!!!!! Evaluating Question 125 !!!!!!!!!!!!!
##### Intended Docstring #####

Given a string of words, return a list of words split on whitespace, if no whitespaces exists in the text you
should split on commas ',' if no commas exists you should return the number of lower-case letters with odd order in the
alphabet, ord('a') = 0, ord('b') = 1, ... ord('z') = 25
Examples
split_words("Hello world!")  ["Hello", "world!"]
split_words("Hello,world!")  ["Hello", "world!"]
split_words("abcdef") == 3 

##### Global Docstring Example #####
The program takes a string `txt` as input and returns a list of words by splitting the string using the regular expression `r'\s+'` as the delimiter. The resulting list contains all the words in the string, with any whitespace characters removed.
POSITIVE
[tensor(0.1276), tensor(0.1276), tensor(0.1276), tensor(0.1441), tensor(0.1441), tensor(0.1441), tensor(0.1441), tensor(0.1441), tensor(0.1441), tensor(0.1275)]



!!!!!!!!!!!!! Evaluating Question 126 !!!!!!!!!!!!!
##### Intended Docstring #####

Given a list of numbers, return whether or not they are sorted
in ascending order. If list has more than 1 duplicate of the same
number, return False. Assume no negative numbers and only integers.

Examples
is_sorted([5])  True
is_sorted([1, 2, 3, 4, 5])  True
is_sorted([1, 3, 2, 4, 5])  False
is_sorted([1, 2, 3, 4, 5, 6])  True
is_sorted([1, 2, 3, 4, 5, 6, 7])  True
is_sorted([1, 3, 2, 4, 5, 6, 7])  False
is_sorted([1, 2, 2, 3, 3, 4])  True
is_sorted([1, 2, 2, 2, 3, 4])  False

##### Global Docstring Example #####
The program checks if a list of integers has a unique element. It does this by iterating through the list and comparing each element to the next element in the list. If any two consecutive elements are not in ascending order, the program returns False, indicating that the list does not have a unique element. If the end of the list is reached without finding any duplicate elements, the program returns True, indicating that the list has a unique element.
POSITIVE
[tensor(0.2329), tensor(0.2325), tensor(0.3834), tensor(0.2575), tensor(0.2534), tensor(0.4338), tensor(0.4294), tensor(0.2329), tensor(0.4253), tensor(0.4253)]



!!!!!!!!!!!!! Evaluating Question 127 !!!!!!!!!!!!!
##### Intended Docstring #####
You are given two intervals,
where each interval is a pair of integers. For example, interval = (start, end) = (1, 2).
The given intervals are closed which means that the interval (start, end)
includes both start and end.
For each given interval, it is assumed that its start is less or equal its end.
Your task is to determine whether the length of intersection of these two 
intervals is a prime number.
Example, the intersection of the intervals (1, 3), (2, 4) is (2, 3)
which its length is 1, which not a prime number.
If the length of the intersection is a prime number, return "YES",
otherwise, return "NO".
If the two intervals don't intersect, return "NO".


[input/output] samples:
intersection((1, 2), (2, 3)) ==> "NO"
intersection((-1, 1), (0, 4)) ==> "NO"
intersection((-3, -1), (-5, 5)) ==> "YES"

##### Global Docstring Example #####
The program is a decision-making tool that takes in two intervals represented as tuples of two values (interval1[0], interval1[1]) and (interval2[0], interval2[1]). It compares the intervals and returns "YES" if the first interval's start value is less than or equal to the second interval's start value and the first interval's end value is greater than or equal to the second interval's end value. If either of these conditions is not met, the program returns "NO".
POSITIVE
[tensor(0.1206), tensor(0.0921), tensor(0.1271), tensor(0.1271), tensor(0.0766), tensor(0.0694), tensor(0.0895), tensor(0.1271), tensor(0.0895), tensor(0.1206)]



!!!!!!!!!!!!! Evaluating Question 128 !!!!!!!!!!!!!
##### Intended Docstring #####

You are given an array arr of integers and you need to return
sum of magnitudes of integers multiplied by product of all signs
of each number in the array, represented by 1, -1 or 0.
Note: return None for empty arr.

Example:
>>> prod_signs([1, 2, 2, -4]) == -9
>>> prod_signs([0, 1]) == 0
>>> prod_signs([]) == None

##### Global Docstring Example #####
The program takes an array of integers as input and returns an integer as output. If the input array is empty, the program returns None. Otherwise, the program calculates the result by first summing the absolute values of all elements in the array using the built-in `sum()` function and the `map()` function with the `abs()` function as the argument. Then, the program multiplies the sum by the product of the elements in the array, where positive elements are multiplied by 1 and negative elements are multiplied by -1, using the built-in `prod()` function and the `
POSITIVE
[tensor(0.5060), tensor(0.1370), tensor(0.4552), tensor(0.3091), tensor(0.4635), tensor(0.4321), tensor(0.4824), tensor(0.4283), tensor(0.4709), tensor(0.4135)]



!!!!!!!!!!!!! Evaluating Question 129 !!!!!!!!!!!!!
##### Intended Docstring #####

Given a grid with N rows and N columns (N >= 2) and a positive integer k, 
each cell of the grid contains a value. Every integer in the range [1, N * N]
inclusive appears exactly once on the cells of the grid.

You have to find the minimum path of length k in the grid. You can start
from any cell, and in each step you can move to any of the neighbor cells,
in other words, you can go to cells which share an edge with you current
cell.
Please note that a path of length k means visiting exactly k cells (not
necessarily distinct).
You CANNOT go off the grid.
A path A (of length k) is considered less than a path B (of length k) if
after making the ordered lists of the values on the cells that A and B go
through (let's call them lst_A and lst_B), lst_A is lexicographically less
than lst_B, in other words, there exist an integer index i (1 <= i <= k)
such that lst_A[i] < lst_B[i] and for any j (1 <= j < i) we have
lst_A[j] = lst_B[j].
It is guaranteed that the answer is unique.
Return an ordered list of the values on the cells that the minimum path go through.

Examples:

Input: grid = [ [1,2,3], [4,5,6], [7,8,9]], k = 3
Output: [1, 2, 1]

Input: grid = [ [5,9,3], [4,1,6], [7,8,2]], k = 1
Output: [1]

##### Global Docstring Example #####
The program takes in a grid and a value "k" as input and returns a list of elements from the grid based on the value of "k". If the grid is empty or "k" is not provided, the program returns an empty list. If the grid has only one element, the program returns that element. If the grid has two elements, the program compares the first element with "k" and returns the first element if it is less than "k", otherwise it returns the second element. If the grid has three elements, the program compares the first element with "k", then compares the second element with
POSITIVE
[tensor(0.2436), tensor(0.4259), tensor(0.2045), tensor(0.2607), tensor(0.4019), tensor(0.3100), tensor(0.2470), tensor(0.4259), tensor(0.2859), tensor(0.3353)]



!!!!!!!!!!!!! Evaluating Question 130 !!!!!!!!!!!!!
##### Intended Docstring #####
Everyone knows Fibonacci sequence, it was studied deeply by mathematicians in 
the last couple centuries. However, what people don't know is Tribonacci sequence.
Tribonacci sequence is defined by the recurrence:
tri(1) = 3
tri(n) = 1 + n / 2, if n is even.
tri(n) =  tri(n - 1) + tri(n - 2) + tri(n + 1), if n is odd.
For example:
tri(2) = 1 + (2 / 2) = 2
tri(4) = 3
tri(3) = tri(2) + tri(1) + tri(4)
   = 2 + 3 + 3 = 8 
You are given a non-negative integer number n, you have to a return a list of the 
first n + 1 numbers of the Tribonacci sequence.
Examples:
tri(3) = [1, 3, 2, 8]

##### Global Docstring Example #####
The program is a simple function that takes an integer `n` as input and returns a list of integers based on the value of `n`. If `n` is 0, the function returns [0]. If `n` is 1, the function returns [1, 3]. If `n` is 2, the function returns [1, 3, 2]. If `n` is any other integer, the function returns [1, 3, 2, 8].
POSITIVE
[tensor(0.2258), tensor(0.3384), tensor(0.3384), tensor(0.1824), tensor(0.1824), tensor(0.1824), tensor(0.2912), tensor(0.3044), tensor(0.1548), tensor(0.1914)]



!!!!!!!!!!!!! Evaluating Question 131 !!!!!!!!!!!!!
##### Intended Docstring #####
Given a positive integer n, return the product of the odd digits.
Return 0 if all digits are even.
For example:
digits(1)  == 1
digits(4)  == 0
digits(235) == 15

##### Global Docstring Example #####
The program takes an integer `n` as input and returns the sum of the digits of `n` multiplied by their corresponding powers of 10. If `n` is 0, the program returns 0. If `n` is even, the program returns 0. Otherwise, the program returns the sum of the digits of `n` multiplied by their corresponding powers of 10.
POSITIVE
[tensor(0.1070), tensor(0.0491), tensor(0.0635), tensor(0.0772), tensor(0.1503), tensor(0.1070), tensor(0.0772), tensor(0.0663), tensor(0.0625), tensor(0.0635)]



!!!!!!!!!!!!! Evaluating Question 132 !!!!!!!!!!!!!
##### Intended Docstring #####

Create a function that takes a string as input which contains only square brackets.
The function should return True if and only if there is a valid subsequence of brackets 
where at least one bracket in the subsequence is nested.

is_nested('[[]]')  True
is_nested('[]]]]]]][[[[[]')  False
is_nested('[][]')  False
is_nested('[]')  False
is_nested('[[][]]')  True
is_nested('[[]][[')  True

##### Global Docstring Example #####
The program checks if a given string contains a specific pattern, which is a two-dimensional array represented as a string of square brackets. If the pattern is found, the program returns True, otherwise it returns False.
POSITIVE
[tensor(0.4774), tensor(0.1268), tensor(0.2746), tensor(0.2746), tensor(0.1261), tensor(0.1261), tensor(0.2746), tensor(0.1727), tensor(0.2746), tensor(0.3253)]



!!!!!!!!!!!!! Evaluating Question 133 !!!!!!!!!!!!!
##### Intended Docstring #####
You are given a list of numbers.
You need to return the sum of squared numbers in the given list,
round each element in the list to the upper int(Ceiling) first.
Examples:
For lst = [1,2,3] the output should be 14
For lst = [1,4,9] the output should be 98
For lst = [1,3,5,7] the output should be 84
For lst = [1.4,4.2,0] the output should be 29
For lst = [-2.4,1,1] the output should be 6



##### Global Docstring Example #####
The program calculates the sum of the squares of all elements in the input list "lst". It does this by using a list comprehension to create a new list containing the squares of each element in "lst", and then using the built-in Python function "sum" to add up all the elements in the new list. The result is returned as a single value.
POSITIVE
[tensor(0.1728), tensor(0.1567), tensor(0.1773), tensor(0.1728), tensor(0.1567), tensor(0.1728), tensor(0.1567), tensor(0.1773), tensor(0.1773), tensor(0.1567)]



!!!!!!!!!!!!! Evaluating Question 134 !!!!!!!!!!!!!
##### Intended Docstring #####

Create a function that returns True if the last character
of a given string is an alphabetical character and is not
a part of a word, and False otherwise.
Note: "word" is a group of characters separated by space.

Examples:
check_if_last_char_is_a_letter("apple pie")  False
check_if_last_char_is_a_letter("apple pi e")  True
check_if_last_char_is_a_letter("apple pi e ")  False
check_if_last_char_is_a_letter("")  False 

##### Global Docstring Example #####
This program checks if the last character of a given string is an alphabetic character. If it is, the program returns True, otherwise it returns False.
POSITIVE
[tensor(0.2830), tensor(0.3441), tensor(0.3013), tensor(0.2360), tensor(0.2172), tensor(0.3013), tensor(0.2027), tensor(0.2612), tensor(0.2364), tensor(0.2226)]



!!!!!!!!!!!!! Evaluating Question 135 !!!!!!!!!!!!!
##### Intended Docstring #####
Create a function which returns the largest index of an element which
is not greater than or equal to the element immediately preceding it. If
no such element exists then return -1. The given array will not contain
duplicate values.

Examples:
can_arrange([1,2,4,3,5]) = 3
can_arrange([1,2,3]) = -1

##### Global Docstring Example #####
This program takes an array of integers as input and returns an integer value based on the length of the array. If the length of the array is 0, the program returns -1. If the length of the array is 1, the program returns 0. Otherwise, the program calls the function `can_arrange` with the array sliced from the second element to the end, and returns the result of that function.
POSITIVE
[tensor(0.1273), tensor(0.1273), tensor(0.0725), tensor(0.2011), tensor(0.1362), tensor(0.0689), tensor(0.2649), tensor(0.1496), tensor(0.1987), tensor(0.1795)]



!!!!!!!!!!!!! Evaluating Question 136 !!!!!!!!!!!!!
##### Intended Docstring #####

Create a function that returns a tuple (a, b), where 'a' is
the largest of negative integers, and 'b' is the smallest
of positive integers in a list.
If there is no negative or positive integers, return them as None.

Examples:
largest_smallest_integers([2, 4, 1, 3, 5, 7]) == (None, 1)
largest_smallest_integers([]) == (None, None)
largest_smallest_integers([0]) == (None, None)

##### Global Docstring Example #####
This program takes a list of values as input and returns the maximum and minimum values in the list. If the list is empty, it returns None for both the maximum and minimum values.
POSITIVE
[tensor(0.3161), tensor(0.3160), tensor(0.3094), tensor(0.3160), tensor(0.0917), tensor(0.0582), tensor(0.3161), tensor(0.3162), tensor(0.3437), tensor(0.4056)]



!!!!!!!!!!!!! Evaluating Question 137 !!!!!!!!!!!!!
##### Intended Docstring #####

Create a function that takes integers, floats, or strings representing
real numbers, and returns the larger variable in its given variable type.
Return None if the values are equal.
Note: If a real number is represented as a string, the floating point might be . or ,

compare_one(1, 2.5)  2.5
compare_one(1, "2,3")  "2,3"
compare_one("5,1", "6")  "6"
compare_one("1", 1)  None

##### Global Docstring Example #####
The program is a function that takes two arguments, `a` and `b`, and returns the maximum value between them. If both `a` and `b` are of the same data type, the function returns the maximum value of that data type. If `a` and `b` are of different data types, the function converts `a` and `b` to their corresponding float values, and then returns the maximum value between them. If `a` contains a comma, the function replaces the comma with a dot before comparing the values.
POSITIVE
[tensor(0.3978), tensor(0.4203), tensor(0.3976), tensor(0.3976), tensor(0.4203), tensor(0.4239), tensor(0.4430), tensor(0.3976), tensor(0.4548), tensor(0.3976)]



!!!!!!!!!!!!! Evaluating Question 138 !!!!!!!!!!!!!
##### Intended Docstring #####
Evaluate whether the given number n can be written as the sum of exactly 4 positive even numbers
Example
is_equal_to_sum_even(4) == False
is_equal_to_sum_even(6) == False
is_equal_to_sum_even(8) == True

##### Global Docstring Example #####
The program checks if a given integer `n` is divisible by 2 and 4. If `n` is not divisible by 2 or 4, the program returns `False`. If `n` is divisible by both 2 and 4, the program returns `True`.
POSITIVE
[tensor(0.0969), tensor(0.1602), tensor(0.1593), tensor(0.0481), tensor(0.0708), tensor(0.0969), tensor(0.1154), tensor(0.0865), tensor(0.0670), tensor(0.1249)]



!!!!!!!!!!!!! Evaluating Question 139 !!!!!!!!!!!!!
##### Intended Docstring #####
The Brazilian factorial is defined as:
brazilian_factorial(n) = n! * (n-1)! * (n-2)! * ... * 1!
where n > 0

For example:
>>> special_factorial(4)
288

The function will receive an integer as input and should return the special
factorial of this integer.

##### Global Docstring Example #####
The program calculates the value of a function called "special\_factorial" for a given input "n". If "n" is 0, the program returns 1. If "n" is 1, the program returns 1. If "n" is 2, the program returns 2. Otherwise, the program calculates the value of "special\_factorial" for "n-1" and multiplies it by "n".
POSITIVE
[tensor(0.2531), tensor(0.3547), tensor(0.0884), tensor(0.3547), tensor(0.2531), tensor(0.3547), tensor(0.3474), tensor(0.3547), tensor(0.3233), tensor(0.3547)]



!!!!!!!!!!!!! Evaluating Question 140 !!!!!!!!!!!!!
##### Intended Docstring #####

Given a string text, replace all spaces in it with underscores, 
and if a string has more than 2 consecutive spaces, 
then replace all consecutive spaces with - 

fix_spaces("Example") == "Example"
fix_spaces("Example 1") == "Example_1"
fix_spaces(" Example 2") == "_Example_2"
fix_spaces(" Example   3") == "_Example-3"

##### Global Docstring Example #####
The program is a function that takes a string as input and returns a new string with all whitespace characters replaced with underscores. The intent of the program is to remove any whitespace characters from the input string.
POSITIVE
[tensor(0.2900), tensor(0.2900), tensor(0.2900), tensor(0.2900), tensor(0.3230), tensor(0.2932), tensor(0.2711), tensor(0.2900), tensor(0.2900), tensor(0.3617)]



!!!!!!!!!!!!! Evaluating Question 141 !!!!!!!!!!!!!
##### Intended Docstring #####
Create a function which takes a string representing a file's name, and returns
'Yes' if the the file's name is valid, and returns 'No' otherwise.
A file's name is considered to be valid if and only if all the following conditions 
are met:
- There should not be more than three digits ('0'-'9') in the file's name.
- The file's name contains exactly one dot '.'
- The substring before the dot should not be empty, and it starts with a letter from 
the latin alphapet ('a'-'z' and 'A'-'Z').
- The substring after the dot should be one of these: ['txt', 'exe', 'dll']
Examples:
file_name_check("example.txt") # => 'Yes'
file_name_check("1example.dll") # => 'No' (the name should start with a latin alphapet letter)

##### Global Docstring Example #####
The program checks if a given file name meets certain criteria and returns "Yes" or "No" accordingly. The criteria are:

1. The file name must have a length greater than 3 characters.
2. The file name must have exactly one dot character.
3. The dot character must not be at the beginning or end of the file name.
4. The file name must not end with a dot character.
5. The file name must have a file extension in the list ['txt', 'exe', 'dll'].

If all of these criteria are met, the program returns "
POSITIVE
[tensor(0.1765), tensor(0.1649), tensor(0.3125), tensor(0.4103), tensor(0.2652), tensor(0.4355), tensor(0.1656), tensor(0.2681), tensor(0.3503), tensor(0.3139)]



!!!!!!!!!!!!! Evaluating Question 142 !!!!!!!!!!!!!
##### Intended Docstring #####
"
This function will take a list of integers. For all entries in the list, the function shall square the integer entry if its index is a 
multiple of 3 and will cube the integer entry if its index is a multiple of 4 and not a multiple of 3. The function will not 
change the entries in the list whose indexes are not a multiple of 3 or 4. The function shall then return the sum of all entries. 

Examples:
For lst = [1,2,3] the output should be 6
For lst = []  the output should be 0
For lst = [-1,-5,2,-1,-5]  the output should be -126

##### Global Docstring Example #####
This program calculates the sum of the squares of all elements in a list that are divisible by 3, the cubes of all elements in a list that are divisible by 4, and the original values of all elements in a list that are not divisible by 3 or 4. The program initializes a variable `sum` to 0 and then iterates through each element in the input list `lst`. If the element is divisible by 3, its square is added to the `sum`. If the element is divisible by 4, its cube is added to the `sum`.
POSITIVE
[tensor(0.3475), tensor(0.2868), tensor(0.3475), tensor(0.1889), tensor(0.2932), tensor(0.2805), tensor(0.3440), tensor(0.1889), tensor(0.2742), tensor(0.3439)]



!!!!!!!!!!!!! Evaluating Question 143 !!!!!!!!!!!!!
##### Intended Docstring #####

You are given a string representing a sentence,
the sentence contains some words separated by a space,
and you have to return a string that contains the words from the original sentence,
whose lengths are prime numbers,
the order of the words in the new string should be the same as the original one.

Example 1:
Input: sentence = "This is a test"
Output: "is"

Example 2:
Input: sentence = "lets go for swimming"
Output: "go for"

Constraints:
* 1 <= len(sentence) <= 100
* sentence contains only letters

##### Global Docstring Example #####
The program takes a string `sentence` as input and returns a string that contains only the words in the sentence that have a length greater than 1. The words are separated by spaces.
POSITIVE
[tensor(0.3059), tensor(0.0978), tensor(0.6561), tensor(0.0978), tensor(0.0978), tensor(0.3195), tensor(0.6903), tensor(0.0978), tensor(0.0978), tensor(0.0978)]



!!!!!!!!!!!!! Evaluating Question 144 !!!!!!!!!!!!!
##### Intended Docstring #####
Your task is to implement a function that will simplify the expression
x * n. The function returns True if x * n evaluates to a whole number and False
otherwise. Both x and n, are string representation of a fraction, and have the following format,
<numerator>/<denominator> where both numerator and denominator are positive whole numbers.

You can assume that x, and n are valid fractions, and do not have zero as denominator.

simplify("1/5", "5/1") = True
simplify("1/6", "2/1") = False
simplify("7/10", "10/2") = False

##### Global Docstring Example #####
This program takes in two input values, n and x, and returns True if they are equal, or if the first letter of x is equal to the first letter of n. If neither of these conditions are met, the program returns False. The program uses the simplify function to recursively simplify the input values.
POSITIVE
[tensor(0.1838), tensor(0.0534), tensor(0.0506), tensor(0.1151), tensor(0.1202), tensor(0.0663), tensor(0.1865), tensor(0.1157), tensor(0.1552), tensor(0.0705)]



!!!!!!!!!!!!! Evaluating Question 145 !!!!!!!!!!!!!
##### Intended Docstring #####

Write a function which sorts the given list of integers
in ascending order according to the sum of their digits.
Note: if there are several items with similar sum of their digits,
order them based on their index in original list.

For example:
>>> order_by_points([1, 11, -1, -11, -12]) == [-1, -11, 1, -12, 11]
>>> order_by_points([]) == []

##### Global Docstring Example #####
The program takes a list of numbers as input and returns a sorted list of numbers based on the sum of their digits. The sum of digits is calculated using the built-in `sum()` function and the `map()` function to convert each number to a string and then to an integer. The `key` parameter of the `sorted()` function is set to a lambda function that calculates the sum of digits for each number in the list. The resulting list is then sorted in ascending order based on the sum of digits.
POSITIVE
[tensor(0.3874), tensor(0.3874), tensor(0.3835), tensor(0.3874), tensor(0.0375), tensor(0.3874), tensor(0.3874), tensor(0.3835), tensor(0.3874), tensor(0.3874)]



!!!!!!!!!!!!! Evaluating Question 146 !!!!!!!!!!!!!
##### Intended Docstring #####
Write a function that takes an array of numbers as input and returns 
the number of elements in the array that are greater than 10 and both 
first and last digits of a number are odd (1, 3, 5, 7, 9).
For example:
specialFilter([15, -73, 14, -15]) => 1 
specialFilter([33, -2, -3, 45, 21, 109]) => 2

##### Global Docstring Example #####
The program takes a list of integers `nums` as input and returns the length of the filtered list of integers that are greater than 10, odd, and have a remainder of 1 when divided by 10. The filtering is done using the built-in `filter()` function and a lambda function that checks for the specified conditions.
POSITIVE
[tensor(0.2963), tensor(0.2836), tensor(0.2836), tensor(0.2963), tensor(0.2836), tensor(0.2963), tensor(0.2471), tensor(0.2836), tensor(0.2036), tensor(0.3616)]



!!!!!!!!!!!!! Evaluating Question 147 !!!!!!!!!!!!!
##### Intended Docstring #####

You are given a positive integer n. You have to create an integer array a of length n.
For each i (1  i  n), the value of a[i] = i * i - i + 1.
Return the number of triples (a[i], a[j], a[k]) of a where i < j < k, 
and a[i] + a[j] + a[k] is a multiple of 3.

Example :
Input: n = 5
Output: 1
Explanation: 
a = [1, 3, 7, 13, 21]
The only valid triple is (1, 7, 13).

##### Global Docstring Example #####
The program takes an integer `n` as input and returns the sum of the elements in the list `a` that are divisible by 3. The list `a` is generated using a list comprehension that applies a function to each element in the range `1` to `n+1`. The function calculates the square of the element minus 1 and adds 1, and then multiplies the result by the element itself. The resulting list is then summed using a generator expression that filters out the elements that are not divisible by 3.
POSITIVE
[tensor(0.1902), tensor(0.0338), tensor(0.0904), tensor(0.0904), tensor(0.1443), tensor(0.0447), tensor(0.3691), tensor(0.0338), tensor(0.3691), tensor(0.3691)]



!!!!!!!!!!!!! Evaluating Question 148 !!!!!!!!!!!!!
##### Intended Docstring #####

There are eight planets in our solar system: the closerst to the Sun 
is Mercury, the next one is Venus, then Earth, Mars, Jupiter, Saturn, 
Uranus, Neptune.
Write a function that takes two planet names as strings planet1 and planet2. 
The function should return a tuple containing all planets whose orbits are 
located between the orbit of planet1 and the orbit of planet2, sorted by 
the proximity to the sun. 
The function should return an empty tuple if planet1 or planet2
are not correct planet names. 
Examples
bf("Jupiter", "Neptune") ==> ("Saturn", "Uranus")
bf("Earth", "Mercury") ==> ("Venus")
bf("Mercury", "Uranus") ==> ("Venus", "Earth", "Mars", "Jupiter", "Saturn")

##### Global Docstring Example #####
This program is a Django application that manages a database of planets. It defines a `Planet` model that represents a planet in the database, and provides methods for creating, retrieving, updating, and deleting planets. The program also includes validation rules to ensure that planet data is entered correctly. Additionally, the program includes a view that displays a list of all planets and allows users to create new planets.
POSITIVE
[tensor(0.0858), tensor(0.1669), tensor(0.1584), tensor(0.1584), tensor(0.1466), tensor(0.2646), tensor(0.2107), tensor(0.2107), tensor(0.1556), tensor(0.1734)]



!!!!!!!!!!!!! Evaluating Question 149 !!!!!!!!!!!!!
##### Intended Docstring #####
Write a function that accepts a list of strings as a parameter,
deletes the strings that have odd lengths from it,
and returns the resulted list with a sorted order,
The list is always a list of strings and never an array of numbers,
and it may contain duplicates.
The order of the list should be ascending by length of each word, and you
should return the list sorted by that rule.
If two words have the same length, sort the list alphabetically.
The function should return a list of strings in sorted order.
You may assume that all words will have the same length.
For example:
assert list_sort(["aa", "a", "aaa"]) => ["aa"]
assert list_sort(["ab", "a", "aaa", "cd"]) => ["ab", "cd"]

##### Global Docstring Example #####
The program takes a list of items as input and returns a new list of items sorted in ascending order based on the length of each item. The key function used in the sorted() function is len, which returns the length of each item in the list. The resulting list will have the shortest items at the beginning and the longest items at the end.
POSITIVE
[tensor(0.2037), tensor(0.2037), tensor(0.2037), tensor(0.2037), tensor(0.2037), tensor(0.2037), tensor(0.3162), tensor(0.2037), tensor(0.2037), tensor(0.1222)]



!!!!!!!!!!!!! Evaluating Question 150 !!!!!!!!!!!!!
##### Intended Docstring #####
A simple program which should return the value of x if n is 
a prime number and should return the value of y otherwise.

Examples:
for x_or_y(7, 34, 12) == 34
for x_or_y(15, 8, 5) == 5


##### Global Docstring Example #####
This program takes an integer `n` as input and returns either `x` or `y` based on whether `n` is even (i.e., `n % 2 == 0`). If `n` is even, the program returns `x`. Otherwise, it returns `y`.
POSITIVE
[tensor(0.0855), tensor(0.0855), tensor(0.0855), tensor(0.1807), tensor(0.0855), tensor(0.1807), tensor(0.0855), tensor(0.0855), tensor(0.0855), tensor(0.0944)]



!!!!!!!!!!!!! Evaluating Question 151 !!!!!!!!!!!!!
##### Intended Docstring #####

Given a list of numbers, return the sum of squares of the numbers
in the list that are odd. Ignore numbers that are negative or not integers.

double_the_difference([1, 3, 2, 0]) == 1 + 9 + 0 + 0 = 10
double_the_difference([-1, -2, 0]) == 0
double_the_difference([9, -2]) == 81
double_the_difference([0]) == 0  
   
If the input list is empty, return 0.

##### Global Docstring Example #####
The program calculates the sum of the squares of all odd numbers in a list. It does this by iterating through the list, checking if each number is odd (i.e., has a remainder of 1 when divided by 2), and then squaring the number and adding it to a running total. The final result is returned as the sum of all the squares of odd numbers in the list.
POSITIVE
[tensor(0.4821), tensor(0.3364), tensor(0.1423), tensor(0.1012), tensor(0.1220), tensor(0.3364), tensor(0.3831), tensor(0.2553), tensor(0.0836), tensor(0.0853)]



!!!!!!!!!!!!! Evaluating Question 152 !!!!!!!!!!!!!
##### Intended Docstring #####
I think we all remember that feeling when the result of some long-awaited
event is finally known. The feelings and thoughts you have at that moment are
definitely worth noting down and comparing.
Your task is to determine if a person correctly guessed the results of a number of matches.
You are given two arrays of scores and guesses of equal length, where each index shows a match. 
Return an array of the same length denoting how far off each guess was. If they have guessed correctly,
the value is 0, and if not, the value is the absolute difference between the guess and the score.


example:

compare([1,2,3,4,5,1],[1,2,3,4,2,-2]) -> [0,0,0,0,3,3]
compare([0,5,0,0,0,4],[4,1,1,0,0,-2]) -> [4,4,1,0,0,6]

##### Global Docstring Example #####
The program checks if the length of the game and guess arrays are equal. If they are not equal, it prints an error message and returns. If the game array is empty, it also prints an error message and returns.
POSITIVE
[tensor(0.2880), tensor(0.3389), tensor(0.2651), tensor(0.3700), tensor(0.4766), tensor(0.3966), tensor(0.1201), tensor(0.4343), tensor(0.4766), tensor(0.2572)]
Correct!



!!!!!!!!!!!!! Evaluating Question 153 !!!!!!!!!!!!!
##### Intended Docstring #####
You will be given the name of a class (a string) and a list of extensions.
The extensions are to be used to load additional classes to the class. The
strength of the extension is as follows: Let CAP be the number of the uppercase
letters in the extension's name, and let SM be the number of lowercase letters 
in the extension's name, the strength is given by the fraction CAP - SM. 
You should find the strongest extension and return a string in this 
format: ClassName.StrongestExtensionName.
If there are two or more extensions with the same strength, you should
choose the one that comes first in the list.
For example, if you are given "Slices" as the class and a list of the
extensions: ['SErviNGSliCes', 'Cheese', 'StuFfed'] then you should
return 'Slices.SErviNGSliCes' since 'SErviNGSliCes' is the strongest extension 
(its strength is -1).
Example:
for Strongest_Extension('my_class', ['AA', 'Be', 'CC']) == 'my_class.AA'

##### Global Docstring Example #####
This program calculates the strength of a given string of extensions, which are a sequence of letters. It does this by iterating through each extension and calculating its strength based on the number of uppercase letters it contains. The program keeps track of the extension with the highest strength and returns the class name followed by that extension.
POSITIVE
[tensor(0.3973), tensor(0.2859), tensor(0.3078), tensor(0.3525), tensor(0.2859), tensor(0.2859), tensor(0.2859), tensor(0.3568), tensor(0.4495), tensor(0.4049)]



!!!!!!!!!!!!! Evaluating Question 154 !!!!!!!!!!!!!
##### Intended Docstring #####
You are given 2 words. You need to return True if the second word or any of its rotations is a substring in the first word
cycpattern_check("abcd","abd") => False
cycpattern_check("hello","ell") => True
cycpattern_check("whassup","psus") => False
cycpattern_check("abab","baa") => True
cycpattern_check("efef","eeff") => False
cycpattern_check("himenss","simen") => True


##### Global Docstring Example #####
The program checks if two lists are equal by comparing their elements. If the lengths of the two lists are not equal, the program returns False. If the lengths are equal, the program iterates through each element in the two lists and checks if the element is present in both lists. If an element is found in both lists, the program returns True. If no common elements are found, the program returns False.
POSITIVE
[tensor(0.0432), tensor(0.0570), tensor(0.1204), tensor(0.0306), tensor(0.0728), tensor(0.0835), tensor(0.0301), tensor(0.0281), tensor(0.0342), tensor(0.0765)]



!!!!!!!!!!!!! Evaluating Question 155 !!!!!!!!!!!!!
##### Intended Docstring #####
Given an integer. return a tuple that has the number of even and odd digits respectively.

 Example:
even_odd_count(-12) ==> (1, 1)
even_odd_count(123) ==> (1, 2)

##### Global Docstring Example #####
The program takes an integer `num` as input and returns a tuple containing two integers. The first integer is the quotient of `num` divided by 10, rounded down to the nearest integer using the floor division operator `//`. The second integer is the remainder of `num` divided by 10, obtained using the modulo operator `%`.
POSITIVE
[tensor(0.1308), tensor(0.1428), tensor(0.0121), tensor(0.0600), tensor(0.0037), tensor(0.0044), tensor(0.0037), tensor(0.1021), tensor(0.1428), tensor(0.0037)]



!!!!!!!!!!!!! Evaluating Question 156 !!!!!!!!!!!!!
##### Intended Docstring #####

Given a positive integer, obtain its roman numeral equivalent as a string,
and return it in lowercase.
Restrictions: 1 <= num <= 1000

Examples:
>>> int_to_mini_roman(19) == 'xix'
>>> int_to_mini_roman(152) == 'clii'
>>> int_to_mini_roman(426) == 'cdxxvi'

##### Global Docstring Example #####
The program is a function that takes an integer as input and returns the corresponding Roman numeral representation of the number. The function first checks if the input number is between 1 and 1000. If it is not, a ValueError is raised. If the number is less than 10, the function returns the Roman numeral representation of the number using a dictionary. If the number is between 10 and 99, the function returns the Roman numeral representation of the number by splitting it into tens and units and concatenating the corresponding Roman numeral representations. If the number is between 100
POSITIVE
[tensor(0.4984), tensor(0.5376), tensor(0.4789), tensor(0.5104), tensor(0.1020), tensor(0.0790), tensor(0.4517), tensor(0.0595), tensor(0.1020), tensor(0.0785)]



!!!!!!!!!!!!! Evaluating Question 157 !!!!!!!!!!!!!
##### Intended Docstring #####

Given the lengths of the three sides of a triangle. Return True if the three
sides form a right-angled triangle, False otherwise.
A right-angled triangle is a triangle in which one angle is right angle or 
90 degree.
Example:
right_angle_triangle(3, 4, 5) == True
right_angle_triangle(1, 2, 3) == False

##### Global Docstring Example #####
The program is a simple conditional statement that checks if the sum of two numbers (a and b) is greater than a third number (c) in all possible combinations. If the sum of a and c is greater than b, and the sum of b and c is greater than a, and the sum of a and b is greater than c, then the program returns True. Otherwise, it returns False.
POSITIVE
[tensor(0.1398), tensor(0.1945), tensor(0.1972), tensor(0.1902), tensor(0.1534), tensor(0.1945), tensor(0.1945), tensor(0.1945), tensor(0.2448), tensor(0.2347)]



!!!!!!!!!!!!! Evaluating Question 158 !!!!!!!!!!!!!
##### Intended Docstring #####
Write a function that accepts a list of strings.
The list contains different words. Return the word with maximum number
of unique characters. If multiple strings have maximum number of unique
characters, return the one which comes first in lexicographical order.

find_max(["name", "of", "string"]) == "string"
find_max(["name", "enam", "game"]) == "enam"
find_max(["aaaaaaa", "bb" ,"cc"]) == ""aaaaaaa"

##### Global Docstring Example #####
The program is a documentation assistant that summarizes programs. It takes in a program's source code and generates a concise and precise summary of its intent. The summary is meant to provide a high-level overview of the program's functionality, without going into the low-level details of its implementation.
POSITIVE
[tensor(0.2579), tensor(0.4167), tensor(0.4167), tensor(0.1523), tensor(0.2579), tensor(0.1523), tensor(0.3057), tensor(0.4241), tensor(0.1523), tensor(0.1523)]



!!!!!!!!!!!!! Evaluating Question 159 !!!!!!!!!!!!!
##### Intended Docstring #####

You're a hungry rabbit, and you already have eaten a certain number of carrots,
but now you need to eat more carrots to complete the day's meals.
you should return an array of [ total number of eaten carrots after your meals,
the number of carrots left after your meals ]
if there are not enough remaining carrots, you will eat all remaining carrots, but will still be hungry.

Example:
* eat(5, 6, 10) -> [11, 4]
* eat(4, 8, 9) -> [12, 1]
* eat(1, 10, 10) -> [11, 0]
* eat(2, 11, 5) -> [7, 0]

Variables:
@number : integer
the number of carrots that you have eaten.
@need : integer
the number of carrots that you need to eat.
@remaining : integer
the number of remaining carrots thet exist in stock

Constrain:
* 0 <= number <= 1000
* 0 <= need <= 1000
* 0 <= remaining <= 1000

Have fun :)

##### Global Docstring Example #####
The program takes in two arguments: a number and a need. It returns a list with two elements: the difference between the number and the need, and the remaining number if the difference is less than or equal to the need. If the difference is greater than the need, the program returns a list with the remaining number and 0.
POSITIVE
[tensor(0.4593), tensor(0.3873), tensor(0.4363), tensor(0.3652), tensor(0.4632), tensor(0.3873), tensor(0.3761), tensor(0.4401), tensor(0.4059), tensor(0.4362)]



!!!!!!!!!!!!! Evaluating Question 160 !!!!!!!!!!!!!
##### Intended Docstring #####

Given two lists operator, and operand. The first list has basic algebra operations, and 
the second list is a list of integers. Use the two given lists to build the algebric 
expression and return the evaluation of this expression.

The basic algebra operations:
Addition ( + ) 
Subtraction ( - ) 
Multiplication ( * ) 
Floor division ( // ) 
Exponentiation ( ** ) 

Example:
operator['+', '*', '-']
array = [2, 3, 4, 5]
result = 2 + 3 * 4 - 5
=> result = 9

Note:
The length of operator list is equal to the length of operand list minus one.
Operand is a list of of non-negative integers.
Operator list has at least one operator, and operand list has at least two operands.


##### Global Docstring Example #####
This program is a function that takes in an operator and a list of operands, and returns the result of applying the operator to the operands. The function checks the length of the operator list and calls the appropriate function to apply the operator to the operands. If the length of the operator list is not one of the supported lengths, an exception is raised.
POSITIVE
[tensor(0.4217), tensor(0.4025), tensor(0.0636), tensor(0.2360), tensor(0.2503), tensor(0.2776), tensor(0.3338), tensor(0.3479), tensor(0.1915), tensor(0.3443)]



!!!!!!!!!!!!! Evaluating Question 161 !!!!!!!!!!!!!
##### Intended Docstring #####
You are given a string s.
if s[i] is a letter, reverse its case from lower to upper or vise versa, 
otherwise keep it as it is.
If the string contains no letters, reverse the string.
The function should return the resulted string.
Examples
solve("1234") = "4321"
solve("ab") = "AB"
solve("#a@C") = "#A@c"

##### Global Docstring Example #####
The program takes a string `s` as input and returns a new string with all non-alphabetic characters converted to lowercase. The program uses a list comprehension to iterate over each character in the input string and checks if it is an alphabetical character. If it is, the character is included in the output string as is. If it is not, the character is converted to lowercase and included in the output string. The resulting string is then returned using the `join()` method.
POSITIVE
[tensor(0.2619), tensor(0.3439), tensor(0.3908), tensor(0.3197), tensor(0.2931), tensor(0.1495), tensor(0.2836), tensor(0.3508), tensor(0.2588), tensor(0.3404)]



!!!!!!!!!!!!! Evaluating Question 162 !!!!!!!!!!!!!
##### Intended Docstring #####

Given a string 'text', return its md5 hash equivalent string.
If 'text' is an empty string, return None.

>>> string_to_md5('Hello world') == '3e25960a79dbc69b674cd4ec67a72c62'

##### Global Docstring Example #####
This program takes a string input and returns its hash value using the MD5 algorithm. If the input string is empty, the program returns None.
POSITIVE
[tensor(0.5372), tensor(0.4667), tensor(0.5372), tensor(0.5333), tensor(0.5333), tensor(0.5333), tensor(0.5333), tensor(0.5333), tensor(0.4667), tensor(0.5565)]



!!!!!!!!!!!!! Evaluating Question 163 !!!!!!!!!!!!!
##### Intended Docstring #####

Given two positive integers a and b, return the even digits between a
and b, in ascending order.

For example:
generate_integers(2, 8) => [2, 4, 6, 8]
generate_integers(8, 2) => [2, 4, 6, 8]
generate_integers(10, 14) => []

##### Global Docstring Example #####
The program takes two integers, a and b, as input and returns a list of integers. If a is greater than b, the program returns an empty list. If a is equal to b, the program returns a list containing only a. Otherwise, the program generates a list of integers from a + 2 to b and returns the list containing a and the generated integers.
POSITIVE
[tensor(0.1650), tensor(0.1772), tensor(0.1793), tensor(0.2062), tensor(0.2619), tensor(0.2036), tensor(0.1793), tensor(0.1727), tensor(0.1102), tensor(0.1466)]
Total Pass: 0.1524390243902439
