ARGS Namespace(new_tokens=128, repeat=10, batch_size=10, gen_temp=0.5, select_crit='judge-docstring-docstring', few_shot=0, timeout=30, sim_match='sentence-transformer')
########## HYPERPARAMETERS ##########
NEW_TOKENS: 128
REPEAT: 10
BATCH_SIZE: 10
GEN_TEMP: 0.5
TIMEOUT: 30
SELECT_CRITERIA: judge-docstring-docstring
FEW_SHOT 0
DOCSYNTH: mistralai/Mistral-7B-Instruct-v0.1
GENERATOR: Salesforce/codegen2-7B



!!!!!!!!!!!!! Evaluating Question 0 !!!!!!!!!!!!!
##### Intended Docstring #####
 Check if in given list of numbers, are any two numbers closer to each other than
given threshold.
>>> has_close_elements([1.0, 2.0, 3.0], 0.5)
False
>>> has_close_elements([1.0, 2.8, 3.0, 4.0, 5.0, 2.0], 0.3)
True

##### Global Docstring Example #####
The program takes in a list of numbers and a threshold value, and checks if there is any pair of consecutive numbers in the list whose absolute difference is less than or equal to the threshold. If such a pair is found, the program returns True, otherwise it returns False.
POSITIVE
[tensor(0.2515), tensor(0.2872), tensor(0.2872), tensor(0.0302), tensor(0.2872), tensor(0.2820), tensor(0.2469), tensor(0.2820), tensor(0.2343), tensor(0.1774)]



!!!!!!!!!!!!! Evaluating Question 1 !!!!!!!!!!!!!
##### Intended Docstring #####
 Input to this function is a string containing multiple groups of nested parentheses. Your goal is to
separate those group into separate strings and return the list of those.
Separate groups are balanced (each open brace is properly closed) and not nested within each other
Ignore any spaces in the input string.
>>> separate_paren_groups('( ) (( )) (( )( ))')
['()', '(())', '(()())']

##### Global Docstring Example #####
This program removes all spaces from a string using the `replace()` method. The resulting string will have no spaces between characters.
POSITIVE
[tensor(0.1315), tensor(0.4857), tensor(0.1884), tensor(0.2501), tensor(0.4746), tensor(0.4016), tensor(0.4322), tensor(0.4206), tensor(0.1884), tensor(0.3859)]



!!!!!!!!!!!!! Evaluating Question 2 !!!!!!!!!!!!!
##### Intended Docstring #####
 Given a positive floating point number, it can be decomposed into
and integer part (largest integer smaller than given number) and decimals
(leftover part always smaller than 1).

Return the decimal part of the number.
>>> truncate_number(3.5)
0.5

##### Global Docstring Example #####
The program takes a number as input and returns the rounded value of the number to the nearest integer, with one decimal place.
POSITIVE
[tensor(0.1221), tensor(0.2192), tensor(0.1418), tensor(0.1418), tensor(0.3404), tensor(0.1418), tensor(0.0917), tensor(0.2192), tensor(0.1937), tensor(0.2192)]



!!!!!!!!!!!!! Evaluating Question 3 !!!!!!!!!!!!!
##### Intended Docstring #####
 You're given a list of deposit and withdrawal operations on a bank account that starts with
zero balance. Your task is to detect if at any point the balance of account fallls below zero, and
at that point function should return True. Otherwise it should return False.
>>> below_zero([1, 2, 3])
False
>>> below_zero([1, 2, -4, 5])
True

##### Global Docstring Example #####
This program takes a list of operations and checks if any of them are less than 0. If any operation is less than 0, the program returns True. Otherwise, it returns False.
POSITIVE
[tensor(0.2970), tensor(0.2175), tensor(0.2244), tensor(0.2970), tensor(0.3513), tensor(0.2970), tensor(0.2970), tensor(0.3382), tensor(0.2970), tensor(0.2244)]



!!!!!!!!!!!!! Evaluating Question 4 !!!!!!!!!!!!!
##### Intended Docstring #####
 For a given list of input numbers, calculate Mean Absolute Deviation
around the mean of this dataset.
Mean Absolute Deviation is the average absolute difference between each
element and a centerpoint (mean in this case):
MAD = average | x - x_mean |
>>> mean_absolute_deviation([1.0, 2.0, 3.0, 4.0])
1.0

##### Global Docstring Example #####
The program calculates the mean absolute deviation (MAD) of a list of numbers. It does this by first calculating the absolute difference between each number in the list and the mean of the list, then summing up all of these differences, and finally dividing by the length of the list. The result is the average absolute difference between each number and the mean.
POSITIVE
[tensor(0.5493), tensor(0.5800), tensor(0.1248), tensor(0.5951), tensor(0.5260), tensor(0.5340), tensor(0.2681), tensor(0.5800), tensor(0.5951), tensor(0.3764)]



!!!!!!!!!!!!! Evaluating Question 5 !!!!!!!!!!!!!
##### Intended Docstring #####
 Insert a number 'delimeter' between every two consecutive elements of input list `numbers'
>>> intersperse([], 4)
[]
>>> intersperse([1, 2, 3], 4)
[1, 4, 2, 4, 3]

##### Global Docstring Example #####
The program takes a list of numbers and returns a string that concatenates the numbers with a specified delimiter. The delimiter is added at the beginning and end of the string.
POSITIVE
[tensor(0.2650), tensor(0.2650), tensor(0.2712), tensor(0.2868), tensor(0.2650), tensor(0.2902), tensor(0.2443), tensor(0.2650), tensor(0.2650), tensor(0.2869)]



!!!!!!!!!!!!! Evaluating Question 6 !!!!!!!!!!!!!
##### Intended Docstring #####
 Input to this function is a string represented multiple groups for nested parentheses separated by spaces.
For each of the group, output the deepest level of nesting of parentheses.
E.g. (()()) has maximum two levels of nesting while ((())) has three.

>>> parse_nested_parens('(()()) ((())) () ((())()())')
[2, 3, 1, 3]

##### Global Docstring Example #####
This program takes a string of parentheses and returns a list of the number of nested parentheses in each substring of the string up to the current index. It does this by iterating through each character in the string and using the `parse_nested_parens` function to count the number of nested parentheses in the substring up to that character. The resulting list contains the number of nested parentheses in each substring.
POSITIVE
[tensor(0.3163), tensor(0.1852), tensor(0.1716), tensor(0.0911), tensor(0.2646), tensor(0.3369), tensor(0.0969), tensor(0.0573), tensor(0.3298), tensor(0.1272)]



!!!!!!!!!!!!! Evaluating Question 7 !!!!!!!!!!!!!
##### Intended Docstring #####
 Filter an input list of strings only for ones that contain given substring
>>> filter_by_substring([], 'a')
[]
>>> filter_by_substring(['abc', 'bacd', 'cde', 'array'], 'a')
['abc', 'bacd', 'array']

##### Global Docstring Example #####
The program is a filter that searches for a specified substring within a list of strings and returns a new list containing only the strings that contain the substring.
POSITIVE
[tensor(0.4708), tensor(0.4708), tensor(0.4708), tensor(0.4708), tensor(0.4708), tensor(0.4708), tensor(0.4708), tensor(0.4708), tensor(0.4708), tensor(0.4708)]
Correct!



!!!!!!!!!!!!! Evaluating Question 8 !!!!!!!!!!!!!
##### Intended Docstring #####
 For a given list of integers, return a tuple consisting of a sum and a product of all the integers in a list.
Empty sum should be equal to 0 and empty product should be equal to 1.
>>> sum_product([])
(0, 1)
>>> sum_product([1, 2, 3, 4])
(10, 24)

##### Global Docstring Example #####
The program calculates the sum and product of a list of numbers. It initializes two variables, sum\_ and product\_, to 0. It then iterates through each number in the list using a for loop. For each number, it adds the number to the sum\_ variable and multiplies the product\_ variable by the number. Finally, it returns both the sum\_ and product\_ variables.
POSITIVE
[tensor(0.4911), tensor(0.4833), tensor(0.4833), tensor(0.5144), tensor(0.5299), tensor(0.4833), tensor(0.5533), tensor(0.0854), tensor(0.4833), tensor(0.4833)]
Correct!



!!!!!!!!!!!!! Evaluating Question 9 !!!!!!!!!!!!!
##### Intended Docstring #####
 From a given list of integers, generate a list of rolling maximum element found until given moment
in the sequence.
>>> rolling_max([1, 2, 3, 2, 3, 4, 2])
[1, 2, 3, 3, 3, 4, 4]

##### Global Docstring Example #####
The program takes a list of numbers as input and returns a new list containing the maximum value from a window of size 3 for each position in the input list. The window is defined as the sublist of the input list starting at the current position and extending for the next 3 positions. The program uses the built-in Python function `max()` to find the maximum value in each window.
POSITIVE
[tensor(0.3951), tensor(0.1271), tensor(0.1867), tensor(0.1372), tensor(0.2998), tensor(0.2358), tensor(0.1487), tensor(0.1409), tensor(0.1939), tensor(0.1738)]



!!!!!!!!!!!!! Evaluating Question 10 !!!!!!!!!!!!!
##### Intended Docstring #####
 Test if given string is a palindrome 
##### Global Docstring Example #####
This program finds the longest palindrome prefix of a given string. It does this by iterating through all possible prefixes of the string and checking if they are palindromes. If a palindrome prefix is found and its length is greater than the current longest prefix, it updates the longest prefix. Finally, the program returns the longest prefix followed by the reversed string.
POSITIVE
[tensor(0.0821), tensor(0.0901), tensor(0.1635), tensor(0.1060), tensor(0.1347), tensor(0.0465), tensor(0.0940), tensor(0.1635), tensor(0.0922), tensor(0.0553)]



!!!!!!!!!!!!! Evaluating Question 11 !!!!!!!!!!!!!
##### Intended Docstring #####
 Input are two strings a and b consisting only of 1s and 0s.
Perform binary XOR on these inputs and return result also as a string.
>>> string_xor('010', '110')
'100'

##### Global Docstring Example #####
The program takes two input sequences (a and b) and returns a new sequence that is either all zeros or the XOR of the corresponding characters in the input sequences. If the lengths of the input sequences are not equal, a ValueError is raised. If either input sequence is empty, the program returns the empty sequence. If the input sequences are equal, the program returns all zeros. Otherwise, the program returns a new sequence formed by XORing the corresponding characters in the input sequences.
POSITIVE
[tensor(0.3836), tensor(0.2708), tensor(0.3984), tensor(0.3872), tensor(0.3872), tensor(0.3546), tensor(0.3544), tensor(0.3984), tensor(0.1705), tensor(0.2384)]



!!!!!!!!!!!!! Evaluating Question 12 !!!!!!!!!!!!!
##### Intended Docstring #####
 Out of list of strings, return the longest one. Return the first one in case of multiple
strings of the same length. Return None in case the input list is empty.
>>> longest([])

>>> longest(['a', 'b', 'c'])
'a'
>>> longest(['a', 'bb', 'ccc'])
'ccc'

##### Global Docstring Example #####
This program takes a list of strings as input and returns the longest string in the list. If the list is empty, it returns None. If the list has only one string, it returns that string. Otherwise, it uses the built-in Python function `max()` to find the longest string in the list, using the `key` parameter to specify the length of each string as the comparison criterion.
POSITIVE
[tensor(0.4363), tensor(0.4359), tensor(0.1012), tensor(0.4208), tensor(0.1012), tensor(0.4363), tensor(0.4208), tensor(0.4132), tensor(0.4132), tensor(0.4208)]
Correct!



!!!!!!!!!!!!! Evaluating Question 13 !!!!!!!!!!!!!
##### Intended Docstring #####
 Return a greatest common divisor of two integers a and b
>>> greatest_common_divisor(3, 5)
1
>>> greatest_common_divisor(25, 15)
5

##### Global Docstring Example #####
The program takes two arguments, `a` and `b`, and returns the value of `a` if `b` is equal to 0, or the greatest common divisor of `a` and `b` if `b` is not equal to 0. The greatest common divisor is calculated using the Euclidean algorithm.
POSITIVE
[tensor(0.4254), tensor(0.0491), tensor(0.4140), tensor(0.5146), tensor(0.5146), tensor(0.1214), tensor(0.4140), tensor(0.4140), tensor(0.4140), tensor(0.4140)]



!!!!!!!!!!!!! Evaluating Question 14 !!!!!!!!!!!!!
##### Intended Docstring #####
 Return list of all prefixes from shortest to longest of the input string
>>> all_prefixes('abc')
['a', 'ab', 'abc']

##### Global Docstring Example #####
The program takes a string as input and returns a list of all substrings of the string, up to a maximum length of i. The substrings are generated by slicing the original string using the range function, and the resulting list is returned.
POSITIVE
[tensor(0.2443), tensor(0.1254), tensor(0.2443), tensor(0.2443), tensor(0.1556), tensor(0.2932), tensor(0.2932), tensor(0.2932), tensor(0.2443), tensor(0.2443)]



!!!!!!!!!!!!! Evaluating Question 15 !!!!!!!!!!!!!
##### Intended Docstring #####
 Return a string containing space-delimited numbers starting from 0 upto n inclusive.
>>> string_sequence(0)
'0'
>>> string_sequence(5)
'0 1 2 3 4 5'

##### Global Docstring Example #####
This program takes an integer `n` as input and returns a string representation of the numbers from 1 to `n+1`, separated by spaces. If `n` is less than 0, the program raises a `ValueError`. If `n` is equal to 0, the program returns the string "0".
POSITIVE
[tensor(0.2901), tensor(0.3406), tensor(0.2870), tensor(0.3337), tensor(0.3406), tensor(0.2870), tensor(0.2870), tensor(0.2516), tensor(0.3406), tensor(0.2666)]



!!!!!!!!!!!!! Evaluating Question 16 !!!!!!!!!!!!!
##### Intended Docstring #####
 Given a string, find out how many distinct characters (regardless of case) does it consist of
>>> count_distinct_characters('xyzXYZ')
3
>>> count_distinct_characters('Jerry')
4

##### Global Docstring Example #####
The program calculates the length of a string by removing any duplicate characters and counting the remaining unique characters. It does this by converting the input string to a set, which automatically removes any duplicate values, and then using the len() function to count the number of elements in the set. The resulting length is returned as output.
POSITIVE
[tensor(0.4212), tensor(0.1772), tensor(0.4212), tensor(0.4212), tensor(0.4212), tensor(0.4212), tensor(0.4212), tensor(0.4212), tensor(0.4212), tensor(0.4212)]



!!!!!!!!!!!!! Evaluating Question 17 !!!!!!!!!!!!!
##### Intended Docstring #####
 Input to this function is a string representing musical notes in a special ASCII format.
Your task is to parse this string and return list of integers corresponding to how many beats does each
not last.

Here is a legend:
'o' - whole note, lasts four beats
'o|' - half note, lasts two beats
'.|' - quater note, lasts one beat

>>> parse_music('o o| .| o| o| .| .| .| .| o o')
[4, 2, 1, 2, 2, 1, 1, 1, 1, 4, 4]

##### Global Docstring Example #####
The program takes a string of comma-separated music numbers and converts it into a list of integers. It does this by splitting the string into a list of individual music numbers, converting each number to an integer, and then returning the resulting list of integers.
POSITIVE
[tensor(0.3903), tensor(0.4660), tensor(0.4395), tensor(0.3260), tensor(0.2737), tensor(0.4282), tensor(0.4243), tensor(0.3682), tensor(0.3125), tensor(0.2647)]



!!!!!!!!!!!!! Evaluating Question 18 !!!!!!!!!!!!!
##### Intended Docstring #####
 Find how many times a given substring can be found in the original string. Count overlaping cases.
>>> how_many_times('', 'a')
0
>>> how_many_times('aaa', 'a')
3
>>> how_many_times('aaaa', 'aa')
3

##### Global Docstring Example #####
This program counts the number of occurrences of a substring within a given string. It does this by iterating over all possible substring positions within the string, and checking if each substring matches the given substring. If a match is found, the count is incremented. The final count is returned at the end of the program.
POSITIVE
[tensor(0.4590), tensor(0.3616), tensor(0.3835), tensor(0.4437), tensor(0.4361), tensor(0.4553), tensor(0.1961), tensor(0.4361), tensor(0.4513), tensor(0.4513)]
Correct!



!!!!!!!!!!!!! Evaluating Question 19 !!!!!!!!!!!!!
##### Intended Docstring #####
 Input is a space-delimited string of numberals from 'zero' to 'nine'.
Valid choices are 'zero', 'one', 'two', 'three', 'four', 'five', 'six', 'seven', 'eight' and 'nine'.
Return the string with numbers sorted from smallest to largest
>>> sort_numbers('three one five')
'one three five'

##### Global Docstring Example #####
This program takes a list of numbers as input, splits them into individual numbers, sorts them in ascending order, and returns a string representation of the sorted numbers, with each number separated by a space.
POSITIVE
[tensor(0.2646), tensor(0.2216), tensor(0.2617), tensor(0.2617), tensor(0.2216), tensor(0.2617), tensor(0.2617), tensor(0.2437), tensor(0.2216), tensor(0.2617)]



!!!!!!!!!!!!! Evaluating Question 20 !!!!!!!!!!!!!
##### Intended Docstring #####
 From a supplied list of numbers (of length at least two) select and return two that are the closest to each
other and return them in order (smaller number, larger number).
>>> find_closest_elements([1.0, 2.0, 3.0, 4.0, 5.0, 2.2])
(2.0, 2.2)
>>> find_closest_elements([1.0, 2.0, 3.0, 4.0, 5.0, 2.0])
(2.0, 2.0)

##### Global Docstring Example #####
The program is a function that takes a list of numbers as input and returns the two closest elements in the list. If the list has less than two elements, it raises a ValueError. The function iterates through the list starting from the third element and compares the absolute difference between each element and the closest elements. If the absolute difference between the current element and the closest element is greater than the absolute difference between the other closest element and the current element, the closest elements are updated to the current element and the next element in the list. Otherwise, the closest elements remain the same.
POSITIVE
[tensor(0.5374), tensor(0.2011), tensor(0.4095), tensor(0.2098), tensor(0.2412), tensor(0.1495), tensor(0.2555), tensor(0.1936), tensor(0.2618), tensor(0.5720)]



!!!!!!!!!!!!! Evaluating Question 21 !!!!!!!!!!!!!
##### Intended Docstring #####
 Given list of numbers (of at least two elements), apply a linear transform to that list,
such that the smallest number will become 0 and the largest will become 1
>>> rescale_to_unit([1.0, 2.0, 3.0, 4.0, 5.0])
[0.0, 0.25, 0.5, 0.75, 1.0]

##### Global Docstring Example #####
This program takes a list of numbers as input and returns a list of values calculated by dividing each number in the input list by the range of the input list. The range is calculated by subtracting the minimum value from the maximum value in the input list.
POSITIVE
[tensor(0.1865), tensor(0.1912), tensor(0.1937), tensor(0.2742), tensor(0.0789), tensor(0.1727), tensor(0.1962), tensor(0.1865), tensor(0.0824), tensor(0.1727)]



!!!!!!!!!!!!! Evaluating Question 22 !!!!!!!!!!!!!
##### Intended Docstring #####
 Filter given list of any python values only for integers
>>> filter_integers(['a', 3.14, 5])
[5]
>>> filter_integers([1, 2, 3, 'abc', {}, []])
[1, 2, 3]

##### Global Docstring Example #####
The program takes a list of values and returns a new list containing only the integer values from the original list. It does this by iterating over each value in the original list, checking if it is an integer using the `isinstance()` function, and converting it to an integer using the `int()` function. The resulting list only contains the integer values.
POSITIVE
[tensor(0.4022), tensor(0.2869), tensor(0.2712), tensor(0.4175), tensor(0.2712), tensor(0.2869), tensor(0.4022), tensor(0.2712), tensor(0.4175), tensor(0.2712)]
Correct!



!!!!!!!!!!!!! Evaluating Question 23 !!!!!!!!!!!!!
##### Intended Docstring #####
 Return length of given string
>>> strlen('')
0
>>> strlen('abc')
3

##### Global Docstring Example #####
The program calculates the length of a given string. It takes a string as input and returns the number of characters in the string.
POSITIVE
[tensor(0.3693), tensor(0.3693), tensor(0.3693), tensor(0.3693), tensor(0.3693), tensor(0.3693), tensor(0.3693), tensor(0.3693), tensor(0.3693), tensor(0.3693)]
Correct!



!!!!!!!!!!!!! Evaluating Question 24 !!!!!!!!!!!!!
##### Intended Docstring #####
 For a given number n, find the largest number that divides n evenly, smaller than n
>>> largest_divisor(15)
5

##### Global Docstring Example #####
The program is a simple algorithm that finds the greatest common divisor (GCD) of two integers. It takes an integer `n` as input and returns the GCD of `n` and the current value of `i`. The algorithm iterates through all possible values of `i` from 1 to `n`, checking if `n` is divisible by `i`. If `n` is divisible by `i`, the GCD is returned as `i`. If `i` is not divisible by `n`, the algorithm continues to the next value of `i`. If `i` is greater
POSITIVE
[tensor(0.3440), tensor(0.2899), tensor(0.2445), tensor(0.3407), tensor(0.2472), tensor(0.3694), tensor(0.3303), tensor(0.2561), tensor(0.3407), tensor(0.3371)]



!!!!!!!!!!!!! Evaluating Question 25 !!!!!!!!!!!!!
##### Intended Docstring #####
 Return list of prime factors of given integer in the order from smallest to largest.
Each of the factors should be listed number of times corresponding to how many times it appeares in factorization.
Input number should be equal to the product of all factors
>>> factorize(8)
[2, 2, 2]
>>> factorize(25)
[5, 5]
>>> factorize(70)
[2, 5, 7]

##### Global Docstring Example #####
The program is a function that takes an integer `n` as input and returns a list of factors of `n`. It does this by iterating over all integers `i` from 1 to `n`, checking if `n` is divisible by `i`, and if so, appending both `i` and `n // i` (the quotient of `n` divided by `i`) to a list of factors. The final list of factors is returned at the end of the function.
POSITIVE
[tensor(0.1012), tensor(0.0560), tensor(0.1041), tensor(0.0480), tensor(0.2961), tensor(0.1388), tensor(0.0860), tensor(0.0169), tensor(0.1078), tensor(0.0211)]



!!!!!!!!!!!!! Evaluating Question 26 !!!!!!!!!!!!!
##### Intended Docstring #####
 From a list of integers, remove all elements that occur more than once.
Keep order of elements left the same as in the input.
>>> remove_duplicates([1, 2, 3, 2, 4])
[1, 3, 4]

##### Global Docstring Example #####
The program takes a list of numbers as input and returns a new list containing only the unique elements from the input list. The unique elements are determined using the set data structure, which automatically removes duplicates. The resulting list is then converted back to a list using the built-in `list()` function.
POSITIVE
[tensor(0.4023), tensor(0.4023), tensor(0.3580), tensor(0.3986), tensor(0.4023), tensor(0.4023), tensor(0.4285), tensor(0.4023), tensor(0.0027), tensor(0.4023)]



!!!!!!!!!!!!! Evaluating Question 27 !!!!!!!!!!!!!
##### Intended Docstring #####
 For a given string, flip lowercase characters to uppercase and uppercase to lowercase.
>>> flip_case('Hello')
'hELLO'

##### Global Docstring Example #####
The `string.swapcase()` function is a built-in Python function that converts all the characters in a string to their uppercase and lowercase versions. It returns a new string with the characters swapped. This function is useful for converting text to a specific case or for formatting text.
POSITIVE
[tensor(0.3476), tensor(0.3476), tensor(0.3476), tensor(0.3476), tensor(0.3476), tensor(0.3476), tensor(0.3476), tensor(0.3476), tensor(0.3476), tensor(0.3476)]
Correct!



!!!!!!!!!!!!! Evaluating Question 28 !!!!!!!!!!!!!
##### Intended Docstring #####
 Concatenate list of strings into a single string
>>> concatenate([])
''
>>> concatenate(['a', 'b', 'c'])
'abc'

##### Global Docstring Example #####
The program takes a list of strings as input and returns a concatenated string by joining all the elements of the list using the join() method. The resulting string is returned as output.
POSITIVE
[tensor(0.4024), tensor(0.4024), tensor(0.4024), tensor(0.4024), tensor(0.4024), tensor(0.4024), tensor(0.4024), tensor(0.4024), tensor(0.4024), tensor(0.4024)]
Correct!



!!!!!!!!!!!!! Evaluating Question 29 !!!!!!!!!!!!!
##### Intended Docstring #####
 Filter an input list of strings only for ones that start with a given prefix.
>>> filter_by_prefix([], 'a')
[]
>>> filter_by_prefix(['abc', 'bcd', 'cde', 'array'], 'a')
['abc', 'array']

##### Global Docstring Example #####
The program is a filter that takes a list of strings and a prefix as input, and returns a new list containing only the strings that start with the given prefix.
POSITIVE
[tensor(0.5061), tensor(0.5061), tensor(0.5061), tensor(0.5061), tensor(0.5061), tensor(0.5061), tensor(0.5061), tensor(0.5061), tensor(0.5061), tensor(0.5061)]
Correct!



!!!!!!!!!!!!! Evaluating Question 30 !!!!!!!!!!!!!
##### Intended Docstring #####
Return only positive numbers in the list.
>>> get_positive([-1, 2, -4, 5, 6])
[2, 5, 6]
>>> get_positive([5, 3, -5, 2, -3, 3, 9, 0, 123, 1, -10])
[5, 3, 2, 3, 9, 123, 1]

##### Global Docstring Example #####
The program is a filter that takes a list of integers as input and returns a new list containing only the positive integers from the original list.
POSITIVE
[tensor(0.4671), tensor(0.4671), tensor(0.4440), tensor(0.4440), tensor(0.4096), tensor(0.5530), tensor(0.5530), tensor(0.4440), tensor(0.4440), tensor(0.4671)]
Correct!



!!!!!!!!!!!!! Evaluating Question 31 !!!!!!!!!!!!!
##### Intended Docstring #####
Return true if a given number is prime, and false otherwise.
>>> is_prime(6)
False
>>> is_prime(101)
True
>>> is_prime(11)
True
>>> is_prime(13441)
True
>>> is_prime(61)
True
>>> is_prime(4)
False
>>> is_prime(1)
False

##### Global Docstring Example #####
This program checks whether a given number `n` is prime or not. It does this by iterating over all numbers `i` from 2 to the square root of `n`, and checking if `n` is divisible by `i`. If `n` is divisible by any of these numbers, it is not prime and the program returns `False`. If `n` is not divisible by any of these numbers, it is prime and the program returns `True`.
POSITIVE
[tensor(0.5025), tensor(0.4988), tensor(0.0659), tensor(0.0573), tensor(0.4786), tensor(0.0697), tensor(0.0697), tensor(0.4988), tensor(0.5025), tensor(0.0953)]



!!!!!!!!!!!!! Evaluating Question 32 !!!!!!!!!!!!!
##### Intended Docstring #####

Evaluates polynomial with coefficients xs at point x.
return xs[0] + xs[1] * x + xs[1] * x^2 + .... xs[n] * x^n

##### Global Docstring Example #####
The program takes a list of integers `xs` as input and returns the quotient of the second element in the list divided by the difference between the first and second elements in the list, if the length of the list is even. If the length of the list is odd, the program returns `None`.
POSITIVE
[tensor(0.0133), tensor(0.0107), tensor(0.0257), tensor(0.0831), tensor(0.0095), tensor(0.0244), tensor(0.0595), tensor(0.0964), tensor(0.1230), tensor(0.1913)]



!!!!!!!!!!!!! Evaluating Question 33 !!!!!!!!!!!!!
##### Intended Docstring #####
This function takes a list l and returns a list l' such that
l' is identical to l in the indicies that are not divisible by three, while its values at the indicies that are divisible by three are equal
to the values of the corresponding indicies of l, but sorted.
>>> sort_third([1, 2, 3])
[1, 2, 3]
>>> sort_third([5, 6, 3, 4, 8, 9, 2])
[2, 6, 3, 4, 8, 9, 5]

##### Global Docstring Example #####
The program is a simple filter that takes a list of integers as input and returns a new list containing only the elements of the input list that are divisible by 3. The program iterates through each element of the input list, checks if it is divisible by 3, and appends it to a new list if it is. Finally, the program sorts the new list in ascending order and returns it.
POSITIVE
[tensor(0.3368), tensor(0.3403), tensor(0.2544), tensor(0.2602), tensor(0.2914), tensor(0.3404), tensor(0.2866), tensor(0.1545), tensor(0.2557), tensor(0.2996)]



!!!!!!!!!!!!! Evaluating Question 34 !!!!!!!!!!!!!
##### Intended Docstring #####
Return sorted unique elements in a list
>>> unique([5, 3, 5, 2, 3, 3, 9, 0, 123])
[0, 2, 3, 5, 9, 123]

##### Global Docstring Example #####
The program takes a list of items, removes any duplicates, and returns the sorted list of unique items.
POSITIVE
[tensor(0.3337), tensor(0.3337), tensor(0.3337), tensor(0.3337), tensor(0.1609), tensor(0.3337), tensor(0.3337), tensor(0.3337), tensor(0.3337), tensor(0.1609)]
Correct!



!!!!!!!!!!!!! Evaluating Question 35 !!!!!!!!!!!!!
##### Intended Docstring #####
Return maximum element in the list.
>>> max_element([1, 2, 3])
3
>>> max_element([5, 3, -5, 2, -3, 3, 9, 0, 123, 1, -10])
123

##### Global Docstring Example #####
The program `return max(l)` is a function that takes a list `l` as input and returns the maximum value in the list. The function uses the built-in Python function `max()` to find the maximum value in the list and returns it.
POSITIVE
[tensor(0.4562), tensor(0.4562), tensor(0.4562), tensor(0.4562), tensor(0.0308), tensor(0.4562), tensor(0.4562), tensor(0.4562), tensor(0.4562), tensor(0.4562)]
Correct!



!!!!!!!!!!!!! Evaluating Question 36 !!!!!!!!!!!!!
##### Intended Docstring #####
Return the number of times the digit 7 appears in integers less than n which are divisible by 11 or 13.
>>> fizz_buzz(50)
0
>>> fizz_buzz(78)
2
>>> fizz_buzz(79)
3

##### Global Docstring Example #####
The program calculates the sum of numbers from 1 to n that are not divisible by 3 or 5, or both. It does this by iterating through the range of numbers from 1 to n, and for each number, it checks if it is divisible by 3 or 5, or both. If the number is not divisible by either 3 or 5, it is added to the sum. The final sum is then returned.
POSITIVE
[tensor(0.0565), tensor(0.1457), tensor(0.1264), tensor(0.1545), tensor(0.1388), tensor(0.1705), tensor(0.2357), tensor(0.0824), tensor(0.1457), tensor(0.1389)]



!!!!!!!!!!!!! Evaluating Question 37 !!!!!!!!!!!!!
##### Intended Docstring #####
This function takes a list l and returns a list l' such that
l' is identical to l in the odd indicies, while its values at the even indicies are equal
to the values of the even indicies of l, but sorted.
>>> sort_even([1, 2, 3])
[1, 2, 3]
>>> sort_even([5, 6, 3, 4])
[3, 6, 5, 4]

##### Global Docstring Example #####
The program takes a list of integers as input and returns a new list containing only the even and odd numbers from the original list. The even and odd numbers are separated by a space in the output. The program uses list comprehensions to extract the even and odd numbers from the input list, and then concatenates them together. The resulting list is then sorted and returned.
POSITIVE
[tensor(0.2371), tensor(0.2153), tensor(0.1650), tensor(0.2619), tensor(0.2074), tensor(0.1587), tensor(0.3230), tensor(0.1986), tensor(0.2620), tensor(0.0237)]



!!!!!!!!!!!!! Evaluating Question 38 !!!!!!!!!!!!!
##### Intended Docstring #####

returns encoded string by cycling groups of three characters.

##### Global Docstring Example #####
The program is a documentation assistant that summarizes programs. It takes in a program's source code and generates a concise and precise summary of its intent. The summary is meant to provide a high-level overview of the program's functionality, without going into the low-level details of its implementation.
POSITIVE
[tensor(0.0763), tensor(0.0763), tensor(0.0763), tensor(0.0763), tensor(0.0763), tensor(0.0763), tensor(0.0763), tensor(0.0763), tensor(0.0763), tensor(0.0763)]



!!!!!!!!!!!!! Evaluating Question 39 !!!!!!!!!!!!!
##### Intended Docstring #####

prime_fib returns n-th number that is a Fibonacci number and it's also prime.
>>> prime_fib(1)
2
>>> prime_fib(2)
3
>>> prime_fib(3)
5
>>> prime_fib(4)
13
>>> prime_fib(5)
89

##### Global Docstring Example #####
The program is a recursive function that calculates the nth prime number using the Fibonacci sequence. If n is equal to 1, the function returns 2. If n is equal to 2, the function returns 3. Otherwise, the function calls itself with n-1 and n-2 as arguments and adds the results together.
POSITIVE
[tensor(0.2713), tensor(0.0566), tensor(0.2488), tensor(0.0574), tensor(0.0689), tensor(0.2488), tensor(0.2636), tensor(0.0730), tensor(0.2488), tensor(0.2488)]



!!!!!!!!!!!!! Evaluating Question 40 !!!!!!!!!!!!!
##### Intended Docstring #####

triples_sum_to_zero takes a list of integers as an input.
it returns True if there are three distinct elements in the list that
sum to zero, and False otherwise.

>>> triples_sum_to_zero([1, 3, 5, 0])
False
>>> triples_sum_to_zero([1, 3, -2, 1])
True
>>> triples_sum_to_zero([1, 2, 3, 7])
False
>>> triples_sum_to_zero([2, 4, -5, 3, 9, 7])
True
>>> triples_sum_to_zero([1])
False

##### Global Docstring Example #####
The program takes a list `l` as input and returns `True` if the sum of the elements in the list is 0 and the set of unique elements in the list has a size of 3. Otherwise, it returns `False`.
POSITIVE
[tensor(0.2499), tensor(0.3226), tensor(0.2012), tensor(0.0615), tensor(0.1614), tensor(0.2681), tensor(0.1614), tensor(0.1253), tensor(0.1614), tensor(0.2955)]



!!!!!!!!!!!!! Evaluating Question 41 !!!!!!!!!!!!!
##### Intended Docstring #####

Imagine a road that's a perfectly straight infinitely long line.
n cars are driving left to right;  simultaneously, a different set of n cars
are driving right to left.   The two sets of cars start out being very far from
each other.  All cars move in the same speed.  Two cars are said to collide
when a car that's moving left to right hits a car that's moving right to left.
However, the cars are infinitely sturdy and strong; as a result, they continue moving
in their trajectory as if they did not collide.

This function outputs the number of such collisions.

##### Global Docstring Example #####
This program calculates the number of collisions between two objects in a given range of positions. It does this by iterating through all pairs of objects in the range and checking if their positions differ by only 1. If a collision is detected, the program increments a counter and returns the total number of collisions.
POSITIVE
[tensor(0.3158), tensor(0.0903), tensor(0.1905), tensor(0.0501), tensor(0.0625), tensor(0.1905), tensor(0.0829), tensor(0.1419), tensor(0.0530), tensor(0.0783)]



!!!!!!!!!!!!! Evaluating Question 42 !!!!!!!!!!!!!
##### Intended Docstring #####
Return list with elements incremented by 1.
>>> incr_list([1, 2, 3])
[2, 3, 4]
>>> incr_list([5, 3, 5, 2, 3, 3, 9, 0, 123])
[6, 4, 6, 3, 4, 4, 10, 1, 124]

##### Global Docstring Example #####
The program takes a list `l` as input and returns a new list where each element is the value of the corresponding element in `l` plus one.
POSITIVE
[tensor(0.3728), tensor(0.3728), tensor(0.3728), tensor(0.3728), tensor(0.1527), tensor(0.3728), tensor(0.3728), tensor(0.4101), tensor(0.2713), tensor(0.3912)]



!!!!!!!!!!!!! Evaluating Question 43 !!!!!!!!!!!!!
##### Intended Docstring #####

pairs_sum_to_zero takes a list of integers as an input.
it returns True if there are two distinct elements in the list that
sum to zero, and False otherwise.
>>> pairs_sum_to_zero([1, 3, 5, 0])
False
>>> pairs_sum_to_zero([1, 3, -2, 1])
False
>>> pairs_sum_to_zero([1, 2, 3, 7])
False
>>> pairs_sum_to_zero([2, 4, -5, 3, 5, 7])
True
>>> pairs_sum_to_zero([1])
False

##### Global Docstring Example #####
The program is a documentation assistant that summarizes programs. It takes in a program's source code and generates a concise and precise summary of its intent. The summary is meant to provide a high-level overview of the program's functionality, without going into the low-level details of its implementation.
POSITIVE
[tensor(0.3521), tensor(0.3102), tensor(0.2799), tensor(0.2797), tensor(0.3521), tensor(0.3121), tensor(0.2478), tensor(0.3121), tensor(0.2799), tensor(0.2799)]



!!!!!!!!!!!!! Evaluating Question 44 !!!!!!!!!!!!!
##### Intended Docstring #####
Change numerical base of input number x to base.
return string representation after the conversion.
base numbers are less than 10.
>>> change_base(8, 3)
'22'
>>> change_base(8, 2)
'1000'
>>> change_base(7, 2)
'111'

##### Global Docstring Example #####
This program takes an integer `x` and a base `base` as input and returns the string representation of `x` in the specified base. The program first checks if the base is valid (i.e., between 2 and 16). If the base is not valid, a `ValueError` is raised. If the base is 10, the string representation of `x` is returned. If the base is 16, the hexadecimal representation of `x` is returned with the prefix "0x" removed. If the base is 2, the binary representation of `x`
POSITIVE
[tensor(0.3197), tensor(0.2870), tensor(0.2712), tensor(0.2870), tensor(0.2807), tensor(0.2683), tensor(0.1867), tensor(0.2934), tensor(0.2622), tensor(0.2870)]



!!!!!!!!!!!!! Evaluating Question 45 !!!!!!!!!!!!!
##### Intended Docstring #####
Given length of a side and high return area for a triangle.
>>> triangle_area(5, 3)
7.5

##### Global Docstring Example #####
The program calculates the average of two numbers, a and h, by multiplying them together and dividing by 2. The result is returned as output.
POSITIVE
[tensor(0.0627), tensor(0.0390), tensor(0.0557), tensor(0.0627), tensor(0.0627), tensor(0.0477), tensor(0.0627), tensor(0.0627), tensor(0.0390), tensor(0.0557)]
Correct!



!!!!!!!!!!!!! Evaluating Question 46 !!!!!!!!!!!!!
##### Intended Docstring #####
The Fib4 number sequence is a sequence similar to the Fibbonacci sequnece that's defined as follows:
fib4(0) -> 0
fib4(1) -> 0
fib4(2) -> 2
fib4(3) -> 0
fib4(n) -> fib4(n-1) + fib4(n-2) + fib4(n-3) + fib4(n-4).
Please write a function to efficiently compute the n-th element of the fib4 number sequence.  Do not use recursion.
>>> fib4(5)
4
>>> fib4(6)
8
>>> fib4(7)
14

##### Global Docstring Example #####
The program is a recursive function that calculates the nth Fibonacci number using the formula F(n) = F(n-1) + F(n-2). If n is less than 2, the function returns n.
POSITIVE
[tensor(0.1682), tensor(0.1840), tensor(0.2138), tensor(0.0405), tensor(0.2138), tensor(0.1033), tensor(0.1888), tensor(0.2617), tensor(0.1033), tensor(0.2138)]



!!!!!!!!!!!!! Evaluating Question 47 !!!!!!!!!!!!!
##### Intended Docstring #####
Return median of elements in the list l.
>>> median([3, 1, 2, 4, 5])
3
>>> median([-10, 4, 6, 1000, 10, 20])
15.0

##### Global Docstring Example #####
The program takes a list `l` as input and returns the average of the last two elements of the list if the length of the list is even, or the middle element of the list if the length of the list is odd.
POSITIVE
[tensor(0.0719), tensor(0.3692), tensor(0.2113), tensor(0.4138), tensor(0.2179), tensor(0.1399), tensor(0.3950), tensor(0.2287), tensor(0.2113), tensor(0.1639)]



!!!!!!!!!!!!! Evaluating Question 48 !!!!!!!!!!!!!
##### Intended Docstring #####

Checks if given string is a palindrome
>>> is_palindrome('')
True
>>> is_palindrome('aba')
True
>>> is_palindrome('aaaaa')
True
>>> is_palindrome('zbcd')
False

##### Global Docstring Example #####
The program checks if a given string is equal to its reverse. It does this by comparing the original string to a reversed version of itself using slicing. If the two strings are equal, the program returns True, otherwise it returns False.
POSITIVE
[tensor(0.5366), tensor(0.5366), tensor(0.5366), tensor(0.5366), tensor(0.5366), tensor(0.5366), tensor(0.5366), tensor(0.5366), tensor(0.5366), tensor(0.5366)]
Correct!



!!!!!!!!!!!!! Evaluating Question 49 !!!!!!!!!!!!!
##### Intended Docstring #####
Return 2^n modulo p (be aware of numerics).
>>> modp(3, 5)
3
>>> modp(1101, 101)
2
>>> modp(0, 101)
1
>>> modp(3, 11)
8
>>> modp(100, 101)
1

##### Global Docstring Example #####
The program takes two integer inputs, n and p, and returns the remainder of the division of n by p, plus p. The remainder is calculated using the modulo operator (%).
POSITIVE
[tensor(0.2221), tensor(0.2025), tensor(0.2500), tensor(0.2221), tensor(0.2358), tensor(0.0343), tensor(0.2221), tensor(0.0802), tensor(0.2415), tensor(0.2358)]



!!!!!!!!!!!!! Evaluating Question 50 !!!!!!!!!!!!!
##### Intended Docstring #####

returns encoded string by shifting every character by 5 in the alphabet.

##### Global Docstring Example #####
The program takes a string `s` as input and returns a new string formed by replacing each character in `s` with its corresponding ASCII value minus 5, modulo 26, and then adding the ASCII value of "a". The resulting characters are then joined together into a single string using the `join()` method.
POSITIVE
[tensor(0.2444), tensor(0.2129), tensor(0.2129), tensor(0.3657), tensor(0.2444), tensor(0.3302), tensor(0.3407), tensor(0.2532), tensor(0.3302), tensor(0.3657)]



!!!!!!!!!!!!! Evaluating Question 51 !!!!!!!!!!!!!
##### Intended Docstring #####

remove_vowels is a function that takes string and returns string without vowels.
>>> remove_vowels('')
''
>>> remove_vowels("abcdef\nghijklm")
'bcdf\nghjklm'
>>> remove_vowels('abcdef')
'bcdf'
>>> remove_vowels('aaaaa')
''
>>> remove_vowels('aaBAA')
'B'
>>> remove_vowels('zbcd')
'zbcd'

##### Global Docstring Example #####
The program is a function that takes a string as input and returns a new string with all vowels (a, e, i, o, u) removed. It uses the regular expression pattern `r'[aeiou]'` to match and remove any vowels in the input string.
POSITIVE
[tensor(0.3655), tensor(0.3692), tensor(0.3655), tensor(0.3801), tensor(0.1843), tensor(0.3692), tensor(0.3655), tensor(0.2713), tensor(0.3692), tensor(0.3949)]



!!!!!!!!!!!!! Evaluating Question 52 !!!!!!!!!!!!!
##### Intended Docstring #####
Return True if all numbers in the list l are below threshold t.
>>> below_threshold([1, 2, 4, 10], 100)
True
>>> below_threshold([1, 20, 4, 10], 5)
False

##### Global Docstring Example #####
This program takes a list `l` and a value `t` as input, and returns `True` if the value `t` is less than any value in the list `l`, and `False` otherwise.
POSITIVE
[tensor(0.2816), tensor(0.3653), tensor(0.1925), tensor(0.3713), tensor(0.3713), tensor(0.3713), tensor(0.3692), tensor(0.3798), tensor(0.2912), tensor(0.3713)]
Correct!



!!!!!!!!!!!!! Evaluating Question 53 !!!!!!!!!!!!!
##### Intended Docstring #####
Add two numbers x and y
>>> add(2, 3)
5
>>> add(5, 7)
12

##### Global Docstring Example #####
The program is a simple arithmetic operation that adds two numbers, x and y, and returns the sum.
POSITIVE
[tensor(0.3551), tensor(0.3551), tensor(0.3551), tensor(0.3551), tensor(0.3551), tensor(0.3551), tensor(0.3551), tensor(0.3551), tensor(0.3551), tensor(0.3551)]
Correct!



!!!!!!!!!!!!! Evaluating Question 54 !!!!!!!!!!!!!
##### Intended Docstring #####

Check if two words have the same characters.
>>> same_chars('eabcdzzzz', 'dddzzzzzzzddeddabc')
True
>>> same_chars('abcd', 'dddddddabc')
True
>>> same_chars('dddddddabc', 'abcd')
True
>>> same_chars('eabcd', 'dddddddabc')
False
>>> same_chars('abcd', 'dddddddabce')
False
>>> same_chars('eabcdzzzz', 'dddzzzzzzzddddabc')
False

##### Global Docstring Example #####
The program takes two input strings, s0 and s1, and returns True if they are equal, and False otherwise.
POSITIVE
[tensor(0.3560), tensor(0.3560), tensor(0.2944), tensor(0.1471), tensor(0.2944), tensor(0.3560), tensor(0.0855), tensor(0.3560), tensor(0.2598), tensor(0.0343)]



!!!!!!!!!!!!! Evaluating Question 55 !!!!!!!!!!!!!
##### Intended Docstring #####
Return n-th Fibonacci number.
>>> fib(10)
55
>>> fib(1)
1
>>> fib(8)
21

##### Global Docstring Example #####
The program is a recursive function that calculates the nth Fibonacci number. If n is less than or equal to 1, the function returns n. Otherwise, it calls itself with n-1 and n-2 as arguments and returns the sum of the two results.
POSITIVE
[tensor(0.4178), tensor(0.4601), tensor(0.0306), tensor(0.0306), tensor(0.4601), tensor(0.0306), tensor(0.0362), tensor(0.4601), tensor(0.4562), tensor(0.4601)]
Correct!



!!!!!!!!!!!!! Evaluating Question 56 !!!!!!!!!!!!!
##### Intended Docstring #####
 brackets is a string of "<" and ">".
return True if every opening bracket has a corresponding closing bracket.

>>> correct_bracketing("<")
False
>>> correct_bracketing("<>")
True
>>> correct_bracketing("<<><>>")
True
>>> correct_bracketing("><<>")
False

##### Global Docstring Example #####
This program is a stack-based parser that checks if a given string of brackets is properly balanced. It uses a stack to keep track of the opening brackets and checks for matching pairs of brackets. If the stack is empty or the brackets are not properly balanced, the program returns False. Otherwise, it returns True.
POSITIVE
[tensor(0.2456), tensor(0.2618), tensor(0.2338), tensor(0.1006), tensor(0.1083), tensor(0.2625), tensor(0.1206), tensor(0.2806), tensor(0.2691), tensor(0.1344)]



!!!!!!!!!!!!! Evaluating Question 57 !!!!!!!!!!!!!
##### Intended Docstring #####
Return True is list elements are monotonically increasing or decreasing.
>>> monotonic([1, 2, 4, 20])
True
>>> monotonic([1, 20, 4, 10])
False
>>> monotonic([4, 1, 0, -10])
True

##### Global Docstring Example #####
The program checks if a given list of integers has a strictly increasing order. If the length of the list is less than 2, the program returns True. Otherwise, it iterates through the list and checks if each element is less than or equal to the previous element. If any element is found to be less than or equal to the previous element, the program returns False. If no such element is found, the program returns True.
POSITIVE
[tensor(0.3366), tensor(0.3996), tensor(0.3811), tensor(0.4092), tensor(0.2769), tensor(0.3751), tensor(0.3199), tensor(0.2633), tensor(0.3569), tensor(0.3402)]



!!!!!!!!!!!!! Evaluating Question 58 !!!!!!!!!!!!!
##### Intended Docstring #####
Return sorted unique common elements for two lists.
>>> common([1, 4, 3, 34, 653, 2, 5], [5, 7, 1, 5, 9, 653, 121])
[1, 5, 653]
>>> common([5, 3, 2, 8], [3, 2])
[2, 3]


##### Global Docstring Example #####
The program takes two lists, l1 and l2, and returns a new list containing only the elements that are present in both lists. This is achieved by converting both lists to sets, which automatically removes any duplicate elements, and then using the & operator to find the intersection of the two sets. The resulting set is then converted back to a list and returned.
POSITIVE
[tensor(0.3654), tensor(0.2234), tensor(0.3691), tensor(0.1214), tensor(0.3691), tensor(0.3691), tensor(0.3691), tensor(0.3548), tensor(0.3654), tensor(0.3477)]
Correct!



!!!!!!!!!!!!! Evaluating Question 59 !!!!!!!!!!!!!
##### Intended Docstring #####
Return the largest prime factor of n. Assume n > 1 and is not a prime.
>>> largest_prime_factor(13195)
29
>>> largest_prime_factor(2048)
2

##### Global Docstring Example #####
This program takes an integer `n` as input and returns the smallest integer `i` such that `n` is divisible by `i`. If no such integer exists, the program returns `n`. The program uses a `for` loop to iterate over all integers `i` from 2 to the square root of `n`, and checks if `n` is divisible by `i` using the modulo operator `%`. If `n` is divisible by `i`, the program returns `i`. If `n` is not divisible by any integer in the range, the program returns `
POSITIVE
[tensor(0.0278), tensor(0.1264), tensor(0.1964), tensor(0.0346), tensor(0.0499), tensor(0.0886), tensor(0.0423), tensor(0.0390), tensor(0.0499), tensor(0.0499)]



!!!!!!!!!!!!! Evaluating Question 60 !!!!!!!!!!!!!
##### Intended Docstring #####
sum_to_n is a function that sums numbers from 1 to n.
>>> sum_to_n(30)
465
>>> sum_to_n(100)
5050
>>> sum_to_n(5)
15
>>> sum_to_n(10)
55
>>> sum_to_n(1)
1

##### Global Docstring Example #####
The program calculates the sum of all integers from 1 to n. It takes an integer n as input and returns the sum of the integers from 1 to n. The program uses the built-in Python function `sum()` to calculate the sum of the range of integers from 1 to n.
POSITIVE
[tensor(0.4140), tensor(0.4140), tensor(0.3840), tensor(0.4140), tensor(0.4140), tensor(0.4140), tensor(0.4140), tensor(0.4140), tensor(0.0689), tensor(0.4140)]
Correct!



!!!!!!!!!!!!! Evaluating Question 61 !!!!!!!!!!!!!
##### Intended Docstring #####
 brackets is a string of "(" and ")".
return True if every opening bracket has a corresponding closing bracket.

>>> correct_bracketing("(")
False
>>> correct_bracketing("()")
True
>>> correct_bracketing("(()())")
True
>>> correct_bracketing(")(()")
False

##### Global Docstring Example #####
The program is a documentation assistant that summarizes programs. It takes in a program's source code and generates a concise and precise summary of its intent. The summary is meant to provide a high-level overview of the program's functionality, without going into the low-level details of its implementation.
POSITIVE
[tensor(0.2344), tensor(0.3494), tensor(0.2362), tensor(0.3494), tensor(0.2378), tensor(0.3394), tensor(0.3392), tensor(0.3394), tensor(0.1776), tensor(0.2736)]
Correct!



!!!!!!!!!!!!! Evaluating Question 62 !!!!!!!!!!!!!
##### Intended Docstring #####
 xs represent coefficients of a polynomial.
xs[0] + xs[1] * x + xs[2] * x^2 + ....
 Return derivative of this polynomial in the same form.
>>> derivative([3, 1, 2, 4, 5])
[1, 4, 12, 20]
>>> derivative([1, 2, 3])
[2, 6]

##### Global Docstring Example #####
The program takes a list of integers `xs` as input and returns a new list of integers. The new list is generated by applying a transformation to each element of the input list. The transformation multiplies each element by its index in the input list, plus one. The resulting list contains the transformed elements of the input list.
POSITIVE
[tensor(0.0837), tensor(0.0521), tensor(0.1132), tensor(0.0886), tensor(0.1213), tensor(0.0978), tensor(0.1466), tensor(0.0541), tensor(0.1629), tensor(0.1181)]



!!!!!!!!!!!!! Evaluating Question 63 !!!!!!!!!!!!!
##### Intended Docstring #####
The FibFib number sequence is a sequence similar to the Fibbonacci sequnece that's defined as follows:
fibfib(0) == 0
fibfib(1) == 0
fibfib(2) == 1
fibfib(n) == fibfib(n-1) + fibfib(n-2) + fibfib(n-3).
Please write a function to efficiently compute the n-th element of the fibfib number sequence.
>>> fibfib(1)
0
>>> fibfib(5)
4
>>> fibfib(8)
24

##### Global Docstring Example #####
The program is a recursive function that calculates the nth Fibonacci number using the formula F(n) = F(n-1) + F(n-2). If n is less than or equal to 1, the function returns n.
POSITIVE
[tensor(0.2997), tensor(0.4059), tensor(0.3437), tensor(0.3654), tensor(0.3654), tensor(0.3654), tensor(0.4136), tensor(0.3510), tensor(0.3654), tensor(0.3654)]
Correct!



!!!!!!!!!!!!! Evaluating Question 64 !!!!!!!!!!!!!
##### Intended Docstring #####

Add more test cases.

##### Global Docstring Example #####
This program counts the number of vowels in a given string. It initializes two variables, "vowels" and "count", and then iterates through each character in the input string "s". If the character is a vowel, it increments the count variable. Finally, the program returns the count of vowels found in the string.
POSITIVE
[tensor(0.0237), tensor(0.0526), tensor(0.0351), tensor(0.0705), tensor(0.0774), tensor(0.0926), tensor(0.0715), tensor(0.0492), tensor(0.0356), tensor(0.0427)]



!!!!!!!!!!!!! Evaluating Question 65 !!!!!!!!!!!!!
##### Intended Docstring #####
Circular shift the digits of the integer x, shift the digits right by shift
and return the result as a string.
If shift > number of digits, return digits reversed.
>>> circular_shift(12, 1)
"21"
>>> circular_shift(12, 2)
"12"

##### Global Docstring Example #####
The program takes an integer `x` as input and returns a string representation of `x` shifted by a certain number of positions to the left or right, depending on the sign of `x`. If `x` is positive, the string representation is shifted to the right by `abs(x)` positions. If `x` is negative, the string representation is shifted to the left by `abs(x)` positions.
POSITIVE
[tensor(0.2530), tensor(0.2165), tensor(0.2530), tensor(0.2357), tensor(0.2805), tensor(0.2385), tensor(0.0886), tensor(0.2998), tensor(0.2204), tensor(0.2385)]



!!!!!!!!!!!!! Evaluating Question 66 !!!!!!!!!!!!!
##### Intended Docstring #####
Task
Write a function that takes a string as input and returns the sum of the upper characters only'
ASCII codes.

Examples:
digitSum("") => 0
digitSum("abAB") => 131
digitSum("abcCd") => 67
digitSum("helloE") => 69
digitSum("woArBld") => 131
digitSum("aAaaaXa") => 153

##### Global Docstring Example #####
The program calculates the sum of the ASCII values of all alphabetic characters in the input string "s". It iterates through each character in the string using a for loop, and checks if the character is an alphabet using the `isalpha()` method. If the character is an alphabet, its ASCII value is added to the `total` variable using the `ord()` function. Finally, the program returns the sum of the ASCII values of all alphabetic characters in the input string.
POSITIVE
[tensor(0.1912), tensor(0.1913), tensor(0.4478), tensor(0.2326), tensor(0.1629), tensor(0.1961), tensor(0.2060), tensor(0.2326), tensor(0.2355), tensor(0.1546)]
Correct!



!!!!!!!!!!!!! Evaluating Question 67 !!!!!!!!!!!!!
##### Intended Docstring #####

In this task, you will be given a string that represents a number of apples and oranges 
that are distributed in a basket of fruit this basket contains 
apples, oranges, and mango fruits. Given the string that represents the total number of 
the oranges and apples and an integer that represent the total number of the fruits 
in the basket return the number of the mango fruits in the basket.
for examble:
fruit_distribution("5 apples and 6 oranges", 19) ->19 - 5 - 6 = 8
fruit_distribution("0 apples and 1 oranges",3) -> 3 - 0 - 1 = 2
fruit_distribution("2 apples and 3 oranges", 100) -> 100 - 2 - 3 = 95
fruit_distribution("100 apples and 1 oranges",120) -> 120 - 100 - 1 = 19

##### Global Docstring Example #####
The program is a documentation assistant that summarizes programs. It takes in a program's source code and generates a concise and precise summary of its intent. The summary is meant to provide a high-level overview of the program's functionality, without going into the low-level details of its implementation.
POSITIVE
[tensor(0.2425), tensor(0.1371), tensor(0.1948), tensor(0.2425), tensor(0.0950), tensor(0.1204), tensor(0.1196), tensor(0.0619), tensor(0.0659), tensor(0.2499)]



!!!!!!!!!!!!! Evaluating Question 68 !!!!!!!!!!!!!
##### Intended Docstring #####

"Given an array representing a branch of a tree that has non-negative integer nodes
your task is to pluck one of the nodes and return it.
The plucked node should be the node with the smallest even value.
If multiple nodes with the same smallest even value are found return the node that has smallest index.

The plucked node should be returned in a list, [ smalest_value, its index ],
If there are no even values or the given array is empty, return [].

Example 1:
Input: [4,2,3]
Output: [2, 1]
Explanation: 2 has the smallest even value, and 2 has the smallest index.

Example 2:
Input: [1,2,3]
Output: [2, 1]
Explanation: 2 has the smallest even value, and 2 has the smallest index. 

Example 3:
Input: []
Output: []

Example 4:
Input: [5, 0, 3, 0, 4, 2]
Output: [0, 1]
Explanation: 0 is the smallest value, but  there are two zeros,
 so we will choose the first zero, which has the smallest index.

Constraints:
* 1 <= nodes.length <= 10000
* 0 <= node.value

##### Global Docstring Example #####
The program takes in a list of integers and returns a tuple containing the minimum value in the list and its index in the list. If the input list is empty, the program returns an empty list.
POSITIVE
[tensor(0.2278), tensor(0.3396), tensor(0.1537), tensor(0.2118), tensor(0.2635), tensor(0.3396), tensor(0.3396), tensor(0.2023), tensor(0.1291), tensor(0.0529)]



!!!!!!!!!!!!! Evaluating Question 69 !!!!!!!!!!!!!
##### Intended Docstring #####

You are given a non-empty list of positive integers. Return the greatest integer that is greater than 
zero, and has a frequency greater than or equal to the value of the integer itself. 
The frequency of an integer is the number of times it appears in the list.
If no such a value exist, return -1.
Examples:
search([4, 1, 2, 2, 3, 1]) == 2
search([1, 2, 2, 3, 3, 3, 4, 4, 4]) == 3
search([5, 5, 4, 4, 4]) == -1

##### Global Docstring Example #####
The program is a documentation assistant that summarizes programs. It takes in a program's source code and generates a concise and precise summary of its intent. The summary is meant to provide a high-level overview of the program's functionality, without going into the low-level details of its implementation.
POSITIVE
[tensor(0.2617), tensor(0.3872), tensor(0.1362), tensor(0.2617), tensor(0.2617), tensor(0.2617), tensor(0.2617), tensor(0.3197), tensor(0.2286), tensor(0.3872)]



!!!!!!!!!!!!! Evaluating Question 70 !!!!!!!!!!!!!
##### Intended Docstring #####

Given list of integers, return list in strange order.
Strange sorting, is when you start with the minimum value,
then maximum of the remaining integers, then minimum and so on.

Examples:
strange_sort_list([1, 2, 3, 4]) == [1, 4, 2, 3]
strange_sort_list([5, 5, 5, 5]) == [5, 5, 5, 5]
strange_sort_list([]) == []

##### Global Docstring Example #####
The program takes a list as input and returns a sorted list of the elements in the list. If the input list is empty, the program returns an empty list. Otherwise, the program sorts the list using the `strange_sort_list` function and returns the sorted list.
POSITIVE
[tensor(0.4176), tensor(0.1013), tensor(0.2804), tensor(0.1013), tensor(0.1371), tensor(0.0720), tensor(0.3198), tensor(0.0699), tensor(0.0813), tensor(0.3839)]



!!!!!!!!!!!!! Evaluating Question 71 !!!!!!!!!!!!!
##### Intended Docstring #####

Given the lengths of the three sides of a triangle. Return the area of
the triangle rounded to 2 decimal points if the three sides form a valid triangle. 
Otherwise return -1
Three sides make a valid triangle when the sum of any two sides is greater 
than the third side.
Example:
triangle_area(3, 4, 5) == 6.00
triangle_area(1, 2, 10) == -1

##### Global Docstring Example #####
The program takes in three variables, a, b, and c, and returns the average of the product of a and b, and the product of b and c, rounded to two decimal places. If the sum of any two of the variables is greater than the third variable, the program returns -1.
POSITIVE
[tensor(0.1935), tensor(0.2925), tensor(0.2737), tensor(0.1682), tensor(0.1070), tensor(0.1504), tensor(0.1840), tensor(0.5634), tensor(0.1935), tensor(0.3226)]



!!!!!!!!!!!!! Evaluating Question 72 !!!!!!!!!!!!!
##### Intended Docstring #####

Write a function that returns True if the object q will fly, and False otherwise.
The object q will fly if it's balanced (it is a palindromic list) and the sum of its elements is less than or equal the maximum possible weight w.

Example:
will_it_fly([1, 2], 5)  False 
# 1+2 is less than the maximum possible weight, but it's unbalanced.

will_it_fly([3, 2, 3], 1)  False
# it's balanced, but 3+2+3 is more than the maximum possible weight.

will_it_fly([3, 2, 3], 9)  True
# 3+2+3 is less than the maximum possible weight, and it's balanced.

will_it_fly([3], 5)  True
# 3 is less than the maximum possible weight, and it's balanced.

##### Global Docstring Example #####
The program takes in a list `q` and an integer `w`, and returns `True` if the list `q` is sorted in ascending order and the sum of its elements is less than or equal to `w`, and `False` otherwise.
POSITIVE
[tensor(0.0614), tensor(0.0969), tensor(0.4167), tensor(0.0951), tensor(0.0692), tensor(0.0861), tensor(0.4274), tensor(0.1072), tensor(0.0802), tensor(0.1289)]



!!!!!!!!!!!!! Evaluating Question 73 !!!!!!!!!!!!!
##### Intended Docstring #####

Given an array arr of integers, find the minimum number of elements that
need to be changed to make the array palindromic. A palindromic array is an array that
is read the same backwards and forwards. In one change, you can change one element to any other element.

For example:
smallest_change([1,2,3,5,4,7,9,6]) == 4
smallest_change([1, 2, 3, 4, 3, 2, 2]) == 1
smallest_change([1, 2, 3, 2, 1]) == 0

##### Global Docstring Example #####
This program takes an array as input and returns 0 if the length of the array is less than 2. Otherwise, it continues with the next lines of code.
POSITIVE
[tensor(0.1085), tensor(0.3580), tensor(0.3580), tensor(0.1437), tensor(0.3580), tensor(0.0299), tensor(0.3580), tensor(0.0569), tensor(0.3580), tensor(0.3580)]



!!!!!!!!!!!!! Evaluating Question 74 !!!!!!!!!!!!!
##### Intended Docstring #####

Write a function that accepts two lists of strings and returns the list that has 
total number of chars in the all strings of the list less than the other list.

if the two lists have the same number of chars, return the first list.

Examples
total_match([], [])  []
total_match(['hi', 'admin'], ['hI', 'Hi'])  ['hI', 'Hi']
total_match(['hi', 'admin'], ['hi', 'hi', 'admin', 'project'])  ['hi', 'admin']
total_match(['hi', 'admin'], ['hI', 'hi', 'hi'])  ['hI', 'hi', 'hi']
total_match(['4'], ['1', '2', '3', '4', '5'])  ['4']

##### Global Docstring Example #####
The program takes two lists, lst1 and lst2, and returns a new list containing only the items from lst1 that have a length equal to or less than the length of the corresponding item in lst2. The resulting list is created using a list comprehension that iterates over each item in lst1 and checks if its length is less than or equal to the length of the corresponding item in lst2.
POSITIVE
[tensor(0.3183), tensor(0.2485), tensor(0.3641), tensor(0.4007), tensor(0.1066), tensor(0.1874), tensor(0.0767), tensor(0.0687), tensor(0.3459), tensor(0.2485)]



!!!!!!!!!!!!! Evaluating Question 75 !!!!!!!!!!!!!
##### Intended Docstring #####
Write a function that returns true if the given number is the multiplication of 3 prime numbers
and false otherwise.
Knowing that (a) is less then 100. 
Example:
is_multiply_prime(30) == True
30 = 2 * 3 * 5

##### Global Docstring Example #####
The program checks if a given number `a` is divisible by both 3 and 5. If `a` is divisible by both 3 and 5, the program returns `True`. Otherwise, it returns `False`.
POSITIVE
[tensor(0.0788), tensor(0.0407), tensor(0.0521), tensor(0.0286), tensor(0.1777), tensor(0.0407), tensor(0.1978), tensor(0.0464), tensor(0.0474), tensor(0.0687)]



!!!!!!!!!!!!! Evaluating Question 76 !!!!!!!!!!!!!
##### Intended Docstring #####
Your task is to write a function that returns true if a number x is a simple
power of n and false in other cases.
x is a simple power of n if n**int=x
For example:
is_simple_power(1, 4) => true
is_simple_power(2, 2) => true
is_simple_power(8, 2) => true
is_simple_power(3, 2) => false
is_simple_power(3, 1) => false
is_simple_power(5, 3) => false

##### Global Docstring Example #####
The program takes two inputs, n and x, and returns True if n raised to the power of int(x) is equal to x, and False otherwise.
POSITIVE
[tensor(0.5265), tensor(0.5265), tensor(0.1719), tensor(0.3516), tensor(0.1719), tensor(0.3516), tensor(0.5265), tensor(0.5030), tensor(0.5265), tensor(0.5024)]



!!!!!!!!!!!!! Evaluating Question 77 !!!!!!!!!!!!!
##### Intended Docstring #####

Write a function that takes an integer a and returns True 
if this ingeger is a cube of some integer number.
Note: you may assume the input is always valid.
Examples:
iscube(1) ==> True
iscube(2) ==> False
iscube(-1) ==> True
iscube(64) ==> True
iscube(0) ==> True
iscube(180) ==> False

##### Global Docstring Example #####
The program is a simple function that takes an integer as input and returns True if the integer is divisible by 3, and False otherwise. The function checks if the integer is less than 0, equal to 0, or divisible by 3 using the modulo operator (%). If any of these conditions are met, the function returns True, otherwise it returns False.
POSITIVE
[tensor(0.0595), tensor(0.3435), tensor(0.3435), tensor(0.2754), tensor(0.4589), tensor(0.5058), tensor(0.4589), tensor(0.4589), tensor(0.1640), tensor(0.0557)]



!!!!!!!!!!!!! Evaluating Question 78 !!!!!!!!!!!!!
##### Intended Docstring #####
You have been tasked to write a function that receives 
a hexadecimal number as a string and counts the number of hexadecimal 
digits that are primes (prime number, or a prime, is a natural number 
greater than 1 that is not a product of two smaller natural numbers).
Hexadecimal digits are 0, 1, 2, 3, 4, 5, 6, 7, 8, 9, A, B, C, D, E, F.
Prime numbers are 2, 3, 5, 7, 11, 13, 17,...
So you have to determine a number of the following digits: 2, 3, 5, 7, 
B (=decimal 11), D (=decimal 13).
Note: you may assume the input is always correct or empty string, 
and symbols A,B,C,D,E,F are always uppercase.
Examples:
For num = "AB" the output should be 1.
For num = "1077E" the output should be 2.
For num = "ABED1A33" the output should be 4.
For num = "123456789ABCDEF0" the output should be 6.
For num = "2020" the output should be 2.

##### Global Docstring Example #####
The program is a documentation assistant that summarizes programs. It takes in a program's source code and generates a concise and precise summary of its intent. The summary is meant to provide a high-level overview of the program's functionality, without going into the low-level details of its implementation.
POSITIVE
[tensor(0.3980), tensor(0.1420), tensor(0.1569), tensor(0.3980), tensor(0.3980), tensor(0.1632), tensor(0.3980), tensor(0.3980), tensor(0.0810), tensor(0.1294)]



!!!!!!!!!!!!! Evaluating Question 79 !!!!!!!!!!!!!
##### Intended Docstring #####
You will be given a number in decimal form and your task is to convert it to
binary format. The function should return a string, with each character representing a binary
number. Each character in the string will be '0' or '1'.

There will be an extra couple of characters 'db' at the beginning and at the end of the string.
The extra characters are there to help with the format.

Examples:
decimal_to_binary(15)   # returns "db1111db"
decimal_to_binary(32)   # returns "db100000db"

##### Global Docstring Example #####
The program converts a decimal number to its binary representation and returns it in the format "dbxxxxxxdb". The program takes a decimal number as input and converts it to binary by repeatedly dividing the number by 2 and appending the remainder to the binary string. The binary string is returned with the prefix "db" and the suffix "db".
POSITIVE
[tensor(0.4440), tensor(0.4134), tensor(0.4248), tensor(0.0762), tensor(0.4555), tensor(0.4711), tensor(0.3947), tensor(0.0784), tensor(0.3947), tensor(0.0762)]



!!!!!!!!!!!!! Evaluating Question 80 !!!!!!!!!!!!!
##### Intended Docstring #####
You are given a string s.
Your task is to check if the string is happy or not.
A string is happy if its length is at least 3 and every 3 consecutive letters are distinct
For example:
is_happy(a) => False
is_happy(aa) => False
is_happy(abcd) => True
is_happy(aabb) => False
is_happy(adb) => True
is_happy(xyy) => False

##### Global Docstring Example #####
This program checks if a given string (s) has a length of at least 3 characters. If it does, it then checks if the string contains any repeated characters by iterating over the string and comparing each character to the next two characters. If any repeated characters are found, the program returns False. If no repeated characters are found, the program returns True.
POSITIVE
[tensor(0.1980), tensor(0.2244), tensor(0.2273), tensor(0.1106), tensor(0.3632), tensor(0.1250), tensor(0.4291), tensor(0.2735), tensor(0.1856), tensor(0.2193)]



!!!!!!!!!!!!! Evaluating Question 81 !!!!!!!!!!!!!
##### Intended Docstring #####
It is the last week of the semester and the teacher has to give the grades
to students. The teacher has been making her own algorithm for grading.
The only problem is, she has lost the code she used for grading.
She has given you a list of GPAs for some students and you have to write 
a function that can output a list of letter grades using the following table:
 GPA   |Letter grade
  4.0A+
> 3.7A 
> 3.3A- 
> 3.0B+
> 2.7B 
> 2.3B-
> 2.0C+
> 1.7C
> 1.3C-
> 1.0D+ 
> 0.7D 
> 0.0D-
  0.0E


Example:
grade_equation([4.0, 3, 1.7, 2, 3.5]) ==> ['A+', 'B', 'C-', 'C', 'A-']

##### Global Docstring Example #####
The program "pass" is a simple script that serves as a placeholder or a "no-op" operation in Python. It does not perform any actual task or operation, but it can be used as a placeholder in certain situations, such as when a function or block of code is required but no action needs to be taken. The program is intended to be a harmless and inconsequential operation that does not affect the program's overall behavior or output.
POSITIVE
[tensor(0.1361), tensor(0.3791), tensor(0.1361), tensor(0.3575), tensor(0.3531), tensor(0.2830), tensor(0.1361), tensor(0.1361), tensor(0.1361), tensor(0.3219)]



!!!!!!!!!!!!! Evaluating Question 82 !!!!!!!!!!!!!
##### Intended Docstring #####
Write a function that takes a string and returns True if the string
length is a prime number or False otherwise
Examples
prime_length('Hello') == True
prime_length('abcdcba') == True
prime_length('kittens') == True
prime_length('orange') == False

##### Global Docstring Example #####
This program checks whether a given string is prime or not. It returns True if the string is prime and False otherwise. The program works by iterating over all numbers from 2 to the square root of the string, checking if any of them divide the string evenly. If no such number is found, the string is considered prime and the program returns True. Otherwise, it returns False.
POSITIVE
[tensor(0.2572), tensor(0.0214), tensor(0.0381), tensor(0.0466), tensor(0.2217), tensor(0.0502), tensor(0.1315), tensor(0.0142), tensor(0.1911), tensor(0.0185)]



!!!!!!!!!!!!! Evaluating Question 83 !!!!!!!!!!!!!
##### Intended Docstring #####

Given a positive integer n, return the count of the numbers of n-digit
positive integers that start or end with 1.

##### Global Docstring Example #####
This program counts the number of 1's in a given number n. It does this by iterating through all numbers from 10^(n-1) to 10^n, checking if the first digit of each number is a 1. If it is, the count is incremented. Finally, the program returns the count of 1's found.
POSITIVE
[tensor(0.2802), tensor(0.1924), tensor(0.1229), tensor(0.2469), tensor(0.1188), tensor(0.2327), tensor(0.1962), tensor(0.2469), tensor(0.1749), tensor(0.2930)]



!!!!!!!!!!!!! Evaluating Question 84 !!!!!!!!!!!!!
##### Intended Docstring #####
Given a positive integer N, return the total sum of its digits in binary.

Example
For N = 1000, the sum of digits will be 1 the output should be "1".
For N = 150, the sum of digits will be 6 the output should be "110".
For N = 147, the sum of digits will be 12 the output should be "1100".

Variables:
@N integer
 Constraints: 0  N  10000.
Output:
 a string of binary number

##### Global Docstring Example #####
The program is a documentation assistant that summarizes programs. It takes in a program's source code and generates a concise and precise summary of its intent. The summary is meant to provide a high-level overview of the program's functionality, without going into the low-level details of its implementation.
POSITIVE
[tensor(0.5149), tensor(0.5149), tensor(0.5149), tensor(0.5149), tensor(0.5149), tensor(0.6632), tensor(0.5149), tensor(0.5149), tensor(0.5149), tensor(0.5149)]



!!!!!!!!!!!!! Evaluating Question 85 !!!!!!!!!!!!!
##### Intended Docstring #####
Given a non-empty list of integers lst. add the even elements that are at odd indices..


Examples:
add([4, 2, 6, 7]) ==> 2 

##### Global Docstring Example #####
The program takes a list of elements and sorts them in ascending order using the built-in `sort()` function. It then creates a new list called `lst2` and iterates through each element in the original list. If the index of the element is even, it appends the element to `lst2`. Finally, the program returns `lst2`, which contains only the even-indexed elements from the original list.
POSITIVE
[tensor(0.4212), tensor(0.3334), tensor(0.0279), tensor(0.3334), tensor(0.0491), tensor(0.1829), tensor(0.3334), tensor(0.0548), tensor(0.1417), tensor(0.4173)]



!!!!!!!!!!!!! Evaluating Question 86 !!!!!!!!!!!!!
##### Intended Docstring #####

Write a function that takes a string and returns an ordered version of it.
Ordered version of string, is a string where all words (separated by space)
are replaced by a new word where all the characters arranged in
ascending order based on ascii value.
Note: You should keep the order of words and blank spaces in the sentence.

For example:
anti_shuffle('Hi') returns 'Hi'
anti_shuffle('hello') returns 'ehllo'
anti_shuffle('Hello World!!!') returns 'Hello !!!Wdlor'

##### Global Docstring Example #####
This program takes a string as input, removes all spaces from it, converts it to lowercase, splits it into a list of words, sorts the list in alphabetical order, and then joins the list back into a single string. The resulting string is returned as output.
POSITIVE
[tensor(0.3367), tensor(0.2835), tensor(0.3580), tensor(0.2560), tensor(0.2528), tensor(0.3798), tensor(0.0333), tensor(0.3333), tensor(0.4098), tensor(0.2712)]



!!!!!!!!!!!!! Evaluating Question 87 !!!!!!!!!!!!!
##### Intended Docstring #####

You are given a 2 dimensional data, as a nested lists,
which is similar to matrix, however, unlike matrices,
each row may contain a different number of columns.
Given lst, and integer x, find integers x in the list,
and return list of tuples, [(x1, y1), (x2, y2) ...] such that
each tuple is a coordinate - (row, columns), starting with 0.
Sort coordinates initially by rows in ascending order.
Also, sort coordinates of the row by columns in descending order.

Examples:
get_row([
  [1,2,3,4,5,6],
  [1,2,3,4,1,6],
  [1,2,3,4,5,1]
], 1) == [(0, 0), (1, 4), (1, 0), (2, 5), (2, 0)]
get_row([], 1) == []
get_row([[], [1], [1, 2, 3]], 3) == [(2, 2)]

##### Global Docstring Example #####
The program is a documentation assistant that summarizes programs. It takes in a program's source code and generates a concise and precise summary of its intent. The summary is meant to provide a high-level overview of the program's functionality, without going into the low-level details of its implementation.
POSITIVE
[tensor(0.3072), tensor(0.2986), tensor(0.3021), tensor(0.5928), tensor(0.3072), tensor(0.4049), tensor(0.5012), tensor(0.2970), tensor(0.2114), tensor(0.4584)]



!!!!!!!!!!!!! Evaluating Question 88 !!!!!!!!!!!!!
##### Intended Docstring #####

Given an array of non-negative integers, return a copy of the given array after sorting,
you will sort the given array in ascending order if the sum( first index value, last index value) is odd,
or sort it in descending order if the sum( first index value, last index value) is even.

Note:
* don't change the given array.

Examples:
* sort_array([]) => []
* sort_array([5]) => [5]
* sort_array([2, 4, 3, 0, 1, 5]) => [0, 1, 2, 3, 4, 5]
* sort_array([2, 4, 3, 0, 1, 5, 6]) => [6, 5, 4, 3, 2, 1, 0]

##### Global Docstring Example #####
This program takes an array as input and returns a new array with the first and last elements removed, and the middle elements sorted in ascending order. If the sum of the first and last elements is even, the middle elements are also returned. If the sum is odd, only the middle elements are returned.
POSITIVE
[tensor(0.4748), tensor(0.4866), tensor(0.0873), tensor(0.1086), tensor(0.4398), tensor(0.0778), tensor(0.1140), tensor(0.5101), tensor(0.2649), tensor(0.0608)]



!!!!!!!!!!!!! Evaluating Question 89 !!!!!!!!!!!!!
##### Intended Docstring #####
Create a function encrypt that takes a string as an argument and
returns a string encrypted with the alphabet being rotated. 
The alphabet should be rotated in a manner such that the letters 
shift down by two multiplied to two places.
For example:
encrypt('hi') returns 'lm'
encrypt('asdfghjkl') returns 'ewhjklnop'
encrypt('gf') returns 'kj'
encrypt('et') returns 'ix'

##### Global Docstring Example #####
The program takes a string `s` as input and returns a new string formed by replacing each character in `s` with its corresponding character in the alphabet, shifted two positions to the right. For example, if `s` is "hello", the output would be "khoor".
POSITIVE
[tensor(0.2995), tensor(0.0600), tensor(0.0408), tensor(0.2651), tensor(0.3031), tensor(0.0359), tensor(0.2531), tensor(0.2651), tensor(0.1962), tensor(0.2651)]



!!!!!!!!!!!!! Evaluating Question 90 !!!!!!!!!!!!!
##### Intended Docstring #####

You are given a list of integers.
Write a function next_smallest() that returns the 2nd smallest element of the list.
Return None if there is no such element.

next_smallest([1, 2, 3, 4, 5]) == 2
next_smallest([5, 1, 4, 3, 2]) == 2
next_smallest([]) == None
next_smallest([1, 1]) == None

##### Global Docstring Example #####
This program takes a list of items as input and returns the second item in the list if the list is not empty. If the list is empty, the program returns None.
POSITIVE
[tensor(0.3723), tensor(0.0724), tensor(0.3723), tensor(0.0561), tensor(0.0724), tensor(0.3472), tensor(0.3163), tensor(0.1898), tensor(0.0724), tensor(0.3335)]



!!!!!!!!!!!!! Evaluating Question 91 !!!!!!!!!!!!!
##### Intended Docstring #####

You'll be given a string of words, and your task is to count the number
of boredoms. A boredom is a sentence that starts with the word "I".
Sentences are delimited by '.', '?' or '!'.
   
For example:
>>> is_bored("Hello world")
0
>>> is_bored("The sky is blue. The sun is shining. I love this weather")
1

##### Global Docstring Example #####
The program calculates the number of dots, question marks, and exclamation marks in a given string S, and returns the total count of these characters minus one.
POSITIVE
[tensor(0.1663), tensor(0.1785), tensor(0.2360), tensor(0.1457), tensor(0.1457), tensor(0.1463), tensor(0.1545), tensor(0.3647), tensor(0.0900), tensor(0.1671)]



!!!!!!!!!!!!! Evaluating Question 92 !!!!!!!!!!!!!
##### Intended Docstring #####

Create a function that takes 3 numbers.
Returns true if one of the numbers is equal to the sum of the other two, and all numbers are integers.
Returns false in any other cases.

Examples
any_int(5, 2, 7)  True

any_int(3, 2, 2)  False

any_int(3, -2, 1)  True

any_int(3.6, -2.2, 2)  False
  



##### Global Docstring Example #####
The program checks if three given integers (x, y, and z) satisfy a set of conditions. The conditions are:

1. x + y + z == x + y
2. x + y == z + x
3. x + z == y + x
4. y + z == x + x
5. x + z == y + y

The program also checks if all three integers are integers.
POSITIVE
[tensor(0.3577), tensor(0.3576), tensor(0.3794), tensor(0.3684), tensor(0.3543), tensor(0.3381), tensor(0.3141), tensor(0.3541), tensor(0.3296), tensor(0.3299)]



!!!!!!!!!!!!! Evaluating Question 93 !!!!!!!!!!!!!
##### Intended Docstring #####

Write a function that takes a message, and encodes in such a 
way that it swaps case of all letters, replaces all vowels in 
the message with the letter that appears 2 places ahead of that 
vowel in the english alphabet. 
Assume only letters. 

Examples:
>>> encode('test')
'TGST'
>>> encode('This is a message')
'tHKS KS C MGSSCGG'

##### Global Docstring Example #####
The program "pass" is a simple script that serves as a placeholder or a "no-op" operation in Python. It does not perform any actual task or operation, but it can be used as a placeholder in certain situations, such as when a function or block of code is required but no action needs to be taken. The program is intended to be a harmless and inconsequential operation that does not affect the program's overall behavior or output.
POSITIVE
[tensor(0.0271), tensor(0.0120), tensor(0.0873), tensor(0.0873), tensor(0.0873), tensor(0.0077), tensor(0.0873), tensor(0.0825), tensor(0.0873), tensor(0.0873)]



!!!!!!!!!!!!! Evaluating Question 94 !!!!!!!!!!!!!
##### Intended Docstring #####
You are given a list of integers.
You need to find the largest prime value and return the sum of its digits.

Examples:
For lst = [0,3,2,1,3,5,7,4,5,5,5,2,181,32,4,32,3,2,32,324,4,3] the output should be 10
For lst = [1,0,1,8,2,4597,2,1,3,40,1,2,1,2,4,2,5,1] the output should be 25
For lst = [1,3,1,32,5107,34,83278,109,163,23,2323,32,30,1,9,3] the output should be 13
For lst = [0,724,32,71,99,32,6,0,5,91,83,0,5,6] the output should be 11
For lst = [0,81,12,3,1,21] the output should be 3
For lst = [0,8,1,2,1,7] the output should be 7

##### Global Docstring Example #####
This program takes a list of integers, converts them to integers, iterates through the list, replaces any 0s with 1s, sorts the list in ascending order, and returns the sum of all positive integers in the list.
POSITIVE
[tensor(0.1094), tensor(0.1390), tensor(0.4251), tensor(0.1486), tensor(0.0757), tensor(0.0808), tensor(0.1926), tensor(0.1652), tensor(0.4251), tensor(0.0785)]



!!!!!!!!!!!!! Evaluating Question 95 !!!!!!!!!!!!!
##### Intended Docstring #####

Given a dictionary, return True if all keys are strings in lower 
case or all keys are strings in upper case, else return False.
The function should return False is the given dictionary is empty.
Examples:
check_dict_case({"a":"apple", "b":"banana"}) should return True.
check_dict_case({"a":"apple", "A":"banana", "B":"banana"}) should return False.
check_dict_case({"a":"apple", 8:"banana", "a":"apple"}) should return False.
check_dict_case({"Name":"John", "Age":"36", "City":"Houston"}) should return False.
check_dict_case({"STATE":"NC", "ZIP":"12345" }) should return True.

##### Global Docstring Example #####
This program checks the values in a given dictionary to ensure that all values are either strings or dictionaries that pass a specific check function. If any value fails the check, the program returns False. If all values pass the check, the program returns True.
POSITIVE
[tensor(0.2852), tensor(0.4223), tensor(0.4526), tensor(0.2262), tensor(0.5194), tensor(0.3140), tensor(0.3090), tensor(0.2940), tensor(0.1779), tensor(0.3205)]



!!!!!!!!!!!!! Evaluating Question 96 !!!!!!!!!!!!!
##### Intended Docstring #####
Implement a function that takes an non-negative integer and returns an array of the first n
integers that are prime numbers and less than n.
for example:
count_up_to(5) => [2,3]
count_up_to(11) => [2,3,5,7]
count_up_to(0) => []
count_up_to(20) => [2,3,5,7,11,13,17,19]
count_up_to(1) => []
count_up_to(18) => [2,3,5,7,11,13,17]

##### Global Docstring Example #####
The program is a function that takes an integer `n` as input and returns a list of prime numbers up to `n`. If `n` is 0, the function returns an empty list. If `n` is 1, the function returns the list [2]. If `n` is greater than 1, the function initializes an empty list `array`, then iterates from 2 to `n+1` and appends each prime number to the list `array`. The function uses the `is_prime` function to determine if a number is prime.
POSITIVE
[tensor(0.4557), tensor(0.5485), tensor(0.3331), tensor(0.1649), tensor(0.1353), tensor(0.1877), tensor(0.0591), tensor(0.4944), tensor(0.1456), tensor(0.1456)]



!!!!!!!!!!!!! Evaluating Question 97 !!!!!!!!!!!!!
##### Intended Docstring #####
Complete the function that takes two integers and returns 
the product of their unit digits.
Assume the input is always valid.
Examples:
multiply(148, 412) should return 16.
multiply(19, 28) should return 72.
multiply(2020, 1851) should return 0.
multiply(14,-15) should return 20.

##### Global Docstring Example #####
The program takes two integer inputs, `a` and `b`, multiplies them together, converts the result to a string, and then maps each character in the string to an integer using the `int()` function. The resulting list of integers is then summed using the `sum()` function. The final result is returned.
POSITIVE
[tensor(0.1728), tensor(0.1854), tensor(0.1854), tensor(0.1796), tensor(0.1230), tensor(0.1854), tensor(0.0529), tensor(0.0714), tensor(0.1854), tensor(0.1854)]



!!!!!!!!!!!!! Evaluating Question 98 !!!!!!!!!!!!!
##### Intended Docstring #####

Given a string s, count the number of uppercase vowels in even indices.

For example:
count_upper('aBCdEf') returns 1
count_upper('abcdefg') returns 0
count_upper('dBBE') returns 0

##### Global Docstring Example #####
This program counts the number of vowels in a given string "s" and returns the count of the vowels that appear at even positions in the string. The program first initializes a list of vowels and a count variable to 0. It then iterates through each character in the string "s" using a for loop. If the current character is a vowel, the program checks if the index of the character is even. If it is, the count variable is incremented. Finally, the program returns the count of the vowels that appear at even positions in the string.
POSITIVE
[tensor(0.3131), tensor(0.0537), tensor(0.0223), tensor(0.0223), tensor(0.0557), tensor(0.0348), tensor(0.1050), tensor(0.1125), tensor(0.1577), tensor(0.4248)]



!!!!!!!!!!!!! Evaluating Question 99 !!!!!!!!!!!!!
##### Intended Docstring #####

Create a function that takes a value (string) representing a number
and returns the closest integer to it. If the number is equidistant
from two integers, round it away from zero.

Examples
>>> closest_integer("10")
10
>>> closest_integer("15.3")
15

Note:
Rounding away from zero means that if the given number is equidistant
from two integers, the one you should return is the one that is the
farthest from zero. For example closest_integer("14.5") should
return 15 and closest_integer("-14.5") should return -15.

##### Global Docstring Example #####
This program is designed to convert a given value to an integer. If the value is a float, it will round the value to the nearest integer and return it. If the value is not a float, it will return the original value. The program uses a try-except block to handle any potential errors that may occur during the conversion process.
POSITIVE
[tensor(0.3584), tensor(0.3303), tensor(0.1989), tensor(0.3337), tensor(0.3303), tensor(0.3656), tensor(0.0566), tensor(0.3303), tensor(0.3512), tensor(0.3512)]



!!!!!!!!!!!!! Evaluating Question 100 !!!!!!!!!!!!!
##### Intended Docstring #####

Given a positive integer n, you have to make a pile of n levels of stones.
The first level has n stones.
The number of stones in the next level is:
- the next odd number if n is odd.
- the next even number if n is even.
Return the number of stones in each level in a list, where element at index
i represents the number of stones in the level (i+1).

Examples:
>>> make_a_pile(3)
[3, 5, 7]

##### Global Docstring Example #####
The program takes a single integer input and returns a list of integers. The list contains the input integer followed by a sequence of integers generated using a list comprehension. The sequence is generated by adding 2 to the input integer if it is even, or adding 1 if it is odd. The range function is used to generate a sequence of integers from 1 to the input integer.
POSITIVE
[tensor(0.2114), tensor(0.1817), tensor(0.0436), tensor(0.2109), tensor(0.0898), tensor(0.3402), tensor(0.3094), tensor(0.3094), tensor(0.2587), tensor(0.3293)]



!!!!!!!!!!!!! Evaluating Question 101 !!!!!!!!!!!!!
##### Intended Docstring #####

You will be given a string of words separated by commas or spaces. Your task is
to split the string into words and return an array of the words.

For example:
words_string("Hi, my name is John") == ["Hi", "my", "name", "is", "John"]
words_string("One, two, three, four, five, six") == ["One", "two", "three", "four", "five", "six"]

##### Global Docstring Example #####
The program takes a string `s` as input and returns a list of strings obtained by splitting the input string at every comma character. The resulting list contains all the individual words separated by commas in the original string.
POSITIVE
[tensor(0.4750), tensor(0.4827), tensor(0.4827), tensor(0.4750), tensor(0.4750), tensor(0.4827), tensor(0.4750), tensor(0.4750), tensor(0.4866), tensor(0.4750)]



!!!!!!!!!!!!! Evaluating Question 102 !!!!!!!!!!!!!
##### Intended Docstring #####
This function takes two positive numbers x and y and returns the
biggest even integer number that is in the range [x, y] inclusive. If 
there's no such number, then the function should return -1.

For example:
choose_num(12, 15) = 14
choose_num(13, 12) = -1

##### Global Docstring Example #####
The program is a decision-making algorithm that takes two integers, x and y, as input and returns an integer based on certain conditions. If x is less than y, the program returns -1. If both x and y are even, the program returns x. If x is even, the program calls a function called "choose\_num" with x + 1 and y as arguments. If y is even, the program calls the "choose\_num" function with x and y - 1 as arguments. If neither of these conditions are met, the program returns -1.
POSITIVE
[tensor(0.2999), tensor(0.0645), tensor(0.1467), tensor(0.3873), tensor(0.1079), tensor(0.0645), tensor(0.0899), tensor(0.0674), tensor(0.0587), tensor(0.1381)]



!!!!!!!!!!!!! Evaluating Question 103 !!!!!!!!!!!!!
##### Intended Docstring #####
You are given two positive integers n and m, and your task is to compute the
average of the integers from n through m (including n and m). 
Round the answer to the nearest integer and convert that to binary.
If n is greater than m, return -1.
Example:
rounded_avg(1, 5) => "0b11"
rounded_avg(7, 5) => -1
rounded_avg(10, 20) => "0b1111"
rounded_avg(20, 33) => "0b11010"

##### Global Docstring Example #####
The program takes two integer inputs, `n` and `m`, and returns the binary representation of the sum of `n` and `m` minus one. It uses the `os` and `sys` modules for basic file and system operations, the `json` module for JSON parsing and encoding, the `logging` module for logging, the `boto3` module for interacting with AWS services, and the `botocore` module for handling exceptions. The program uses the `bin()` function to convert the sum to a binary string.
POSITIVE
[tensor(0.0353), tensor(0.0773), tensor(0.0246), tensor(0.1671), tensor(0.2678), tensor(0.1222), tensor(0.0756), tensor(0.0779), tensor(0.2245), tensor(0.0370)]



!!!!!!!!!!!!! Evaluating Question 104 !!!!!!!!!!!!!
##### Intended Docstring #####
Given a list of positive integers x. return a sorted list of all 
elements that hasn't any even digit.

Note: Returned list should be sorted in increasing order.

For example:
>>> unique_digits([15, 33, 1422, 1])
[1, 15, 33]
>>> unique_digits([152, 323, 1422, 10])
[]

##### Global Docstring Example #####
The program is a filter that returns a list of odd numbers from a given list of integers. It does this by iterating over each element in the input list and checking if it is odd using the modulo operator. If the element is odd, it is included in the output list. The resulting list only contains odd numbers.
POSITIVE
[tensor(0.1771), tensor(0.1238), tensor(0.0964), tensor(0.0943), tensor(0.0635), tensor(0.0773), tensor(0.2165), tensor(0.3833), tensor(0.2356), tensor(0.1771)]



!!!!!!!!!!!!! Evaluating Question 105 !!!!!!!!!!!!!
##### Intended Docstring #####

Given an array of integers, sort the integers that are between 1 and 9 inclusive,
reverse the resulting array, and then replace each digit by its corresponding name from
"One", "Two", "Three", "Four", "Five", "Six", "Seven", "Eight", "Nine".

For example:
  arr = [2, 1, 1, 4, 5, 8, 2, 3]   
-> sort arr -> [1, 1, 2, 2, 3, 4, 5, 8] 
-> reverse arr -> [8, 5, 4, 3, 2, 2, 1, 1]
  return ["Eight", "Five", "Four", "Three", "Two", "Two", "One", "One"]

  If the array is empty, return an empty array:
  arr = []
  return []

  If the array has any strange number ignore it:
  arr = [1, -1 , 55] 
-> sort arr -> [-1, 1, 55]
-> reverse arr -> [55, 1, -1]
  return = ['One']

##### Global Docstring Example #####
The program takes an array of integers as input and returns a list of their corresponding names. The program first checks if the input array is empty and returns an empty list if it is. Then, it checks if any element in the array is less than 1 or greater than 9, and returns an empty list if any such element is found. If the array passes this check, the program sorts the array in ascending order and reverses the sorted array. The program then checks if any element in the reversed array is less than 0 or greater than 9, and returns an empty list if any such element is found
POSITIVE
[tensor(0.4243), tensor(0.3650), tensor(0.0386), tensor(0.4357), tensor(0.1228), tensor(0.0693), tensor(0.2367), tensor(0.0544), tensor(0.4165), tensor(0.0842)]



!!!!!!!!!!!!! Evaluating Question 106 !!!!!!!!!!!!!
##### Intended Docstring #####
 Implement the function f that takes n as a parameter,
and returns a list of size n, such that the value of the element at index i is the factorial of i if i is even
or the sum of numbers from 1 to i otherwise.
i starts from 1.
the factorial of i is the multiplication of the numbers from 1 to i (1 * 2 * ... * i).
Example:
f(5) == [1, 2, 6, 24, 15]

##### Global Docstring Example #####
The program is a documentation assistant that summarizes programs. It takes in a program's source code and generates a concise and precise summary of its intent. The summary is meant to provide a high-level overview of the program's functionality, without going into the low-level details of its implementation.
POSITIVE
[tensor(0.3031), tensor(0.2036), tensor(0.0971), tensor(0.2329), tensor(0.2036), tensor(0.0831), tensor(0.0290), tensor(0.2328), tensor(0.0378), tensor(0.1961)]



!!!!!!!!!!!!! Evaluating Question 107 !!!!!!!!!!!!!
##### Intended Docstring #####

Given a positive integer n, return a tuple that has the number of even and odd
integer palindromes that fall within the range(1, n), inclusive.

Example 1:

Input: 3
Output: (1, 2)
Explanation:
Integer palindrome are 1, 2, 3. one of them is even, and two of them are odd.

Example 2:

Input: 12
Output: (4, 6)
Explanation:
Integer palindrome are 1, 2, 3, 4, 5, 6, 7, 8, 9, 11. four of them are even, and 6 of them are odd.

Note:
1. 1 <= n <= 10^3
2. returned tuple has the number of even and odd integer palindromes respectively.

##### Global Docstring Example #####
The program is a documentation assistant that summarizes programs. It takes in a program's source code and generates a concise and precise summary of its intent. The summary is meant to provide a high-level overview of the program's functionality, without going into the low-level details of its implementation.
POSITIVE
[tensor(0.4958), tensor(0.4958), tensor(0.4958), tensor(0.2700), tensor(0.4958), tensor(0.7032), tensor(0.7343), tensor(0.4928), tensor(0.4958), tensor(0.4958)]



!!!!!!!!!!!!! Evaluating Question 108 !!!!!!!!!!!!!
##### Intended Docstring #####

Write a function count_nums which takes an array of integers and returns
the number of elements which has a sum of digits > 0.
If a number is negative, then its first signed digit will be negative:
e.g. -123 has signed digits -1, 2, and 3.
>>> count_nums([]) == 0
>>> count_nums([-1, 11, -11]) == 1
>>> count_nums([1, 1, 2]) == 3

##### Global Docstring Example #####
The program calculates the sum of all negative numbers in the list `arr`. It does this by iterating over each element in the list and checking if it is less than 0. If it is, the element is added to the sum. The final sum is then returned.
POSITIVE
[tensor(0.0761), tensor(0.1025), tensor(0.0327), tensor(0.1236), tensor(0.1555), tensor(0.0327), tensor(0.0645), tensor(0.1194), tensor(0.0327), tensor(0.0561)]



!!!!!!!!!!!!! Evaluating Question 109 !!!!!!!!!!!!!
##### Intended Docstring #####
We have an array 'arr' of N integers arr[1], arr[2], ..., arr[N].The
numbers in the array will be randomly ordered. Your task is to determine if
it is possible to get an array sorted in non-decreasing order by performing 
the following operation on the given array:
You are allowed to perform right shift operation any number of times.

One right shift operation means shifting all elements of the array by one
position in the right direction. The last element of the array will be moved to
the starting position in the array i.e. 0th index. 

If it is possible to obtain the sorted array by performing the above operation
then return True else return False.
If the given array is empty then return True.

Note: The given list is guaranteed to have unique elements.

For Example:

move_one_ball([3, 4, 5, 1, 2])==>True
Explanation: By performin 2 right shift operations, non-decreasing order can
 be achieved for the given array.
move_one_ball([3, 5, 4, 1, 2])==>False
Explanation:It is not possible to get non-decreasing order for the given
array by performing any number of right shift operations.


##### Global Docstring Example #####
The program is a simple sorting algorithm that checks if a given list of integers is sorted in ascending order. It does this by iterating through the list and comparing each element to the next one. If any element is greater than the next one, the function returns False, indicating that the list is not sorted. If the end of the list is reached without finding any out-of-order elements, the function returns True, indicating that the list is sorted.
POSITIVE
[tensor(0.2485), tensor(0.2044), tensor(0.0998), tensor(0.2431), tensor(0.2677), tensor(0.1853), tensor(0.2467), tensor(0.2597), tensor(0.2129), tensor(0.2230)]



!!!!!!!!!!!!! Evaluating Question 110 !!!!!!!!!!!!!
##### Intended Docstring #####
In this problem, you will implement a function that takes two lists of numbers,
and determines whether it is possible to perform an exchange of elements
between them to make lst1 a list of only even numbers.
There is no limit on the number of exchanged elements between lst1 and lst2.
If it is possible to exchange elements between the lst1 and lst2 to make
all the elements of lst1 to be even, return "YES".
Otherwise, return "NO".
For example:
exchange([1, 2, 3, 4], [1, 2, 3, 4]) => "YES"
exchange([1, 2, 3, 4], [1, 5, 3, 4]) => "NO"
It is assumed that the input lists will be non-empty.

##### Global Docstring Example #####
The program is a documentation assistant that summarizes programs. It takes in a program's source code and generates a concise and precise summary of its intent. The summary is meant to provide a high-level overview of the program's functionality, without going into the low-level details of its implementation.
POSITIVE
[tensor(0.2622), tensor(0.1561), tensor(0.1206), tensor(0.2622), tensor(0.0471), tensor(0.2622), tensor(0.0527), tensor(0.0619), tensor(0.0619), tensor(0.0549)]



!!!!!!!!!!!!! Evaluating Question 111 !!!!!!!!!!!!!
##### Intended Docstring #####
Given a string representing a space separated lowercase letters, return a dictionary
of the letter with the most repetition and containing the corresponding count.
If several letters have the same occurrence, return all of them.

Example:
histogram('a b c') == {'a': 1, 'b': 1, 'c': 1}
histogram('a b b a') == {'a': 2, 'b': 2}
histogram('a b c a b') == {'a': 2, 'b': 2}
histogram('b b b b a') == {'b': 4}
histogram('') == {}


##### Global Docstring Example #####
The program is a simple Python script that takes in a list of characters (test) and returns a dictionary (histogram) that maps each unique character in the list to its count in the list. The program iterates through each character in the list and updates the count for that character in the dictionary if it already exists, or adds a new entry for that character with a count of 1 if it does not exist. The resulting dictionary provides a count of the frequency of each character in the input list.
POSITIVE
[tensor(0.2502), tensor(0.4326), tensor(0.4097), tensor(0.4403), tensor(0.2774), tensor(0.3764), tensor(0.4328), tensor(0.4062), tensor(0.3912), tensor(0.3764)]



!!!!!!!!!!!!! Evaluating Question 112 !!!!!!!!!!!!!
##### Intended Docstring #####
Task
We are given two strings s and c, you have to deleted all the characters in s that are equal to any character in c
then check if the result string is palindrome.
A string is called palindrome if it reads the same backward as forward.
You should return a tuple containing the result string and True/False for the check.
Example
For s = "abcde", c = "ae", the result should be ('bcd',False)
For s = "abcdef", c = "b"  the result should be ('acdef',False)
For s = "abcdedcba", c = "ab", the result should be ('cdedc',True)

##### Global Docstring Example #####
This program takes in two lists, s and c, and removes any characters in c from s. If the resulting list s is equal to the reverse of its original value, the program returns s and True. Otherwise, it returns s and False.
POSITIVE
[tensor(0.4648), tensor(0.0792), tensor(0.3665), tensor(0.3697), tensor(0.5070), tensor(0.3697), tensor(0.1716), tensor(0.3697), tensor(0.3017), tensor(0.1390)]



!!!!!!!!!!!!! Evaluating Question 113 !!!!!!!!!!!!!
##### Intended Docstring #####
Given a list of strings, where each string consists of only digits, return a list.
Each element i of the output should be "the number of odd elements in the
string i of the input." where all the i's should be replaced by the number
of odd digits in the i'th string of the input.

>>> odd_count(['1234567'])
["the number of odd elements 4n the str4ng 4 of the 4nput."]
>>> odd_count(['3',"11111111"])
["the number of odd elements 1n the str1ng 1 of the 1nput.",
 "the number of odd elements 8n the str8ng 8 of the 8nput."]

##### Global Docstring Example #####
This program takes a list of strings as input and returns a string that summarizes the number of odd elements in the first string of the list, as well as the length of the string and the string itself. The program uses a list comprehension to count the number of odd elements in the first string of the list, and then concatenates this information with the length and string of the first element of the list. The resulting string is returned as output.
POSITIVE
[tensor(0.0931), tensor(0.1255), tensor(0.1876), tensor(0.0917), tensor(0.1587), tensor(0.1204), tensor(0.2604), tensor(0.2500), tensor(0.1246), tensor(0.0931)]



!!!!!!!!!!!!! Evaluating Question 114 !!!!!!!!!!!!!
##### Intended Docstring #####

Given an array of integers nums, find the minimum sum of any non-empty sub-array
of nums.
Example
minSubArraySum([2, 3, 4, 1, 2, 4]) == 1
minSubArraySum([-1, -2, -3]) == -6

##### Global Docstring Example #####
The program calculates the minimum sum of a list of integers. It iterates through the list and keeps track of the minimum sum seen so far and the current sum. If the current sum becomes negative, it is reset to 0. Finally, the minimum sum is returned.
POSITIVE
[tensor(0.4138), tensor(0.4174), tensor(0.4212), tensor(0.4443), tensor(0.6102), tensor(0.5183), tensor(0.1125), tensor(0.3726), tensor(0.3913), tensor(0.4791)]



!!!!!!!!!!!!! Evaluating Question 115 !!!!!!!!!!!!!
##### Intended Docstring #####

You are given a rectangular grid of wells. Each row represents a single well,
and each 1 in a row represents a single unit of water.
Each well has a corresponding bucket that can be used to extract water from it, 
and all buckets have the same capacity.
Your task is to use the buckets to empty the wells.
Output the number of times you need to lower the buckets.

Example 1:
Input: 
grid : [[0,0,1,0], [0,1,0,0], [1,1,1,1]]
bucket_capacity : 1
Output: 6

Example 2:
Input: 
grid : [[0,0,1,1], [0,0,0,0], [1,1,1,1], [0,1,1,1]]
bucket_capacity : 2
Output: 5

Example 3:
Input: 
grid : [[0,0,0], [0,0,0]]
bucket_capacity : 5
Output: 0

Constraints:
* all wells have the same length
* 1 <= grid.length <= 10^2
* 1 <= grid[:,1].length <= 10^2
* grid[i][j] -> 0 | 1
* 1 <= capacity <= 10

##### Global Docstring Example #####
The program is a simple implementation of the Breadth-First Search (BFS) algorithm. It takes a grid of integers as input and returns the sum of all elements in the grid. The program first checks if the grid is empty or if the first element of the grid is empty. If either of these conditions is true, the program returns 0. If the grid is not empty, the program initializes a new grid with all elements set to 0. It then iterates through each element in the grid and checks if the element is equal to 1. If the element is equal to 1, the program
POSITIVE
[tensor(0.1352), tensor(0.4170), tensor(0.3788), tensor(0.5057), tensor(0.2183), tensor(0.1083), tensor(0.5057), tensor(0.5057), tensor(0.5040), tensor(0.5057)]



!!!!!!!!!!!!! Evaluating Question 116 !!!!!!!!!!!!!
##### Intended Docstring #####

In this Kata, you have to sort an array of non-negative integers according to
number of ones in their binary representation in ascending order.
For similar number of ones, sort based on decimal value.

It must be implemented like this:
>>> sort_array([1, 5, 2, 3, 4]) == [1, 2, 3, 4, 5]
>>> sort_array([-2, -3, -4, -5, -6]) == [-6, -5, -4, -3, -2]
>>> sort_array([1, 0, 2, 3, 4]) [0, 1, 2, 3, 4]

##### Global Docstring Example #####
The program takes an array of integers as input and returns a new array of integers sorted in ascending order based on the number of binary digits in each integer. The sorting is done using the built-in Python `sorted()` function with a lambda function as the key parameter. The lambda function converts each integer to its binary representation using the built-in Python `bin()` function and then counts the number of occurrences of the digit "1" in the binary representation using the `count()` method. The resulting array is sorted in ascending order based on the count of the digit "1
POSITIVE
[tensor(0.4822), tensor(0.2139), tensor(0.2895), tensor(0.0073), tensor(0.0529), tensor(0.3025), tensor(0.4784), tensor(0.4822), tensor(0.4784), tensor(0.0789)]



!!!!!!!!!!!!! Evaluating Question 117 !!!!!!!!!!!!!
##### Intended Docstring #####
Given a string s and a natural number n, you have been tasked to implement 
a function that returns a list of all words from string s that contain exactly 
n consonants, in order these words appear in the string s.
If the string s is empty then the function should return an empty list.
Note: you may assume the input string contains only letters and spaces.
Examples:
select_words("Mary had a little lamb", 4) ==> ["little"]
select_words("Mary had a little lamb", 3) ==> ["Mary", "lamb"]
select_words("simple white space", 2) ==> []
select_words("Hello world", 4) ==> ["world"]
select_words("Uncle sam", 3) ==> ["Uncle"]

##### Global Docstring Example #####
The program is a function that takes a string "s" as input and returns a list of strings based on the length of the input string. If the length of the string is 1, 2, 3, 4, 5, 6, or 7, the function returns a list containing the input string. If the length of the string is 0, the function returns an empty list.
POSITIVE
[tensor(0.1694), tensor(0.1761), tensor(0.2677), tensor(0.0439), tensor(0.4514), tensor(0.3945), tensor(0.2677), tensor(0.2677), tensor(0.1535), tensor(0.3368)]



!!!!!!!!!!!!! Evaluating Question 118 !!!!!!!!!!!!!
##### Intended Docstring #####
You are given a word. Your task is to find the closest vowel that stands between 
two consonants from the right side of the word (case sensitive).

Vowels in the beginning and ending doesn't count. Return empty string if you didn't
find any vowel met the above condition. 

You may assume that the given string contains English letter only.

Example:
get_closest_vowel("yogurt") ==> "u"
get_closest_vowel("FULL") ==> "U"
get_closest_vowel("quick") ==> ""
get_closest_vowel("ab") ==> ""

##### Global Docstring Example #####
The program is a documentation assistant that summarizes programs. It takes in a program's source code and generates a concise and precise summary of its intent. The summary is meant to provide a high-level overview of the program's functionality, without going into the low-level details of its implementation.
POSITIVE
[tensor(0.0525), tensor(0.0580), tensor(0.1858), tensor(0.0525), tensor(0.0525), tensor(0.0211), tensor(0.1438), tensor(0.0525), tensor(0.0303), tensor(0.1601)]



!!!!!!!!!!!!! Evaluating Question 119 !!!!!!!!!!!!!
##### Intended Docstring #####

You are given a list of two strings, both strings consist of open
parentheses '(' or close parentheses ')' only.
Your job is to check if it is possible to concatenate the two strings in
some order, that the resulting string will be good.
A string S is considered to be good if and only if all parentheses in S
are balanced. For example: the string '(())()' is good, while the string
'())' is not.
Return 'Yes' if there's a way to make a good string, and return 'No' otherwise.

Examples:
match_parens(['()(', ')']) == 'Yes'
match_parens([')', ')']) == 'No'

##### Global Docstring Example #####
The program takes in a list of integers and two indices, and returns "Yes" if the two indices are valid and the element at index 0 is equal to the element at index 1, and "No" otherwise.
POSITIVE
[tensor(0.0812), tensor(0.1548), tensor(0.2090), tensor(0.1162), tensor(0.1364), tensor(0.1665), tensor(0.1984), tensor(0.2090), tensor(0.1546), tensor(0.0588)]



!!!!!!!!!!!!! Evaluating Question 120 !!!!!!!!!!!!!
##### Intended Docstring #####

Given an array arr of integers and a positive integer k, return a sorted list 
of length k with the maximum k numbers in arr.

Example 1:

Input: arr = [-3, -4, 5], k = 3
Output: [-4, -3, 5]

Example 2:

Input: arr = [4, -4, 4], k = 2
Output: [4, 4]

Example 3:

Input: arr = [-3, 2, 1, 2, -1, -2, 1], k = 1
Output: [2]

Note:
1. The length of the array will be in the range of [1, 1000].
2. The elements in the array will be in the range of [-1000, 1000].
3. 0 <= k <= len(arr)

##### Global Docstring Example #####
This program checks if the input array is empty. If it is, it returns an empty list. Otherwise, it returns the original array.
POSITIVE
[tensor(0.0898), tensor(0.4790), tensor(0.4790), tensor(0.4364), tensor(0.4790), tensor(0.4790), tensor(0.4634), tensor(0.4790), tensor(0.4790), tensor(0.5142)]



!!!!!!!!!!!!! Evaluating Question 121 !!!!!!!!!!!!!
##### Intended Docstring #####
Given a non-empty list of integers, return the sum of all of the odd elements that are in even positions.


Examples
solution([5, 8, 7, 1]) ==> 12
solution([3, 3, 3, 3, 3]) ==> 9
solution([30, 13, 24, 321]) ==>0

##### Global Docstring Example #####
This program calculates the sum of all odd numbers in a list. It iterates through each element in the list and checks if it is odd by using the modulo operator. If the element is odd, it is added to the running total. Finally, the total is returned.
POSITIVE
[tensor(0.2898), tensor(0.2898), tensor(0.3265), tensor(0.2710), tensor(0.3837), tensor(0.2680), tensor(0.3130), tensor(0.3545), tensor(0.3264), tensor(0.3837)]



!!!!!!!!!!!!! Evaluating Question 122 !!!!!!!!!!!!!
##### Intended Docstring #####

Given a non-empty array of integers arr and an integer k, return
the sum of the elements with at most two digits from the first k elements of arr.

Example:

Input: arr = [111,21,3,4000,5,6,7,8,9], k = 4
Output: 24 # sum of 21 + 3

Constraints:
1. 1 <= len(arr) <= 100
2. 1 <= k <= len(arr)

##### Global Docstring Example #####
The program calculates the sum of the first k elements of an array and returns the sum minus 9 if it is less than 10. If the sum is less than 10, the program returns 0.
POSITIVE
[tensor(0.2770), tensor(0.0305), tensor(0.3195), tensor(0.1084), tensor(0.4513), tensor(0.4513), tensor(0.4513), tensor(0.2438), tensor(0.2087), tensor(0.1475)]



!!!!!!!!!!!!! Evaluating Question 123 !!!!!!!!!!!!!
##### Intended Docstring #####

Given a positive integer n, return a sorted list that has the odd numbers in collatz sequence.

The Collatz conjecture is a conjecture in mathematics that concerns a sequence defined
as follows: start with any positive integer n. Then each term is obtained from the 
previous term as follows: if the previous term is even, the next term is one half of 
the previous term. If the previous term is odd, the next term is 3 times the previous
term plus 1. The conjecture is that no matter what value of n, the sequence will always reach 1.

Note: 
1. Collatz(1) is [1].
2. returned list sorted in increasing order.

For example:
get_odd_collatz(5) returns [1, 5] # The collatz sequence for 5 is [5, 16, 8, 4, 2, 1], so the odd numbers are only 1, and 5.

##### Global Docstring Example #####
The program generates a sequence of numbers using the Collatz Conjecture algorithm. The sequence starts with a given number n and continues to apply the rule that if n is even, divide it by 2, otherwise multiply it by 3 and add 1. The resulting sequence is returned, sorted in ascending order.
POSITIVE
[tensor(0.5329), tensor(0.4818), tensor(0.4934), tensor(0.5246), tensor(0.3866), tensor(0.0872), tensor(0.4703), tensor(0.4934), tensor(0.2121), tensor(0.4280)]



!!!!!!!!!!!!! Evaluating Question 124 !!!!!!!!!!!!!
##### Intended Docstring #####
You have to write a function which validates a given date string and
returns True if the date is valid otherwise False.
The date is valid if all of the following rules are satisfied:
1. The date string is not empty.
2. The number of days is not less than 1 or higher than 31 days for months 1,3,5,7,8,10,12. And the number of days is not less than 1 or higher than 30 days for months 4,6,9,11. And, the number of days is not less than 1 or higher than 29 for the month 2.
3. The months should not be less than 1 or higher than 12.
4. The date should be in the format: mm-dd-yyyy

for example: 
valid_date('03-11-2000') => True

valid_date('15-01-2012') => False

valid_date('04-0-2040') => False

valid_date('06-04-2020') => True

valid_date('06/04/2020') => False

##### Global Docstring Example #####
The program is a validation function that checks if a given date string is in the format "MM/DD/YYYY". It checks if the length of the string is 10 characters, if the second, fifth, and seventh characters are alphabets, and if the first, second, and third characters are numeric. If any of these conditions are not met, the function returns False. Otherwise, it returns True.
POSITIVE
[tensor(0.2652), tensor(0.2903), tensor(0.3639), tensor(0.4539), tensor(0.3150), tensor(0.3963), tensor(0.3896), tensor(0.4005), tensor(0.0491), tensor(0.4272)]



!!!!!!!!!!!!! Evaluating Question 125 !!!!!!!!!!!!!
##### Intended Docstring #####

Given a string of words, return a list of words split on whitespace, if no whitespaces exists in the text you
should split on commas ',' if no commas exists you should return the number of lower-case letters with odd order in the
alphabet, ord('a') = 0, ord('b') = 1, ... ord('z') = 25
Examples
split_words("Hello world!")  ["Hello", "world!"]
split_words("Hello,world!")  ["Hello", "world!"]
split_words("abcdef") == 3 

##### Global Docstring Example #####
The program takes a string `txt` as input and returns a list of words by splitting the string on any character that is not a word character (alphanumeric or underscore). The resulting words are converted to lowercase before being returned.
POSITIVE
[tensor(0.1623), tensor(0.1441), tensor(0.1441), tensor(0.1003), tensor(0.1441), tensor(0.0340), tensor(0.1441), tensor(0.1441), tensor(0.1267), tensor(0.1441)]



!!!!!!!!!!!!! Evaluating Question 126 !!!!!!!!!!!!!
##### Intended Docstring #####

Given a list of numbers, return whether or not they are sorted
in ascending order. If list has more than 1 duplicate of the same
number, return False. Assume no negative numbers and only integers.

Examples
is_sorted([5])  True
is_sorted([1, 2, 3, 4, 5])  True
is_sorted([1, 3, 2, 4, 5])  False
is_sorted([1, 2, 3, 4, 5, 6])  True
is_sorted([1, 2, 3, 4, 5, 6, 7])  True
is_sorted([1, 3, 2, 4, 5, 6, 7])  False
is_sorted([1, 2, 2, 3, 3, 4])  True
is_sorted([1, 2, 2, 2, 3, 4])  False

##### Global Docstring Example #####
The program checks if a list of integers has a strictly increasing order. If the list has only one element, it returns True. Otherwise, it iterates through the list and checks if each element is less than the previous element. If it finds any element that is not strictly increasing, it returns False. If the loop completes without finding any such element, it returns True.
POSITIVE
[tensor(0.4371), tensor(0.0424), tensor(0.0877), tensor(0.2306), tensor(0.2863), tensor(0.4072), tensor(0.2863), tensor(0.4067), tensor(0.1403), tensor(0.1847)]



!!!!!!!!!!!!! Evaluating Question 127 !!!!!!!!!!!!!
##### Intended Docstring #####
You are given two intervals,
where each interval is a pair of integers. For example, interval = (start, end) = (1, 2).
The given intervals are closed which means that the interval (start, end)
includes both start and end.
For each given interval, it is assumed that its start is less or equal its end.
Your task is to determine whether the length of intersection of these two 
intervals is a prime number.
Example, the intersection of the intervals (1, 3), (2, 4) is (2, 3)
which its length is 1, which not a prime number.
If the length of the intersection is a prime number, return "YES",
otherwise, return "NO".
If the two intervals don't intersect, return "NO".


[input/output] samples:
intersection((1, 2), (2, 3)) ==> "NO"
intersection((-1, 1), (0, 4)) ==> "NO"
intersection((-3, -1), (-5, 5)) ==> "YES"

##### Global Docstring Example #####
The program is a documentation assistant that summarizes programs. It takes in a program's source code and generates a concise and precise summary of its intent. The summary is meant to provide a high-level overview of the program's functionality, without going into the low-level details of its implementation.
POSITIVE
[tensor(0.1271), tensor(0.0814), tensor(0.1271), tensor(0.1271), tensor(0.1271), tensor(0.1348), tensor(0.0763), tensor(0.0832), tensor(0.1879), tensor(0.0864)]



!!!!!!!!!!!!! Evaluating Question 128 !!!!!!!!!!!!!
##### Intended Docstring #####

You are given an array arr of integers and you need to return
sum of magnitudes of integers multiplied by product of all signs
of each number in the array, represented by 1, -1 or 0.
Note: return None for empty arr.

Example:
>>> prod_signs([1, 2, 2, -4]) == -9
>>> prod_signs([0, 1]) == 0
>>> prod_signs([]) == None

##### Global Docstring Example #####
The program takes an array of integers as input and returns the sum of the product of each element in the array and its absolute value. If the input array is empty, the program returns None.
POSITIVE
[tensor(0.4865), tensor(0.4021), tensor(0.2285), tensor(0.2325), tensor(0.2177), tensor(0.1370), tensor(0.5099), tensor(0.2864), tensor(0.4786), tensor(0.2864)]



!!!!!!!!!!!!! Evaluating Question 129 !!!!!!!!!!!!!
##### Intended Docstring #####

Given a grid with N rows and N columns (N >= 2) and a positive integer k, 
each cell of the grid contains a value. Every integer in the range [1, N * N]
inclusive appears exactly once on the cells of the grid.

You have to find the minimum path of length k in the grid. You can start
from any cell, and in each step you can move to any of the neighbor cells,
in other words, you can go to cells which share an edge with you current
cell.
Please note that a path of length k means visiting exactly k cells (not
necessarily distinct).
You CANNOT go off the grid.
A path A (of length k) is considered less than a path B (of length k) if
after making the ordered lists of the values on the cells that A and B go
through (let's call them lst_A and lst_B), lst_A is lexicographically less
than lst_B, in other words, there exist an integer index i (1 <= i <= k)
such that lst_A[i] < lst_B[i] and for any j (1 <= j < i) we have
lst_A[j] = lst_B[j].
It is guaranteed that the answer is unique.
Return an ordered list of the values on the cells that the minimum path go through.

Examples:

Input: grid = [ [1,2,3], [4,5,6], [7,8,9]], k = 3
Output: [1, 2, 1]

Input: grid = [ [5,9,3], [4,1,6], [7,8,2]], k = 1
Output: [1]

##### Global Docstring Example #####
The program takes in a grid and a value k, and returns a list of the first k elements of the grid. If the grid has fewer than k elements, the program returns the entire grid. If k is 0, the program returns an empty list.
POSITIVE
[tensor(0.2744), tensor(0.2470), tensor(0.2630), tensor(0.3554), tensor(0.4235), tensor(0.5242), tensor(0.4259), tensor(0.3514), tensor(0.2905), tensor(0.2207)]



!!!!!!!!!!!!! Evaluating Question 130 !!!!!!!!!!!!!
##### Intended Docstring #####
Everyone knows Fibonacci sequence, it was studied deeply by mathematicians in 
the last couple centuries. However, what people don't know is Tribonacci sequence.
Tribonacci sequence is defined by the recurrence:
tri(1) = 3
tri(n) = 1 + n / 2, if n is even.
tri(n) =  tri(n - 1) + tri(n - 2) + tri(n + 1), if n is odd.
For example:
tri(2) = 1 + (2 / 2) = 2
tri(4) = 3
tri(3) = tri(2) + tri(1) + tri(4)
   = 2 + 3 + 3 = 8 
You are given a non-negative integer number n, you have to a return a list of the 
first n + 1 numbers of the Tribonacci sequence.
Examples:
tri(3) = [1, 3, 2, 8]

##### Global Docstring Example #####
The program is a function that takes an integer `n` as input and returns a list of integers from 0 to `n`. The function uses a series of `if` statements to check the value of `n` and return a corresponding list of integers. If `n` is 0, the function returns [0]. If `n` is 1, the function returns [0, 1]. If `n` is 2, the function returns [0, 1, 1]. If `n` is 3, the function returns [0, 1, 2, 3
POSITIVE
[tensor(0.1624), tensor(0.1694), tensor(0.2481), tensor(0.3546), tensor(0.1708), tensor(0.2947), tensor(0.1112), tensor(0.2327), tensor(0.2677), tensor(0.3117)]



!!!!!!!!!!!!! Evaluating Question 131 !!!!!!!!!!!!!
##### Intended Docstring #####
Given a positive integer n, return the product of the odd digits.
Return 0 if all digits are even.
For example:
digits(1)  == 1
digits(4)  == 0
digits(235) == 15

##### Global Docstring Example #####
The program calculates the sum of all odd numbers in a given range. It does this by iterating over each number in the range and checking if it is odd (i.e., has a remainder of 1 when divided by 2). If the number is odd, it is added to the sum. The final sum is then returned.
POSITIVE
[tensor(0.0226), tensor(0.1566), tensor(0.0275), tensor(0.0303), tensor(0.0367), tensor(0.0245), tensor(0.0639), tensor(0.0203), tensor(0.0219), tensor(0.0303)]



!!!!!!!!!!!!! Evaluating Question 132 !!!!!!!!!!!!!
##### Intended Docstring #####

Create a function that takes a string as input which contains only square brackets.
The function should return True if and only if there is a valid subsequence of brackets 
where at least one bracket in the subsequence is nested.

is_nested('[[]]')  True
is_nested('[]]]]]]][[[[[]')  False
is_nested('[][]')  False
is_nested('[]')  False
is_nested('[[][]]')  True
is_nested('[[]][[')  True

##### Global Docstring Example #####
This program checks if a given string is a valid JSON object. It does this by checking if the string starts and ends with square brackets, and if the number of square brackets in the middle of the string is greater than the number of closing square brackets. If these conditions are met, the program returns True, indicating that the string is a valid JSON object. Otherwise, it returns False.
POSITIVE
[tensor(0.2102), tensor(0.2035), tensor(0.2280), tensor(0.2563), tensor(0.2858), tensor(0.3673), tensor(0.4529), tensor(0.2280), tensor(0.2533), tensor(0.2962)]



!!!!!!!!!!!!! Evaluating Question 133 !!!!!!!!!!!!!
##### Intended Docstring #####
You are given a list of numbers.
You need to return the sum of squared numbers in the given list,
round each element in the list to the upper int(Ceiling) first.
Examples:
For lst = [1,2,3] the output should be 14
For lst = [1,4,9] the output should be 98
For lst = [1,3,5,7] the output should be 84
For lst = [1.4,4.2,0] the output should be 29
For lst = [-2.4,1,1] the output should be 6



##### Global Docstring Example #####
The program calculates the sum of the squares of all elements in a list. It does this by using the built-in Python function `sum` to add up the results of a `map` function. The `map` function applies a lambda function (`lambda x: x**2`) to each element of the input list, effectively squaring each element. The resulting list of squares is then passed to the `sum` function to obtain the final result.
POSITIVE
[tensor(0.1547), tensor(0.1796), tensor(0.1400), tensor(0.1620), tensor(0.1547), tensor(0.1695), tensor(0.1963), tensor(0.1409), tensor(0.1773), tensor(0.1796)]



!!!!!!!!!!!!! Evaluating Question 134 !!!!!!!!!!!!!
##### Intended Docstring #####

Create a function that returns True if the last character
of a given string is an alphabetical character and is not
a part of a word, and False otherwise.
Note: "word" is a group of characters separated by space.

Examples:
check_if_last_char_is_a_letter("apple pie")  False
check_if_last_char_is_a_letter("apple pi e")  True
check_if_last_char_is_a_letter("apple pi e ")  False
check_if_last_char_is_a_letter("")  False 

##### Global Docstring Example #####
This program checks if the last character of a given string is an alphabetic character that is not a letter. If the string is empty, the program returns False. Otherwise, it checks if the last character is an alphabetic character that is not a letter and returns True if it is, and False otherwise.
POSITIVE
[tensor(0.3470), tensor(0.2612), tensor(0.2850), tensor(0.2226), tensor(0.2827), tensor(0.2687), tensor(0.4051), tensor(0.2756), tensor(0.2708), tensor(0.3714)]



!!!!!!!!!!!!! Evaluating Question 135 !!!!!!!!!!!!!
##### Intended Docstring #####
Create a function which returns the largest index of an element which
is not greater than or equal to the element immediately preceding it. If
no such element exists then return -1. The given array will not contain
duplicate values.

Examples:
can_arrange([1,2,4,3,5]) = 3
can_arrange([1,2,3]) = -1

##### Global Docstring Example #####
The program takes an array of integers as input and returns the maximum value in the array up to the current index. It does this by iterating through the array and comparing each element to the previous element. If the current element is greater than the previous element, it is returned as the maximum value. The program uses the enumerate function to keep track of the current index and the current element.
POSITIVE
[tensor(0.2141), tensor(0.0825), tensor(0.3581), tensor(0.2560), tensor(0.1641), tensor(0.3509), tensor(0.4249), tensor(0.3129), tensor(0.3653), tensor(0.0718)]



!!!!!!!!!!!!! Evaluating Question 136 !!!!!!!!!!!!!
##### Intended Docstring #####

Create a function that returns a tuple (a, b), where 'a' is
the largest of negative integers, and 'b' is the smallest
of positive integers in a list.
If there is no negative or positive integers, return them as None.

Examples:
largest_smallest_integers([2, 4, 1, 3, 5, 7]) == (None, 1)
largest_smallest_integers([]) == (None, None)
largest_smallest_integers([0]) == (None, None)

##### Global Docstring Example #####
The program takes a list of integers as input and returns a tuple of two integers. If the list is empty, it returns (None, None). If the list has only one element, it returns the element itself. Otherwise, it first finds the largest and smallest integers in the list using the function `largest_smallest_integers`. It then compares the largest and smallest integers found in the first half and second half of the list. If the largest integer in the first half is None, it returns the second largest integer in the second half. If the smallest integer in the second half is None,
POSITIVE
[tensor(0.4247), tensor(0.2616), tensor(0.3760), tensor(0.4438), tensor(0.3724), tensor(0.3161), tensor(0.3436), tensor(0.3472), tensor(0.4323), tensor(0.4786)]



!!!!!!!!!!!!! Evaluating Question 137 !!!!!!!!!!!!!
##### Intended Docstring #####

Create a function that takes integers, floats, or strings representing
real numbers, and returns the larger variable in its given variable type.
Return None if the values are equal.
Note: If a real number is represented as a string, the floating point might be . or ,

compare_one(1, 2.5)  2.5
compare_one(1, "2,3")  "2,3"
compare_one("5,1", "6")  "6"
compare_one("1", 1)  None

##### Global Docstring Example #####
The program is a simple decision-making function that takes two input values, a and b, and returns the larger of the two values. If a is greater than b, the function returns a. If a is less than b, the function returns b. If a is equal to b, the function returns None.
POSITIVE
[tensor(0.4127), tensor(0.2584), tensor(0.2626), tensor(0.3968), tensor(0.3968), tensor(0.3939), tensor(0.4354), tensor(0.3939), tensor(0.3939), tensor(0.4278)]



!!!!!!!!!!!!! Evaluating Question 138 !!!!!!!!!!!!!
##### Intended Docstring #####
Evaluate whether the given number n can be written as the sum of exactly 4 positive even numbers
Example
is_equal_to_sum_even(4) == False
is_equal_to_sum_even(6) == False
is_equal_to_sum_even(8) == True

##### Global Docstring Example #####
The program takes an integer `n` as input and returns `True` if `n` is either 4, 6, or 8, and `False` otherwise. The program first checks if `n` is even by using the modulo operator `%`. If `n` is even, the program checks if it is equal to 4, 6, or 8 using the `or` operator. If `n` is not even, the program checks if it is equal to 4 or 6 using the `or` operator. If `n` is not equal to 4, 6
POSITIVE
[tensor(0.1302), tensor(0.0815), tensor(0.0525), tensor(0.0821), tensor(0.0525), tensor(0.2111), tensor(0.0418), tensor(0.1760), tensor(0.0952), tensor(0.0928)]



!!!!!!!!!!!!! Evaluating Question 139 !!!!!!!!!!!!!
##### Intended Docstring #####
The Brazilian factorial is defined as:
brazilian_factorial(n) = n! * (n-1)! * (n-2)! * ... * 1!
where n > 0

For example:
>>> special_factorial(4)
288

The function will receive an integer as input and should return the special
factorial of this integer.

##### Global Docstring Example #####
The program calculates the value of a special factorial function for a given input `n`. If `n` is less than 0, the program returns 0. If `n` is equal to 0, the program returns 1. Otherwise, the program calculates the value of the special factorial function for `n-1` and multiplies it by `n`.
POSITIVE
[tensor(0.3199), tensor(0.3764), tensor(0.3165), tensor(0.1211), tensor(0.3165), tensor(0.3233), tensor(0.0719), tensor(0.4289), tensor(0.0836), tensor(0.3655)]



!!!!!!!!!!!!! Evaluating Question 140 !!!!!!!!!!!!!
##### Intended Docstring #####

Given a string text, replace all spaces in it with underscores, 
and if a string has more than 2 consecutive spaces, 
then replace all consecutive spaces with - 

fix_spaces("Example") == "Example"
fix_spaces("Example 1") == "Example_1"
fix_spaces(" Example 2") == "_Example_2"
fix_spaces(" Example   3") == "_Example-3"

##### Global Docstring Example #####
The program is a function that takes a string as input and returns a new string with all spaces replaced with underscores. The intent of the program is to remove spaces from the input string.
POSITIVE
[tensor(0.2900), tensor(0.2900), tensor(0.2900), tensor(0.1467), tensor(0.2900), tensor(0.2900), tensor(0.3064), tensor(0.3230), tensor(0.3064), tensor(0.1467)]



!!!!!!!!!!!!! Evaluating Question 141 !!!!!!!!!!!!!
##### Intended Docstring #####
Create a function which takes a string representing a file's name, and returns
'Yes' if the the file's name is valid, and returns 'No' otherwise.
A file's name is considered to be valid if and only if all the following conditions 
are met:
- There should not be more than three digits ('0'-'9') in the file's name.
- The file's name contains exactly one dot '.'
- The substring before the dot should not be empty, and it starts with a letter from 
the latin alphapet ('a'-'z' and 'A'-'Z').
- The substring after the dot should be one of these: ['txt', 'exe', 'dll']
Examples:
file_name_check("example.txt") # => 'Yes'
file_name_check("1example.dll") # => 'No' (the name should start with a latin alphapet letter)

##### Global Docstring Example #####
This program checks whether a given file name meets certain criteria and returns either "Yes" or "No" depending on the result. The criteria are:

1. The file name must have a length of less than 4 characters.
2. The file name must contain exactly one dot.
3. The first character of the file name must be a lowercase letter.
4. The last three characters of the file name must be either "txt", "exe", or "dll".

If all of these criteria are met, the program returns "Yes". Otherwise, it returns "No".
POSITIVE
[tensor(0.2812), tensor(0.2513), tensor(0.2104), tensor(0.2975), tensor(0.0790), tensor(0.1590), tensor(0.1606), tensor(0.3058), tensor(0.1647), tensor(0.4455)]



!!!!!!!!!!!!! Evaluating Question 142 !!!!!!!!!!!!!
##### Intended Docstring #####
"
This function will take a list of integers. For all entries in the list, the function shall square the integer entry if its index is a 
multiple of 3 and will cube the integer entry if its index is a multiple of 4 and not a multiple of 3. The function will not 
change the entries in the list whose indexes are not a multiple of 3 or 4. The function shall then return the sum of all entries. 

Examples:
For lst = [1,2,3] the output should be 6
For lst = []  the output should be 0
For lst = [-1,-5,2,-1,-5]  the output should be -126

##### Global Docstring Example #####
The program calculates the sum of the squares of all elements in the list that are divisible by 3, and the sum of the cubes of all elements in the list that are divisible by 4. If the list is empty, the program returns 0.
POSITIVE
[tensor(0.3475), tensor(0.2650), tensor(0.2530), tensor(0.3476), tensor(0.2742), tensor(0.2836), tensor(0.1806), tensor(0.3475), tensor(0.1890), tensor(0.2867)]



!!!!!!!!!!!!! Evaluating Question 143 !!!!!!!!!!!!!
##### Intended Docstring #####

You are given a string representing a sentence,
the sentence contains some words separated by a space,
and you have to return a string that contains the words from the original sentence,
whose lengths are prime numbers,
the order of the words in the new string should be the same as the original one.

Example 1:
Input: sentence = "This is a test"
Output: "is"

Example 2:
Input: sentence = "lets go for swimming"
Output: "go for"

Constraints:
* 1 <= len(sentence) <= 100
* sentence contains only letters

##### Global Docstring Example #####
The program is a documentation assistant that summarizes programs. It takes in a program's source code and generates a concise and precise summary of its intent. The summary is meant to provide a high-level overview of the program's functionality, without going into the low-level details of its implementation.
POSITIVE
[tensor(0.0978), tensor(0.5524), tensor(0.0978), tensor(0.0978), tensor(0.0978), tensor(0.0978), tensor(0.2441), tensor(0.1536), tensor(0.5523), tensor(0.0978)]



!!!!!!!!!!!!! Evaluating Question 144 !!!!!!!!!!!!!
##### Intended Docstring #####
Your task is to implement a function that will simplify the expression
x * n. The function returns True if x * n evaluates to a whole number and False
otherwise. Both x and n, are string representation of a fraction, and have the following format,
<numerator>/<denominator> where both numerator and denominator are positive whole numbers.

You can assume that x, and n are valid fractions, and do not have zero as denominator.

simplify("1/5", "5/1") = True
simplify("1/6", "2/1") = False
simplify("7/10", "10/2") = False

##### Global Docstring Example #####
This program checks if a given string x is equal to "0/0". If it is, the program returns True. Otherwise, the program calculates the product of the first and last characters of the string x, and compares it to the product of the second and second-to-last characters of the string. If the two products are equal, the program returns True. Otherwise, the program returns False.
POSITIVE
[tensor(0.0827), tensor(0.1584), tensor(0.1245), tensor(0.1419), tensor(0.2130), tensor(0.1115), tensor(0.1562), tensor(0.0868), tensor(0.1077), tensor(0.1157)]



!!!!!!!!!!!!! Evaluating Question 145 !!!!!!!!!!!!!
##### Intended Docstring #####

Write a function which sorts the given list of integers
in ascending order according to the sum of their digits.
Note: if there are several items with similar sum of their digits,
order them based on their index in original list.

For example:
>>> order_by_points([1, 11, -1, -11, -12]) == [-1, -11, 1, -12, 11]
>>> order_by_points([]) == []

##### Global Docstring Example #####
The program is a function that takes a list of numbers as input and returns an empty list if the input list is empty.
POSITIVE
[tensor(0.0375), tensor(0.2896), tensor(0.3948), tensor(0.2245), tensor(0.4096), tensor(0.2650), tensor(0.4248), tensor(0.3614), tensor(0.4096), tensor(0.3948)]



!!!!!!!!!!!!! Evaluating Question 146 !!!!!!!!!!!!!
##### Intended Docstring #####
Write a function that takes an array of numbers as input and returns 
the number of elements in the array that are greater than 10 and both 
first and last digits of a number are odd (1, 3, 5, 7, 9).
For example:
specialFilter([15, -73, 14, -15]) => 1 
specialFilter([33, -2, -3, 45, 21, 109]) => 2

##### Global Docstring Example #####
The program takes a list of integers `nums` as input and returns the length of the filtered list. The filtering criteria are as follows:

* Only integers greater than 10 are included in the filtered list.
* Only odd integers are included in the filtered list.
* Only integers that are both odd and have a remainder of 1 when divided by 10 are included in the filtered list.

The resulting filtered list is then returned as the length of the list.
POSITIVE
[tensor(0.3906), tensor(0.2962), tensor(0.1525), tensor(0.1842), tensor(0.2588), tensor(0.1842), tensor(0.2525), tensor(0.0699), tensor(0.1911), tensor(0.2059)]



!!!!!!!!!!!!! Evaluating Question 147 !!!!!!!!!!!!!
##### Intended Docstring #####

You are given a positive integer n. You have to create an integer array a of length n.
For each i (1  i  n), the value of a[i] = i * i - i + 1.
Return the number of triples (a[i], a[j], a[k]) of a where i < j < k, 
and a[i] + a[j] + a[k] is a multiple of 3.

Example :
Input: n = 5
Output: 1
Explanation: 
a = [1, 3, 7, 13, 21]
The only valid triple is (1, 7, 13).

##### Global Docstring Example #####
The program is a documentation assistant that summarizes programs. It takes in a program's source code and generates a concise and precise summary of its intent. The summary is meant to provide a high-level overview of the program's functionality, without going into the low-level details of its implementation.
POSITIVE
[tensor(0.3853), tensor(0.3853), tensor(0.1831), tensor(0.3853), tensor(0.3853), tensor(0.3853), tensor(0.0338), tensor(0.3853), tensor(0.3853), tensor(0.1110)]



!!!!!!!!!!!!! Evaluating Question 148 !!!!!!!!!!!!!
##### Intended Docstring #####

There are eight planets in our solar system: the closerst to the Sun 
is Mercury, the next one is Venus, then Earth, Mars, Jupiter, Saturn, 
Uranus, Neptune.
Write a function that takes two planet names as strings planet1 and planet2. 
The function should return a tuple containing all planets whose orbits are 
located between the orbit of planet1 and the orbit of planet2, sorted by 
the proximity to the sun. 
The function should return an empty tuple if planet1 or planet2
are not correct planet names. 
Examples
bf("Jupiter", "Neptune") ==> ("Saturn", "Uranus")
bf("Earth", "Mercury") ==> ("Venus")
bf("Mercury", "Uranus") ==> ("Venus", "Earth", "Mars", "Jupiter", "Saturn")

##### Global Docstring Example #####
The program takes in two planets, planet1 and planet2, and returns a list of all planets in the PLANETS dictionary that contain both planet1 and planet2. The list is sorted by the index of planet1 in the planet's list of moons. If either planet is not in the PLANETS dictionary, the program returns an empty list.
POSITIVE
[tensor(0.1836), tensor(0.2108), tensor(0.1584), tensor(0.2675), tensor(0.1814), tensor(0.3227), tensor(0.1911), tensor(0.1584), tensor(0.1299), tensor(0.1758)]



!!!!!!!!!!!!! Evaluating Question 149 !!!!!!!!!!!!!
##### Intended Docstring #####
Write a function that accepts a list of strings as a parameter,
deletes the strings that have odd lengths from it,
and returns the resulted list with a sorted order,
The list is always a list of strings and never an array of numbers,
and it may contain duplicates.
The order of the list should be ascending by length of each word, and you
should return the list sorted by that rule.
If two words have the same length, sort the list alphabetically.
The function should return a list of strings in sorted order.
You may assume that all words will have the same length.
For example:
assert list_sort(["aa", "a", "aaa"]) => ["aa"]
assert list_sort(["ab", "a", "aaa", "cd"]) => ["ab", "cd"]

##### Global Docstring Example #####
The program `sort_list` takes a list `lst` as input and returns a sorted list of the elements in `lst`, sorted in descending order based on the length of each element. The `key` parameter is used to specify the function to be applied to each element before sorting. In this case, the `key` parameter is set to `len`, which returns the length of each element. The `sorted` function is used to perform the sorting.
POSITIVE
[tensor(0.1335), tensor(0.2221), tensor(0.0618), tensor(0.1987), tensor(0.1987), tensor(0.2166), tensor(0.1963), tensor(0.4672), tensor(0.1987), tensor(0.1842)]



!!!!!!!!!!!!! Evaluating Question 150 !!!!!!!!!!!!!
##### Intended Docstring #####
A simple program which should return the value of x if n is 
a prime number and should return the value of y otherwise.

Examples:
for x_or_y(7, 34, 12) == 34
for x_or_y(15, 8, 5) == 5


##### Global Docstring Example #####
The program takes an integer `n` as input and returns either the value of `x` or `y` based on whether `n` is even (i.e., `n % 2 == 0`). If `n` is even, the program returns `y`, otherwise it returns `x`.
POSITIVE
[tensor(0.0905), tensor(0.0861), tensor(0.0861), tensor(0.1318), tensor(0.1006), tensor(0.0861), tensor(0.1239), tensor(0.4365), tensor(0.0905), tensor(0.0861)]



!!!!!!!!!!!!! Evaluating Question 151 !!!!!!!!!!!!!
##### Intended Docstring #####

Given a list of numbers, return the sum of squares of the numbers
in the list that are odd. Ignore numbers that are negative or not integers.

double_the_difference([1, 3, 2, 0]) == 1 + 9 + 0 + 0 = 10
double_the_difference([-1, -2, 0]) == 0
double_the_difference([9, -2]) == 81
double_the_difference([0]) == 0  
   
If the input list is empty, return 0.

##### Global Docstring Example #####
This program calculates the sum of the squares of all odd positive integers in a list. It iterates through each integer in the list, checks if it is odd and positive, and adds its square to a running total if it meets these criteria. The final sum is then returned.
POSITIVE
[tensor(0.4742), tensor(0.1101), tensor(0.2468), tensor(0.3831), tensor(0.4434), tensor(0.4977), tensor(0.2752), tensor(0.0998), tensor(0.0778), tensor(0.4859)]



!!!!!!!!!!!!! Evaluating Question 152 !!!!!!!!!!!!!
##### Intended Docstring #####
I think we all remember that feeling when the result of some long-awaited
event is finally known. The feelings and thoughts you have at that moment are
definitely worth noting down and comparing.
Your task is to determine if a person correctly guessed the results of a number of matches.
You are given two arrays of scores and guesses of equal length, where each index shows a match. 
Return an array of the same length denoting how far off each guess was. If they have guessed correctly,
the value is 0, and if not, the value is the absolute difference between the guess and the score.


example:

compare([1,2,3,4,5,1],[1,2,3,4,2,-2]) -> [0,0,0,0,3,3]
compare([0,5,0,0,0,4],[4,1,1,0,0,-2]) -> [4,4,1,0,0,6]

##### Global Docstring Example #####
The program "pass" is a simple script that serves as a placeholder or a "no-op" operation in Python. It does not perform any actual task or operation, but it can be used as a placeholder in certain situations, such as when a function or block of code is required but no action needs to be taken. The program is intended to be a harmless and inconsequential operation that does not affect the program's overall behavior or output.
POSITIVE
[tensor(0.1201), tensor(0.0524), tensor(0.4263), tensor(0.4549), tensor(0.0785), tensor(0.3448), tensor(0.2651), tensor(0.3670), tensor(0.3995), tensor(0.2651)]
Correct!



!!!!!!!!!!!!! Evaluating Question 153 !!!!!!!!!!!!!
##### Intended Docstring #####
You will be given the name of a class (a string) and a list of extensions.
The extensions are to be used to load additional classes to the class. The
strength of the extension is as follows: Let CAP be the number of the uppercase
letters in the extension's name, and let SM be the number of lowercase letters 
in the extension's name, the strength is given by the fraction CAP - SM. 
You should find the strongest extension and return a string in this 
format: ClassName.StrongestExtensionName.
If there are two or more extensions with the same strength, you should
choose the one that comes first in the list.
For example, if you are given "Slices" as the class and a list of the
extensions: ['SErviNGSliCes', 'Cheese', 'StuFfed'] then you should
return 'Slices.SErviNGSliCes' since 'SErviNGSliCes' is the strongest extension 
(its strength is -1).
Example:
for Strongest_Extension('my_class', ['AA', 'Be', 'CC']) == 'my_class.AA'

##### Global Docstring Example #####
The program is a documentation assistant that summarizes programs. It takes in a program's source code and generates a concise and precise summary of its intent. The summary is meant to provide a high-level overview of the program's functionality, without going into the low-level details of its implementation.
POSITIVE
[tensor(0.2859), tensor(0.4042), tensor(0.3390), tensor(0.4502), tensor(0.3285), tensor(0.3013), tensor(0.3855), tensor(0.3711), tensor(0.1392), tensor(0.2516)]



!!!!!!!!!!!!! Evaluating Question 154 !!!!!!!!!!!!!
##### Intended Docstring #####
You are given 2 words. You need to return True if the second word or any of its rotations is a substring in the first word
cycpattern_check("abcd","abd") => False
cycpattern_check("hello","ell") => True
cycpattern_check("whassup","psus") => False
cycpattern_check("abab","baa") => True
cycpattern_check("efef","eeff") => False
cycpattern_check("himenss","simen") => True


##### Global Docstring Example #####
The program is a string comparison function that takes two input strings, converts them to lowercase, and compares them for equality. If the length of the first string is less than the length of the second string, the function returns False. If the lengths of the two strings are equal, the function checks if either string is a substring of the other. If a substring match is found, the function returns True. If no match is found, the function returns False.
POSITIVE
[tensor(0.2082), tensor(0.2480), tensor(0.0288), tensor(0.1065), tensor(0.0872), tensor(0.1065), tensor(0.2480), tensor(0.2480), tensor(0.0804), tensor(0.0236)]



!!!!!!!!!!!!! Evaluating Question 155 !!!!!!!!!!!!!
##### Intended Docstring #####
Given an integer. return a tuple that has the number of even and odd digits respectively.

 Example:
even_odd_count(-12) ==> (1, 1)
even_odd_count(123) ==> (1, 2)

##### Global Docstring Example #####
The program is a documentation assistant that summarizes programs. It takes in a program's source code and generates a concise and precise summary of its intent. The summary is meant to provide a high-level overview of the program's functionality, without going into the low-level details of its implementation.
POSITIVE
[tensor(0.2330), tensor(0.5759), tensor(0.5452), tensor(0.5875), tensor(0.0944), tensor(0.0158), tensor(0.5414), tensor(0.2330), tensor(0.0813), tensor(0.0480)]



!!!!!!!!!!!!! Evaluating Question 156 !!!!!!!!!!!!!
##### Intended Docstring #####

Given a positive integer, obtain its roman numeral equivalent as a string,
and return it in lowercase.
Restrictions: 1 <= num <= 1000

Examples:
>>> int_to_mini_roman(19) == 'xix'
>>> int_to_mini_roman(152) == 'clii'
>>> int_to_mini_roman(426) == 'cdxxvi'

##### Global Docstring Example #####
The program takes an integer `number` as input and returns a string representation of the Roman numeral equivalent of the input number. The program checks if the input number is between 1 and 1000, and if it is, it iterates through a list of Roman numeral characters and appends them to a string `result`. If the input number is not between 1 and 1000, the program raises a `ValueError`.
POSITIVE
[tensor(0.4985), tensor(0.2062), tensor(0.4558), tensor(0.4136), tensor(0.0773), tensor(0.5376), tensor(0.4869), tensor(0.2901), tensor(0.4442), tensor(0.3545)]



!!!!!!!!!!!!! Evaluating Question 157 !!!!!!!!!!!!!
##### Intended Docstring #####

Given the lengths of the three sides of a triangle. Return True if the three
sides form a right-angled triangle, False otherwise.
A right-angled triangle is a triangle in which one angle is right angle or 
90 degree.
Example:
right_angle_triangle(3, 4, 5) == True
right_angle_triangle(1, 2, 3) == False

##### Global Docstring Example #####
The program checks if the sum of the squares of two numbers (a and b) is equal to the square of a third number (c). It returns True if the condition is met and False otherwise.
POSITIVE
[tensor(0.1576), tensor(0.2219), tensor(0.0882), tensor(0.0660), tensor(0.1576), tensor(0.1576), tensor(0.2224), tensor(0.2343), tensor(0.2219), tensor(0.2224)]



!!!!!!!!!!!!! Evaluating Question 158 !!!!!!!!!!!!!
##### Intended Docstring #####
Write a function that accepts a list of strings.
The list contains different words. Return the word with maximum number
of unique characters. If multiple strings have maximum number of unique
characters, return the one which comes first in lexicographical order.

find_max(["name", "of", "string"]) == "string"
find_max(["name", "enam", "game"]) == "enam"
find_max(["aaaaaaa", "bb" ,"cc"]) == ""aaaaaaa"

##### Global Docstring Example #####
The program is a documentation assistant that summarizes programs. It takes in a program's source code and generates a concise and precise summary of its intent. The summary is meant to provide a high-level overview of the program's functionality, without going into the low-level details of its implementation.
POSITIVE
[tensor(0.2579), tensor(0.2579), tensor(0.4167), tensor(0.4167), tensor(0.1523), tensor(0.3125), tensor(0.4471), tensor(0.1298), tensor(0.4015), tensor(0.3907)]



!!!!!!!!!!!!! Evaluating Question 159 !!!!!!!!!!!!!
##### Intended Docstring #####

You're a hungry rabbit, and you already have eaten a certain number of carrots,
but now you need to eat more carrots to complete the day's meals.
you should return an array of [ total number of eaten carrots after your meals,
the number of carrots left after your meals ]
if there are not enough remaining carrots, you will eat all remaining carrots, but will still be hungry.

Example:
* eat(5, 6, 10) -> [11, 4]
* eat(4, 8, 9) -> [12, 1]
* eat(1, 10, 10) -> [11, 0]
* eat(2, 11, 5) -> [7, 0]

Variables:
@number : integer
the number of carrots that you have eaten.
@need : integer
the number of carrots that you need to eat.
@remaining : integer
the number of remaining carrots thet exist in stock

Constrain:
* 0 <= number <= 1000
* 0 <= need <= 1000
* 0 <= remaining <= 1000

Have fun :)

##### Global Docstring Example #####
The program is a documentation assistant that summarizes programs. It takes in a program's source code and generates a concise and precise summary of its intent. The summary is meant to provide a high-level overview of the program's functionality, without going into the low-level details of its implementation.
POSITIVE
[tensor(0.1409), tensor(0.3612), tensor(0.4363), tensor(0.1409), tensor(0.2219), tensor(0.1409), tensor(0.4361), tensor(0.4439), tensor(0.4476), tensor(0.1409)]



!!!!!!!!!!!!! Evaluating Question 160 !!!!!!!!!!!!!
##### Intended Docstring #####

Given two lists operator, and operand. The first list has basic algebra operations, and 
the second list is a list of integers. Use the two given lists to build the algebric 
expression and return the evaluation of this expression.

The basic algebra operations:
Addition ( + ) 
Subtraction ( - ) 
Multiplication ( * ) 
Floor division ( // ) 
Exponentiation ( ** ) 

Example:
operator['+', '*', '-']
array = [2, 3, 4, 5]
result = 2 + 3 * 4 - 5
=> result = 9

Note:
The length of operator list is equal to the length of operand list minus one.
Operand is a list of of non-negative integers.
Operator list has at least one operator, and operand list has at least two operands.


##### Global Docstring Example #####
This program is a simple calculator that performs basic arithmetic operations on a list of operands and operators. It iterates through each element in the operator list and performs the corresponding operation on the corresponding operand. The result is accumulated in the variable "result" and returned at the end of the loop. The supported operators are '+', '-', '*', '/', and '**'.
POSITIVE
[tensor(0.3621), tensor(0.2445), tensor(0.2013), tensor(0.3621), tensor(0.3621), tensor(0.2416), tensor(0.3338), tensor(0.1939), tensor(0.3840), tensor(0.3100)]



!!!!!!!!!!!!! Evaluating Question 161 !!!!!!!!!!!!!
##### Intended Docstring #####
You are given a string s.
if s[i] is a letter, reverse its case from lower to upper or vise versa, 
otherwise keep it as it is.
If the string contains no letters, reverse the string.
The function should return the resulted string.
Examples
solve("1234") = "4321"
solve("ab") = "AB"
solve("#a@C") = "#A@c"

##### Global Docstring Example #####
This program is a simple string transformer that converts all uppercase letters to lowercase and all lowercase letters to uppercase in a given string. It does this by iterating through each character in the string and checking if it is an alphabetic character. If it is, it checks if it is uppercase or lowercase and adds the appropriate version of the character to the result string. If the character is not alphabetic, it is simply added to the result string as is.
POSITIVE
[tensor(0.3507), tensor(0.3298), tensor(0.3690), tensor(0.2588), tensor(0.3130), tensor(0.2868), tensor(0.1437), tensor(0.3130), tensor(0.3030), tensor(0.2588)]



!!!!!!!!!!!!! Evaluating Question 162 !!!!!!!!!!!!!
##### Intended Docstring #####

Given a string 'text', return its md5 hash equivalent string.
If 'text' is an empty string, return None.

>>> string_to_md5('Hello world') == '3e25960a79dbc69b674cd4ec67a72c62'

##### Global Docstring Example #####
This program takes in a string of text as input and returns its hash value using the MD5 algorithm. If the input text is not provided, the program returns None. The hash value is returned in hexadecimal format.
POSITIVE
[tensor(0.5981), tensor(0.5333), tensor(0.5565), tensor(0.4667), tensor(0.4667), tensor(0.4591), tensor(0.4667), tensor(0.5411), tensor(0.5981), tensor(0.5565)]



!!!!!!!!!!!!! Evaluating Question 163 !!!!!!!!!!!!!
##### Intended Docstring #####

Given two positive integers a and b, return the even digits between a
and b, in ascending order.

For example:
generate_integers(2, 8) => [2, 4, 6, 8]
generate_integers(8, 2) => [2, 4, 6, 8]
generate_integers(10, 14) => []

##### Global Docstring Example #####
The program takes two integer arguments, a and b, and returns a list of all even numbers between a and b (inclusive) that are divisible by 2. The list is generated using a list comprehension that iterates over the range of numbers from a to b (inclusive) with a step of 2, and checks if each number is even by using the modulo operator (%).
POSITIVE
[tensor(0.1770), tensor(0.2469), tensor(0.2773), tensor(0.2469), tensor(0.1095), tensor(0.0337), tensor(0.2796), tensor(0.2469), tensor(0.2469), tensor(0.1435)]
Total Pass: 0.1402439024390244
